<?xml version="1.0"?>
<link_info>
   <banner>TI ARM Linker PC v16.9.6.LTS</banner>
   <copyright>Copyright (c) 1996-2017 Texas Instruments Incorporated</copyright>
   <link_time>0x5a8c6927</link_time>
   <link_errors>0x0</link_errors>
   <output_file>CEC322_Hostetter_Link_Lab05.out</output_file>
   <entry_point>
      <name>_c_int00</name>
      <address>0x1389</address>
   </entry_point>
   <input_file_list>
      <input_file id="fl-2">
         <path>.\</path>
         <kind>object</kind>
         <file>Lab5_Interrupts.obj</file>
         <name>Lab5_Interrupts.obj</name>
      </input_file>
      <input_file id="fl-4">
         <path>.\drivers\</path>
         <kind>object</kind>
         <file>buttons.obj</file>
         <name>buttons.obj</name>
      </input_file>
      <input_file id="fl-5">
         <path>.\drivers\</path>
         <kind>object</kind>
         <file>cfal96x64x16.obj</file>
         <name>cfal96x64x16.obj</name>
      </input_file>
      <input_file id="fl-c2">
         <path>C:\ti\ccsv7\tools\compiler\ti-cgt-arm_16.9.6.LTS\lib\</path>
         <kind>archive</kind>
         <file>rtsv7M4_T_le_v4SPD16_eabi.lib</file>
         <name>copy_decompress_lzss.obj</name>
      </input_file>
      <input_file id="fl-c3">
         <path>C:\ti\ccsv7\tools\compiler\ti-cgt-arm_16.9.6.LTS\lib\</path>
         <kind>archive</kind>
         <file>rtsv7M4_T_le_v4SPD16_eabi.lib</file>
         <name>copy_decompress_none.obj</name>
      </input_file>
      <input_file id="fl-c4">
         <path>C:\ti\ccsv7\tools\compiler\ti-cgt-arm_16.9.6.LTS\lib\</path>
         <kind>archive</kind>
         <file>rtsv7M4_T_le_v4SPD16_eabi.lib</file>
         <name>copy_zero_init.obj</name>
      </input_file>
      <input_file id="fl-c8">
         <path>C:\ti\ccsv7\tools\compiler\ti-cgt-arm_16.9.6.LTS\lib\</path>
         <kind>archive</kind>
         <file>rtsv7M4_T_le_v4SPD16_eabi.lib</file>
         <name>mpu_init.obj</name>
      </input_file>
      <input_file id="fl-c9">
         <path>C:\ti\ccsv7\tools\compiler\ti-cgt-arm_16.9.6.LTS\lib\</path>
         <kind>archive</kind>
         <file>rtsv7M4_T_le_v4SPD16_eabi.lib</file>
         <name>pre_init.obj</name>
      </input_file>
      <input_file id="fl-ca">
         <path>C:\ti\ccsv7\tools\compiler\ti-cgt-arm_16.9.6.LTS\lib\</path>
         <kind>archive</kind>
         <file>rtsv7M4_T_le_v4SPD16_eabi.lib</file>
         <name>sprintf.obj</name>
      </input_file>
      <input_file id="fl-cb">
         <path>C:\ti\ccsv7\tools\compiler\ti-cgt-arm_16.9.6.LTS\lib\</path>
         <kind>archive</kind>
         <file>rtsv7M4_T_le_v4SPD16_eabi.lib</file>
         <name>stkdepth_vars.obj</name>
      </input_file>
      <input_file id="fl-cc">
         <path>C:\ti\ccsv7\tools\compiler\ti-cgt-arm_16.9.6.LTS\lib\</path>
         <kind>archive</kind>
         <file>rtsv7M4_T_le_v4SPD16_eabi.lib</file>
         <name>strlen.obj</name>
      </input_file>
      <input_file id="fl-cd">
         <path>C:\ti\ccsv7\tools\compiler\ti-cgt-arm_16.9.6.LTS\lib\</path>
         <kind>archive</kind>
         <file>rtsv7M4_T_le_v4SPD16_eabi.lib</file>
         <name>_lock.obj</name>
      </input_file>
      <input_file id="fl-ce">
         <path>C:\ti\ccsv7\tools\compiler\ti-cgt-arm_16.9.6.LTS\lib\</path>
         <kind>archive</kind>
         <file>rtsv7M4_T_le_v4SPD16_eabi.lib</file>
         <name>_printfi.obj</name>
      </input_file>
      <input_file id="fl-d0">
         <path>C:\ti\ccsv7\tools\compiler\ti-cgt-arm_16.9.6.LTS\lib\</path>
         <kind>archive</kind>
         <file>rtsv7M4_T_le_v4SPD16_eabi.lib</file>
         <name>atoi.obj</name>
      </input_file>
      <input_file id="fl-d2">
         <path>C:\ti\ccsv7\tools\compiler\ti-cgt-arm_16.9.6.LTS\lib\</path>
         <kind>archive</kind>
         <file>rtsv7M4_T_le_v4SPD16_eabi.lib</file>
         <name>cpy_tbl.obj</name>
      </input_file>
      <input_file id="fl-d3">
         <path>C:\ti\ccsv7\tools\compiler\ti-cgt-arm_16.9.6.LTS\lib\</path>
         <kind>archive</kind>
         <file>rtsv7M4_T_le_v4SPD16_eabi.lib</file>
         <name>ctype.obj</name>
      </input_file>
      <input_file id="fl-da">
         <path>C:\ti\ccsv7\tools\compiler\ti-cgt-arm_16.9.6.LTS\lib\</path>
         <kind>archive</kind>
         <file>rtsv7M4_T_le_v4SPD16_eabi.lib</file>
         <name>ltoa.obj</name>
      </input_file>
      <input_file id="fl-db">
         <path>C:\ti\ccsv7\tools\compiler\ti-cgt-arm_16.9.6.LTS\lib\</path>
         <kind>archive</kind>
         <file>rtsv7M4_T_le_v4SPD16_eabi.lib</file>
         <name>memccpy.obj</name>
      </input_file>
      <input_file id="fl-dc">
         <path>C:\ti\ccsv7\tools\compiler\ti-cgt-arm_16.9.6.LTS\lib\</path>
         <kind>archive</kind>
         <file>rtsv7M4_T_le_v4SPD16_eabi.lib</file>
         <name>s_frexp.obj</name>
      </input_file>
      <input_file id="fl-dd">
         <path>C:\ti\ccsv7\tools\compiler\ti-cgt-arm_16.9.6.LTS\lib\</path>
         <kind>archive</kind>
         <file>rtsv7M4_T_le_v4SPD16_eabi.lib</file>
         <name>s_scalbn.obj</name>
      </input_file>
      <input_file id="fl-de">
         <path>C:\ti\ccsv7\tools\compiler\ti-cgt-arm_16.9.6.LTS\lib\</path>
         <kind>archive</kind>
         <file>rtsv7M4_T_le_v4SPD16_eabi.lib</file>
         <name>startup.obj</name>
      </input_file>
      <input_file id="fl-df">
         <path>C:\ti\ccsv7\tools\compiler\ti-cgt-arm_16.9.6.LTS\lib\</path>
         <kind>archive</kind>
         <file>rtsv7M4_T_le_v4SPD16_eabi.lib</file>
         <name>strchr.obj</name>
      </input_file>
      <input_file id="fl-e1">
         <path>C:\ti\ccsv7\tools\compiler\ti-cgt-arm_16.9.6.LTS\lib\</path>
         <kind>archive</kind>
         <file>rtsv7M4_T_le_v4SPD16_eabi.lib</file>
         <name>errno.obj</name>
      </input_file>
      <input_file id="fl-e2">
         <path>C:\ti\ccsv7\tools\compiler\ti-cgt-arm_16.9.6.LTS\lib\</path>
         <kind>archive</kind>
         <file>rtsv7M4_T_le_v4SPD16_eabi.lib</file>
         <name>s_copysign.obj</name>
      </input_file>
      <input_file id="fl-f1">
         <path>C:\Users\Sean\AppData\Local\Temp\</path>
         <kind>object</kind>
         <file>{32B7FD71-5924-4914-A408-4E38FCA9ADAE}</file>
         <name>{32B7FD71-5924-4914-A408-4E38FCA9ADAE}</name>
      </input_file>
      <input_file id="fl-3">
         <path>.\</path>
         <kind>object</kind>
         <file>startup_ccs.obj</file>
         <name>startup_ccs.obj</name>
      </input_file>
      <input_file id="fl-b">
         <kind>object</kind>
         <file>&lt;internal&gt;</file>
         <name>&lt;internal&gt;</name>
      </input_file>
      <input_file id="fl-c1">
         <path>C:\ti\ccsv7\tools\compiler\ti-cgt-arm_16.9.6.LTS\lib\</path>
         <kind>archive</kind>
         <file>rtsv7M4_T_le_v4SPD16_eabi.lib</file>
         <name>boot.obj</name>
      </input_file>
      <input_file id="fl-c5">
         <path>C:\ti\ccsv7\tools\compiler\ti-cgt-arm_16.9.6.LTS\lib\</path>
         <kind>archive</kind>
         <file>rtsv7M4_T_le_v4SPD16_eabi.lib</file>
         <name>exit.obj</name>
      </input_file>
      <input_file id="fl-c6">
         <path>C:\ti\ccsv7\tools\compiler\ti-cgt-arm_16.9.6.LTS\lib\</path>
         <kind>archive</kind>
         <file>rtsv7M4_T_le_v4SPD16_eabi.lib</file>
         <name>memcpy_t2.obj</name>
      </input_file>
      <input_file id="fl-c7">
         <path>C:\ti\ccsv7\tools\compiler\ti-cgt-arm_16.9.6.LTS\lib\</path>
         <kind>archive</kind>
         <file>rtsv7M4_T_le_v4SPD16_eabi.lib</file>
         <name>memset_t2.obj</name>
      </input_file>
      <input_file id="fl-cf">
         <path>C:\ti\ccsv7\tools\compiler\ti-cgt-arm_16.9.6.LTS\lib\</path>
         <kind>archive</kind>
         <file>rtsv7M4_T_le_v4SPD16_eabi.lib</file>
         <name>args_main.obj</name>
      </input_file>
      <input_file id="fl-d1">
         <path>C:\ti\ccsv7\tools\compiler\ti-cgt-arm_16.9.6.LTS\lib\</path>
         <kind>archive</kind>
         <file>rtsv7M4_T_le_v4SPD16_eabi.lib</file>
         <name>autoinit.obj</name>
      </input_file>
      <input_file id="fl-d4">
         <path>C:\ti\ccsv7\tools\compiler\ti-cgt-arm_16.9.6.LTS\lib\</path>
         <kind>archive</kind>
         <file>rtsv7M4_T_le_v4SPD16_eabi.lib</file>
         <name>fd_add_t2.obj</name>
      </input_file>
      <input_file id="fl-d5">
         <path>C:\ti\ccsv7\tools\compiler\ti-cgt-arm_16.9.6.LTS\lib\</path>
         <kind>archive</kind>
         <file>rtsv7M4_T_le_v4SPD16_eabi.lib</file>
         <name>fd_cmp_t2.obj</name>
      </input_file>
      <input_file id="fl-d6">
         <path>C:\ti\ccsv7\tools\compiler\ti-cgt-arm_16.9.6.LTS\lib\</path>
         <kind>archive</kind>
         <file>rtsv7M4_T_le_v4SPD16_eabi.lib</file>
         <name>fd_div_t2.obj</name>
      </input_file>
      <input_file id="fl-d7">
         <path>C:\ti\ccsv7\tools\compiler\ti-cgt-arm_16.9.6.LTS\lib\</path>
         <kind>archive</kind>
         <file>rtsv7M4_T_le_v4SPD16_eabi.lib</file>
         <name>fd_mul_t2.obj</name>
      </input_file>
      <input_file id="fl-d8">
         <path>C:\ti\ccsv7\tools\compiler\ti-cgt-arm_16.9.6.LTS\lib\</path>
         <kind>archive</kind>
         <file>rtsv7M4_T_le_v4SPD16_eabi.lib</file>
         <name>fd_toi_t2.obj</name>
      </input_file>
      <input_file id="fl-d9">
         <path>C:\ti\ccsv7\tools\compiler\ti-cgt-arm_16.9.6.LTS\lib\</path>
         <kind>archive</kind>
         <file>rtsv7M4_T_le_v4SPD16_eabi.lib</file>
         <name>i_tofd_t2.obj</name>
      </input_file>
      <input_file id="fl-e0">
         <path>C:\ti\ccsv7\tools\compiler\ti-cgt-arm_16.9.6.LTS\lib\</path>
         <kind>archive</kind>
         <file>rtsv7M4_T_le_v4SPD16_eabi.lib</file>
         <name>ull_div_t2.obj</name>
      </input_file>
      <input_file id="fl-e3">
         <path>C:\ti\TivaWare_C_Series-2.1.3.156\driverlib\ccs\Debug\</path>
         <kind>archive</kind>
         <file>driverlib.lib</file>
         <name>adc.obj</name>
      </input_file>
      <input_file id="fl-e4">
         <path>C:\ti\TivaWare_C_Series-2.1.3.156\driverlib\ccs\Debug\</path>
         <kind>archive</kind>
         <file>driverlib.lib</file>
         <name>fpu.obj</name>
      </input_file>
      <input_file id="fl-e5">
         <path>C:\ti\TivaWare_C_Series-2.1.3.156\driverlib\ccs\Debug\</path>
         <kind>archive</kind>
         <file>driverlib.lib</file>
         <name>gpio.obj</name>
      </input_file>
      <input_file id="fl-e6">
         <path>C:\ti\TivaWare_C_Series-2.1.3.156\driverlib\ccs\Debug\</path>
         <kind>archive</kind>
         <file>driverlib.lib</file>
         <name>interrupt.obj</name>
      </input_file>
      <input_file id="fl-e7">
         <path>C:\ti\TivaWare_C_Series-2.1.3.156\driverlib\ccs\Debug\</path>
         <kind>archive</kind>
         <file>driverlib.lib</file>
         <name>sysctl.obj</name>
      </input_file>
      <input_file id="fl-e8">
         <path>C:\ti\TivaWare_C_Series-2.1.3.156\driverlib\ccs\Debug\</path>
         <kind>archive</kind>
         <file>driverlib.lib</file>
         <name>timer.obj</name>
      </input_file>
      <input_file id="fl-e9">
         <path>C:\ti\TivaWare_C_Series-2.1.3.156\driverlib\ccs\Debug\</path>
         <kind>archive</kind>
         <file>driverlib.lib</file>
         <name>uart.obj</name>
      </input_file>
      <input_file id="fl-ea">
         <path>C:\ti\TivaWare_C_Series-2.1.3.156\driverlib\ccs\Debug\</path>
         <kind>archive</kind>
         <file>driverlib.lib</file>
         <name>cpu.obj</name>
      </input_file>
      <input_file id="fl-eb">
         <path>C:\ti\TivaWare_C_Series-2.1.3.156\grlib\ccs\Debug\</path>
         <kind>archive</kind>
         <file>grlib.lib</file>
         <name>context.obj</name>
      </input_file>
      <input_file id="fl-ec">
         <path>C:\ti\TivaWare_C_Series-2.1.3.156\grlib\ccs\Debug\</path>
         <kind>archive</kind>
         <file>grlib.lib</file>
         <name>rectangle.obj</name>
      </input_file>
      <input_file id="fl-ed">
         <path>C:\ti\TivaWare_C_Series-2.1.3.156\grlib\ccs\Debug\</path>
         <kind>archive</kind>
         <file>grlib.lib</file>
         <name>string.obj</name>
      </input_file>
      <input_file id="fl-ee">
         <path>C:\ti\TivaWare_C_Series-2.1.3.156\grlib\ccs\Debug\</path>
         <kind>archive</kind>
         <file>grlib.lib</file>
         <name>fontfixed6x8.obj</name>
      </input_file>
      <input_file id="fl-ef">
         <path>C:\ti\TivaWare_C_Series-2.1.3.156\grlib\ccs\Debug\</path>
         <kind>archive</kind>
         <file>grlib.lib</file>
         <name>charmap.obj</name>
      </input_file>
      <input_file id="fl-f0">
         <path>C:\ti\TivaWare_C_Series-2.1.3.156\grlib\ccs\Debug\</path>
         <kind>archive</kind>
         <file>grlib.lib</file>
         <name>line.obj</name>
      </input_file>
   </input_file_list>
   <object_component_list>
      <object_component id="oc-f">
         <name>.intvecs</name>
         <load_address>0x0</load_address>
         <run_address>0x0</run_address>
         <size>0x26c</size>
         <input_file_ref idref="fl-3"/>
      </object_component>
      <object_component id="oc-c3">
         <name>.text:main</name>
         <load_address>0x26c</load_address>
         <run_address>0x26c</run_address>
         <size>0x448</size>
         <input_file_ref idref="fl-2"/>
      </object_component>
      <object_component id="oc-255">
         <name>.text:GrFontGlyphRender</name>
         <load_address>0x6b4</load_address>
         <run_address>0x6b4</run_address>
         <size>0x254</size>
         <input_file_ref idref="fl-ed"/>
      </object_component>
      <object_component id="oc-211">
         <name>.text:CFAL96x64x16PixelDrawMultiple$2</name>
         <load_address>0x908</load_address>
         <run_address>0x908</run_address>
         <size>0x13a</size>
         <input_file_ref idref="fl-5"/>
      </object_component>
      <object_component id="oc-120">
         <name>.text:GPIOPadConfigSet</name>
         <load_address>0xa42</load_address>
         <run_address>0xa42</run_address>
         <size>0x132</size>
         <input_file_ref idref="fl-e5"/>
      </object_component>
      <object_component id="oc-12c">
         <name>.text:SysCtlClockGet</name>
         <load_address>0xb74</load_address>
         <run_address>0xb74</run_address>
         <size>0x110</size>
         <input_file_ref idref="fl-e7"/>
      </object_component>
      <object_component id="oc-ea">
         <name>.text:SysCtlClockSet</name>
         <load_address>0xc84</load_address>
         <run_address>0xc84</run_address>
         <size>0xf4</size>
         <input_file_ref idref="fl-e7"/>
      </object_component>
      <object_component id="oc-1a4">
         <name>.text:GrDefaultStringRenderer</name>
         <load_address>0xd78</load_address>
         <run_address>0xd78</run_address>
         <size>0xc0</size>
         <input_file_ref idref="fl-ed"/>
      </object_component>
      <object_component id="oc-14a">
         <name>.text:diplaySplashOnOLED</name>
         <load_address>0xe38</load_address>
         <run_address>0xe38</run_address>
         <size>0xb4</size>
         <input_file_ref idref="fl-2"/>
      </object_component>
      <object_component id="oc-56">
         <name>.text</name>
         <load_address>0xeec</load_address>
         <run_address>0xeec</run_address>
         <size>0x9c</size>
         <input_file_ref idref="fl-c6"/>
      </object_component>
      <object_component id="oc-217">
         <name>.text:CFAL96x64x16LineDrawV$2</name>
         <load_address>0xf88</load_address>
         <run_address>0xf88</run_address>
         <size>0x8e</size>
         <input_file_ref idref="fl-5"/>
      </object_component>
      <object_component id="oc-1dc">
         <name>.text:GrRectFill</name>
         <load_address>0x1016</load_address>
         <run_address>0x1016</run_address>
         <size>0x86</size>
         <input_file_ref idref="fl-ec"/>
      </object_component>
      <object_component id="oc-5e">
         <name>.text</name>
         <load_address>0x109c</load_address>
         <run_address>0x109c</run_address>
         <size>0x7a</size>
         <input_file_ref idref="fl-c7"/>
      </object_component>
      <object_component id="oc-223">
         <name>.text:CFAL96x64x16Flush$2</name>
         <load_address>0x1116</load_address>
         <run_address>0x1116</run_address>
         <size>0x2</size>
         <input_file_ref idref="fl-5"/>
      </object_component>
      <object_component id="oc-70">
         <name>.text</name>
         <load_address>0x1118</load_address>
         <run_address>0x1118</run_address>
         <size>0x70</size>
         <input_file_ref idref="fl-d1"/>
      </object_component>
      <object_component id="oc-196">
         <name>.text:CFAL96x64x16LineDrawH$2</name>
         <load_address>0x1188</load_address>
         <run_address>0x1188</run_address>
         <size>0x6c</size>
         <input_file_ref idref="fl-5"/>
      </object_component>
      <object_component id="oc-102">
         <name>.text:GrContextInit</name>
         <load_address>0x11f4</load_address>
         <run_address>0x11f4</run_address>
         <size>0x68</size>
         <input_file_ref idref="fl-eb"/>
      </object_component>
      <object_component id="oc-1e2">
         <name>.text:GrStringWidthGet</name>
         <load_address>0x125c</load_address>
         <run_address>0x125c</run_address>
         <size>0x68</size>
         <input_file_ref idref="fl-ed"/>
      </object_component>
      <object_component id="oc-12">
         <name>.text:decompress:lzss</name>
         <load_address>0x12c4</load_address>
         <run_address>0x12c4</run_address>
         <size>0x68</size>
         <input_file_ref idref="fl-c2"/>
      </object_component>
      <object_component id="oc-28e">
         <name>.text:FontWideGlyphDataGet</name>
         <load_address>0x132c</load_address>
         <run_address>0x132c</run_address>
         <size>0x5a</size>
         <input_file_ref idref="fl-ed"/>
      </object_component>
      <object_component id="oc-37">
         <name>.text:FaultISR</name>
         <load_address>0x1386</load_address>
         <run_address>0x1386</run_address>
         <size>0x2</size>
         <input_file_ref idref="fl-3"/>
      </object_component>
      <object_component id="oc-24">
         <name>.text</name>
         <load_address>0x1388</load_address>
         <run_address>0x1388</run_address>
         <size>0x54</size>
         <input_file_ref idref="fl-c1"/>
      </object_component>
      <object_component id="oc-7c">
         <name>.text</name>
         <load_address>0x13dc</load_address>
         <run_address>0x13dc</run_address>
         <size>0x54</size>
         <input_file_ref idref="fl-c5"/>
      </object_component>
      <object_component id="oc-f0">
         <name>.text:CFAL96x64x16WriteCommand$2</name>
         <load_address>0x1430</load_address>
         <run_address>0x1430</run_address>
         <size>0x50</size>
         <input_file_ref idref="fl-5"/>
      </object_component>
      <object_component id="oc-23b">
         <name>.text:CFAL96x64x16WriteData$2</name>
         <load_address>0x1480</load_address>
         <run_address>0x1480</run_address>
         <size>0x50</size>
         <input_file_ref idref="fl-5"/>
      </object_component>
      <object_component id="oc-b5">
         <name>.text</name>
         <load_address>0x14d0</load_address>
         <run_address>0x14d0</run_address>
         <size>0x4c</size>
         <input_file_ref idref="fl-d2"/>
      </object_component>
      <object_component id="oc-1b1">
         <name>.text:UpdateContextCharMapping</name>
         <load_address>0x151c</load_address>
         <run_address>0x151c</run_address>
         <size>0x4a</size>
         <input_file_ref idref="fl-ed"/>
      </object_component>
      <object_component id="oc-132">
         <name>.text:UARTConfigSetExpClk</name>
         <load_address>0x1566</load_address>
         <run_address>0x1566</run_address>
         <size>0x46</size>
         <input_file_ref idref="fl-e9"/>
      </object_component>
      <object_component id="oc-294">
         <name>.text:FontGlyphDataGet</name>
         <load_address>0x15ac</load_address>
         <run_address>0x15ac</run_address>
         <size>0x3a</size>
         <input_file_ref idref="fl-ed"/>
      </object_component>
      <object_component id="oc-3d">
         <name>.text:IntDefaultHandler</name>
         <load_address>0x15e6</load_address>
         <run_address>0x15e6</run_address>
         <size>0x2</size>
         <input_file_ref idref="fl-3"/>
      </object_component>
      <object_component id="oc-114">
         <name>.text:SysCtlPeripheralReady</name>
         <load_address>0x15e8</load_address>
         <run_address>0x15e8</run_address>
         <size>0x38</size>
         <input_file_ref idref="fl-e7"/>
      </object_component>
      <object_component id="oc-162">
         <name>.text:clearBlack</name>
         <load_address>0x1620</load_address>
         <run_address>0x1620</run_address>
         <size>0x38</size>
         <input_file_ref idref="fl-2"/>
      </object_component>
      <object_component id="oc-10e">
         <name>.text:SysCtlPeripheralEnable</name>
         <load_address>0x1658</load_address>
         <run_address>0x1658</run_address>
         <size>0x34</size>
         <input_file_ref idref="fl-e7"/>
      </object_component>
      <object_component id="oc-20b">
         <name>.text:CFAL96x64x16PixelDraw$2</name>
         <load_address>0x168c</load_address>
         <run_address>0x168c</run_address>
         <size>0x32</size>
         <input_file_ref idref="fl-5"/>
      </object_component>
      <object_component id="oc-249">
         <name>.text:GrStringNextCharGet</name>
         <load_address>0x16be</load_address>
         <run_address>0x16be</run_address>
         <size>0x2e</size>
         <input_file_ref idref="fl-ed"/>
      </object_component>
      <object_component id="oc-1e8">
         <name>.text:GrFontBaselineGet</name>
         <load_address>0x16ec</load_address>
         <run_address>0x16ec</run_address>
         <size>0x2c</size>
         <input_file_ref idref="fl-ed"/>
      </object_component>
      <object_component id="oc-150">
         <name>.text:UARTSend</name>
         <load_address>0x1718</load_address>
         <run_address>0x1718</run_address>
         <size>0x2c</size>
         <input_file_ref idref="fl-2"/>
      </object_component>
      <object_component id="oc-f6">
         <name>.text:CFAL96x64x16RectFill$2</name>
         <load_address>0x1744</load_address>
         <run_address>0x1744</run_address>
         <size>0x2a</size>
         <input_file_ref idref="fl-5"/>
      </object_component>
      <object_component id="oc-11a">
         <name>.text:GPIODirModeSet</name>
         <load_address>0x176e</load_address>
         <run_address>0x176e</run_address>
         <size>0x2a</size>
         <input_file_ref idref="fl-e5"/>
      </object_component>
      <object_component id="oc-243">
         <name>.text:GrFontInfoGet</name>
         <load_address>0x1798</load_address>
         <run_address>0x1798</run_address>
         <size>0x26</size>
         <input_file_ref idref="fl-ed"/>
      </object_component>
      <object_component id="oc-24f">
         <name>.text:GrFontGlyphDataGet</name>
         <load_address>0x17be</load_address>
         <run_address>0x17be</run_address>
         <size>0x22</size>
         <input_file_ref idref="fl-ed"/>
      </object_component>
      <object_component id="oc-1c4">
         <name>.text:UARTDisable</name>
         <load_address>0x17e0</load_address>
         <run_address>0x17e0</run_address>
         <size>0x20</size>
         <input_file_ref idref="fl-e9"/>
      </object_component>
      <object_component id="oc-266">
         <name>.text:GrFontCodepageGet</name>
         <load_address>0x1800</load_address>
         <run_address>0x1800</run_address>
         <size>0x1e</size>
         <input_file_ref idref="fl-ed"/>
      </object_component>
      <object_component id="oc-15c">
         <name>.text:ADCProcessorTrigger</name>
         <load_address>0x181e</load_address>
         <run_address>0x181e</run_address>
         <size>0x18</size>
         <input_file_ref idref="fl-e3"/>
      </object_component>
      <object_component id="oc-138">
         <name>.text:GPIOPinTypeGPIOOutput</name>
         <load_address>0x1836</load_address>
         <run_address>0x1836</run_address>
         <size>0x18</size>
         <input_file_ref idref="fl-e5"/>
      </object_component>
      <object_component id="oc-31">
         <name>.text:NmiSR</name>
         <load_address>0x184e</load_address>
         <run_address>0x184e</run_address>
         <size>0x2</size>
         <input_file_ref idref="fl-3"/>
      </object_component>
      <object_component id="oc-76">
         <name>.text</name>
         <load_address>0x1850</load_address>
         <run_address>0x1850</run_address>
         <size>0x18</size>
         <input_file_ref idref="fl-cf"/>
      </object_component>
      <object_component id="oc-21d">
         <name>.text:CFAL96x64x16ColorTranslate$2</name>
         <load_address>0x1868</load_address>
         <run_address>0x1868</run_address>
         <size>0x16</size>
         <input_file_ref idref="fl-5"/>
      </object_component>
      <object_component id="oc-1ee">
         <name>.text:GrStringDraw</name>
         <load_address>0x187e</load_address>
         <run_address>0x187e</run_address>
         <size>0x16</size>
         <input_file_ref idref="fl-ed"/>
      </object_component>
      <object_component id="oc-1ca">
         <name>.text:UARTEnable</name>
         <load_address>0x1894</load_address>
         <run_address>0x1894</run_address>
         <size>0x14</size>
         <input_file_ref idref="fl-e9"/>
      </object_component>
      <object_component id="oc-e4">
         <name>.text:FPULazyStackingEnable</name>
         <load_address>0x18a8</load_address>
         <run_address>0x18a8</run_address>
         <size>0x10</size>
         <input_file_ref idref="fl-e4"/>
      </object_component>
      <object_component id="oc-fc">
         <name>.text:IntMasterDisable</name>
         <load_address>0x18b8</load_address>
         <run_address>0x18b8</run_address>
         <size>0x10</size>
         <input_file_ref idref="fl-e6"/>
      </object_component>
      <object_component id="oc-13e">
         <name>.text:IntMasterEnable</name>
         <load_address>0x18c8</load_address>
         <run_address>0x18c8</run_address>
         <size>0x10</size>
         <input_file_ref idref="fl-e6"/>
      </object_component>
      <object_component id="oc-144">
         <name>.text:TimerEnable</name>
         <load_address>0x18d8</load_address>
         <run_address>0x18d8</run_address>
         <size>0xe</size>
         <input_file_ref idref="fl-e8"/>
      </object_component>
      <object_component id="oc-18">
         <name>.text:decompress:none</name>
         <load_address>0x18e6</load_address>
         <run_address>0x18e6</run_address>
         <size>0xe</size>
         <input_file_ref idref="fl-c3"/>
      </object_component>
      <object_component id="oc-19d">
         <name>.text:CPUcpsid</name>
         <load_address>0x18f4</load_address>
         <run_address>0x18f4</run_address>
         <size>0xc</size>
         <input_file_ref idref="fl-ea"/>
      </object_component>
      <object_component id="oc-1d3">
         <name>.text:CPUcpsie</name>
         <load_address>0x1900</load_address>
         <run_address>0x1900</run_address>
         <size>0xc</size>
         <input_file_ref idref="fl-ea"/>
      </object_component>
      <object_component id="oc-1e">
         <name>.text:decompress:ZI</name>
         <load_address>0x190c</load_address>
         <run_address>0x190c</run_address>
         <size>0xc</size>
         <input_file_ref idref="fl-c4"/>
      </object_component>
      <object_component id="oc-156">
         <name>.text:ADCIntClear</name>
         <load_address>0x1918</load_address>
         <run_address>0x1918</run_address>
         <size>0xa</size>
         <input_file_ref idref="fl-e3"/>
      </object_component>
      <object_component id="oc-1f5">
         <name>.text:UARTCharPut</name>
         <load_address>0x1922</load_address>
         <run_address>0x1922</run_address>
         <size>0xa</size>
         <input_file_ref idref="fl-e9"/>
      </object_component>
      <object_component id="oc-25c">
         <name>.text:GrMapISO8859_1_Unicode</name>
         <load_address>0x192c</load_address>
         <run_address>0x192c</run_address>
         <size>0x8</size>
         <input_file_ref idref="fl-ef"/>
      </object_component>
      <object_component id="oc-126">
         <name>.text:GPIOPinRead</name>
         <load_address>0x1934</load_address>
         <run_address>0x1934</run_address>
         <size>0x6</size>
         <input_file_ref idref="fl-e5"/>
      </object_component>
      <object_component id="oc-168">
         <name>.text:GPIOPinWrite</name>
         <load_address>0x193a</load_address>
         <run_address>0x193a</run_address>
         <size>0x6</size>
         <input_file_ref idref="fl-e5"/>
      </object_component>
      <object_component id="oc-108">
         <name>.text:GrContextFontSet</name>
         <load_address>0x1940</load_address>
         <run_address>0x1940</run_address>
         <size>0x6</size>
         <input_file_ref idref="fl-ed"/>
      </object_component>
      <object_component id="oc-2b">
         <name>.text:ResetISR</name>
         <load_address>0x1946</load_address>
         <run_address>0x1946</run_address>
         <size>0x6</size>
         <input_file_ref idref="fl-3"/>
      </object_component>
      <object_component id="oc-192">
         <name>.text:SysCtlDelay</name>
         <load_address>0x194c</load_address>
         <run_address>0x194c</run_address>
         <size>0x6</size>
         <input_file_ref idref="fl-e7"/>
      </object_component>
      <object_component id="oc-6a">
         <name>.text</name>
         <load_address>0x1952</load_address>
         <run_address>0x1952</run_address>
         <size>0x4</size>
         <input_file_ref idref="fl-c9"/>
      </object_component>
      <object_component id="oc-187">
         <name>.text</name>
         <load_address>0x1956</load_address>
         <run_address>0x1956</run_address>
         <size>0x2</size>
         <input_file_ref idref="fl-cd"/>
      </object_component>
      <object_component id="oc-64">
         <name>.text</name>
         <load_address>0x1958</load_address>
         <run_address>0x1958</run_address>
         <size>0x2</size>
         <input_file_ref idref="fl-c8"/>
      </object_component>
      <object_component id="oc-bb">
         <name>.text</name>
         <load_address>0x195a</load_address>
         <run_address>0x195a</run_address>
         <size>0x2</size>
         <input_file_ref idref="fl-de"/>
      </object_component>
      <object_component id="oc-22d">
         <name>.const:.string:g_pui8FontFixed6x8Data</name>
         <load_address>0x195c</load_address>
         <run_address>0x195c</run_address>
         <size>0x2f8</size>
         <input_file_ref idref="fl-ee"/>
      </object_component>
      <object_component id="oc-17a">
         <name>.const:g_sFontFixed6x8</name>
         <load_address>0x1c54</load_address>
         <run_address>0x1c54</run_address>
         <size>0xc8</size>
         <input_file_ref idref="fl-ee"/>
      </object_component>
      <object_component id="oc-1c0">
         <name>.const:g_pui32Xtals</name>
         <load_address>0x1d1c</load_address>
         <run_address>0x1d1c</run_address>
         <size>0x6c</size>
         <input_file_ref idref="fl-e7"/>
      </object_component>
      <object_component id="oc-174">
         <name>.const:g_sCFAL96x64x16</name>
         <load_address>0x1d88</load_address>
         <run_address>0x1d88</run_address>
         <size>0x28</size>
         <input_file_ref idref="fl-5"/>
      </object_component>
      <object_component id="oc-1aa">
         <name>.const</name>
         <load_address>0x1db0</load_address>
         <run_address>0x1db0</run_address>
         <size>0x10</size>
         <input_file_ref idref="fl-eb"/>
      </object_component>
      <object_component id="oc-2c6">
         <name>.cinit..data.load</name>
         <load_address>0x1dc0</load_address>
         <run_address>0x1dc0</run_address>
         <size>0x27</size>
      </object_component>
      <object_component id="oc-2c4">
         <name>__TI_handler_table</name>
         <load_address>0x1de8</load_address>
         <run_address>0x1de8</run_address>
         <size>0xc</size>
      </object_component>
      <object_component id="oc-2c7">
         <name>.cinit..bss.load</name>
         <load_address>0x1df8</load_address>
         <run_address>0x1df8</run_address>
         <size>0x8</size>
      </object_component>
      <object_component id="oc-2c5">
         <name>__TI_cinit_table</name>
         <load_address>0x1e00</load_address>
         <run_address>0x1e00</run_address>
         <size>0x10</size>
      </object_component>
      <object_component id="oc-d0">
         <name>.data:$O1$$</name>
         <load_address>0x20000450</load_address>
         <run_address>0x20000450</run_address>
         <size>0xc</size>
         <input_file_ref idref="fl-c5"/>
      </object_component>
      <object_component id="oc-16e">
         <name>.data:g_ui8DisplayInitCommands$2</name>
         <load_address>0x2000043c</load_address>
         <run_address>0x2000043c</run_address>
         <size>0x13</size>
         <input_file_ref idref="fl-5"/>
      </object_component>
      <object_component id="oc-82">
         <name>.data</name>
         <load_address>0x20000468</load_address>
         <run_address>0x20000468</run_address>
         <size>0x4</size>
         <input_file_ref idref="fl-cb"/>
      </object_component>
      <object_component id="oc-177">
         <name>.data:$O2$$</name>
         <load_address>0x20000464</load_address>
         <run_address>0x20000464</run_address>
         <size>0x4</size>
         <input_file_ref idref="fl-4"/>
      </object_component>
      <object_component id="oc-d3">
         <name>.data:$O3$$</name>
         <load_address>0x2000045c</load_address>
         <run_address>0x2000045c</run_address>
         <size>0x8</size>
         <input_file_ref idref="fl-cd"/>
      </object_component>
      <object_component id="oc-171">
         <name>.bss:$O1$$</name>
         <uninitialized>true</uninitialized>
         <run_address>0x20000400</run_address>
         <size>0x38</size>
         <input_file_ref idref="fl-2"/>
      </object_component>
      <object_component id="oc-1ad">
         <name>.common:g_psGrLibDefaults</name>
         <uninitialized>true</uninitialized>
         <run_address>0x20000438</run_address>
         <size>0x4</size>
      </object_component>
      <object_component id="oc-2a">
         <name>.stack</name>
         <uninitialized>true</uninitialized>
         <run_address>0x20000000</run_address>
         <size>0x0</size>
         <input_file_ref idref="fl-c1"/>
      </object_component>
      <object_component id="oc-2c8">
         <name>.stack</name>
         <uninitialized>true</uninitialized>
         <run_address>0x20000000</run_address>
         <size>0x0</size>
      </object_component>
      <object_component id="oc-45">
         <name>.debug_info</name>
         <load_address>0x0</load_address>
         <run_address>0x0</run_address>
         <size>0x297</size>
         <input_file_ref idref="fl-3"/>
      </object_component>
      <object_component id="oc-10">
         <name>.debug_info</name>
         <load_address>0x297</load_address>
         <run_address>0x297</run_address>
         <size>0xe8</size>
         <input_file_ref idref="fl-3"/>
      </object_component>
      <object_component id="oc-2c">
         <name>.debug_info</name>
         <load_address>0x37f</load_address>
         <run_address>0x37f</run_address>
         <size>0x118</size>
         <input_file_ref idref="fl-3"/>
      </object_component>
      <object_component id="oc-32">
         <name>.debug_info</name>
         <load_address>0x497</load_address>
         <run_address>0x497</run_address>
         <size>0x109</size>
         <input_file_ref idref="fl-3"/>
      </object_component>
      <object_component id="oc-3e">
         <name>.debug_info</name>
         <load_address>0x5a0</load_address>
         <run_address>0x5a0</run_address>
         <size>0x121</size>
         <input_file_ref idref="fl-3"/>
      </object_component>
      <object_component id="oc-38">
         <name>.debug_info</name>
         <load_address>0x6c1</load_address>
         <run_address>0x6c1</run_address>
         <size>0x10f</size>
         <input_file_ref idref="fl-3"/>
      </object_component>
      <object_component id="oc-ca">
         <name>.debug_info</name>
         <load_address>0x7d0</load_address>
         <run_address>0x7d0</run_address>
         <size>0x84</size>
         <input_file_ref idref="fl-3"/>
      </object_component>
      <object_component id="oc-8c">
         <name>.debug_info</name>
         <load_address>0x854</load_address>
         <run_address>0x854</run_address>
         <size>0x18b</size>
         <input_file_ref idref="fl-3"/>
      </object_component>
      <object_component id="oc-27">
         <name>.debug_info</name>
         <load_address>0x9df</load_address>
         <run_address>0x9df</run_address>
         <size>0x160</size>
         <input_file_ref idref="fl-c1"/>
      </object_component>
      <object_component id="oc-d7">
         <name>.debug_info</name>
         <load_address>0xb3f</load_address>
         <run_address>0xb3f</run_address>
         <size>0x3ce</size>
         <input_file_ref idref="fl-c5"/>
      </object_component>
      <object_component id="oc-d1">
         <name>.debug_info</name>
         <load_address>0xf0d</load_address>
         <run_address>0xf0d</run_address>
         <size>0x185</size>
         <input_file_ref idref="fl-c5"/>
      </object_component>
      <object_component id="oc-80">
         <name>.debug_info</name>
         <load_address>0x1092</load_address>
         <run_address>0x1092</run_address>
         <size>0x214</size>
         <input_file_ref idref="fl-c5"/>
      </object_component>
      <object_component id="oc-59">
         <name>.debug_info</name>
         <load_address>0x12a6</load_address>
         <run_address>0x12a6</run_address>
         <size>0x111</size>
         <input_file_ref idref="fl-c6"/>
      </object_component>
      <object_component id="oc-61">
         <name>.debug_info</name>
         <load_address>0x13b7</load_address>
         <run_address>0x13b7</run_address>
         <size>0x13f</size>
         <input_file_ref idref="fl-c7"/>
      </object_component>
      <object_component id="oc-cf">
         <name>.debug_info</name>
         <load_address>0x14f6</load_address>
         <run_address>0x14f6</run_address>
         <size>0x300</size>
         <input_file_ref idref="fl-cf"/>
      </object_component>
      <object_component id="oc-77">
         <name>.debug_info</name>
         <load_address>0x17f6</load_address>
         <run_address>0x17f6</run_address>
         <size>0x167</size>
         <input_file_ref idref="fl-cf"/>
      </object_component>
      <object_component id="oc-180">
         <name>.debug_info</name>
         <load_address>0x195d</load_address>
         <run_address>0x195d</run_address>
         <size>0x5e</size>
         <input_file_ref idref="fl-cf"/>
      </object_component>
      <object_component id="oc-c2">
         <name>.debug_info</name>
         <load_address>0x19bb</load_address>
         <run_address>0x19bb</run_address>
         <size>0x483</size>
         <input_file_ref idref="fl-d1"/>
      </object_component>
      <object_component id="oc-71">
         <name>.debug_info</name>
         <load_address>0x1e3e</load_address>
         <run_address>0x1e3e</run_address>
         <size>0x190</size>
         <input_file_ref idref="fl-d1"/>
      </object_component>
      <object_component id="oc-df">
         <name>.debug_info</name>
         <load_address>0x1fce</load_address>
         <run_address>0x1fce</run_address>
         <size>0x39</size>
         <input_file_ref idref="fl-d1"/>
      </object_component>
      <object_component id="oc-1fd">
         <name>.debug_info</name>
         <load_address>0x2007</load_address>
         <run_address>0x2007</run_address>
         <size>0x23d</size>
         <input_file_ref idref="fl-e3"/>
      </object_component>
      <object_component id="oc-15f">
         <name>.debug_info</name>
         <load_address>0x2244</load_address>
         <run_address>0x2244</run_address>
         <size>0x2a4</size>
         <input_file_ref idref="fl-e3"/>
      </object_component>
      <object_component id="oc-159">
         <name>.debug_info</name>
         <load_address>0x24e8</load_address>
         <run_address>0x24e8</run_address>
         <size>0x294</size>
         <input_file_ref idref="fl-e3"/>
      </object_component>
      <object_component id="oc-e5">
         <name>.debug_info</name>
         <load_address>0x277c</load_address>
         <run_address>0x277c</run_address>
         <size>0x225</size>
         <input_file_ref idref="fl-e4"/>
      </object_component>
      <object_component id="oc-1bd">
         <name>.debug_info</name>
         <load_address>0x29a1</load_address>
         <run_address>0x29a1</run_address>
         <size>0x230</size>
         <input_file_ref idref="fl-e5"/>
      </object_component>
      <object_component id="oc-169">
         <name>.debug_info</name>
         <load_address>0x2bd1</load_address>
         <run_address>0x2bd1</run_address>
         <size>0x2a3</size>
         <input_file_ref idref="fl-e5"/>
      </object_component>
      <object_component id="oc-11b">
         <name>.debug_info</name>
         <load_address>0x2e74</load_address>
         <run_address>0x2e74</run_address>
         <size>0x2b3</size>
         <input_file_ref idref="fl-e5"/>
      </object_component>
      <object_component id="oc-121">
         <name>.debug_info</name>
         <load_address>0x3127</load_address>
         <run_address>0x3127</run_address>
         <size>0x316</size>
         <input_file_ref idref="fl-e5"/>
      </object_component>
      <object_component id="oc-139">
         <name>.debug_info</name>
         <load_address>0x343d</load_address>
         <run_address>0x343d</run_address>
         <size>0x2b7</size>
         <input_file_ref idref="fl-e5"/>
      </object_component>
      <object_component id="oc-127">
         <name>.debug_info</name>
         <load_address>0x36f4</load_address>
         <run_address>0x36f4</run_address>
         <size>0x27b</size>
         <input_file_ref idref="fl-e5"/>
      </object_component>
      <object_component id="oc-13f">
         <name>.debug_info</name>
         <load_address>0x396f</load_address>
         <run_address>0x396f</run_address>
         <size>0x23e</size>
         <input_file_ref idref="fl-e6"/>
      </object_component>
      <object_component id="oc-fd">
         <name>.debug_info</name>
         <load_address>0x3bad</load_address>
         <run_address>0x3bad</run_address>
         <size>0x240</size>
         <input_file_ref idref="fl-e6"/>
      </object_component>
      <object_component id="oc-194">
         <name>.debug_info</name>
         <load_address>0x3ded</load_address>
         <run_address>0x3ded</run_address>
         <size>0x298</size>
         <input_file_ref idref="fl-e7"/>
      </object_component>
      <object_component id="oc-1c1">
         <name>.debug_info</name>
         <load_address>0x4085</load_address>
         <run_address>0x4085</run_address>
         <size>0x14d</size>
         <input_file_ref idref="fl-e7"/>
      </object_component>
      <object_component id="oc-115">
         <name>.debug_info</name>
         <load_address>0x41d2</load_address>
         <run_address>0x41d2</run_address>
         <size>0x27f</size>
         <input_file_ref idref="fl-e7"/>
      </object_component>
      <object_component id="oc-10f">
         <name>.debug_info</name>
         <load_address>0x4451</load_address>
         <run_address>0x4451</run_address>
         <size>0x27d</size>
         <input_file_ref idref="fl-e7"/>
      </object_component>
      <object_component id="oc-eb">
         <name>.debug_info</name>
         <load_address>0x46ce</load_address>
         <run_address>0x46ce</run_address>
         <size>0x2db</size>
         <input_file_ref idref="fl-e7"/>
      </object_component>
      <object_component id="oc-12d">
         <name>.debug_info</name>
         <load_address>0x49a9</load_address>
         <run_address>0x49a9</run_address>
         <size>0x2b5</size>
         <input_file_ref idref="fl-e7"/>
      </object_component>
      <object_component id="oc-236">
         <name>.debug_info</name>
         <load_address>0x4c5e</load_address>
         <run_address>0x4c5e</run_address>
         <size>0x5f</size>
         <input_file_ref idref="fl-e7"/>
      </object_component>
      <object_component id="oc-1db">
         <name>.debug_info</name>
         <load_address>0x4cbd</load_address>
         <run_address>0x4cbd</run_address>
         <size>0x223</size>
         <input_file_ref idref="fl-e8"/>
      </object_component>
      <object_component id="oc-145">
         <name>.debug_info</name>
         <load_address>0x4ee0</load_address>
         <run_address>0x4ee0</run_address>
         <size>0x27f</size>
         <input_file_ref idref="fl-e8"/>
      </object_component>
      <object_component id="oc-1d1">
         <name>.debug_info</name>
         <load_address>0x515f</load_address>
         <run_address>0x515f</run_address>
         <size>0x227</size>
         <input_file_ref idref="fl-e9"/>
      </object_component>
      <object_component id="oc-1cc">
         <name>.debug_info</name>
         <load_address>0x5386</load_address>
         <run_address>0x5386</run_address>
         <size>0x247</size>
         <input_file_ref idref="fl-e9"/>
      </object_component>
      <object_component id="oc-1c6">
         <name>.debug_info</name>
         <load_address>0x55cd</load_address>
         <run_address>0x55cd</run_address>
         <size>0x249</size>
         <input_file_ref idref="fl-e9"/>
      </object_component>
      <object_component id="oc-134">
         <name>.debug_info</name>
         <load_address>0x5816</load_address>
         <run_address>0x5816</run_address>
         <size>0x326</size>
         <input_file_ref idref="fl-e9"/>
      </object_component>
      <object_component id="oc-1f7">
         <name>.debug_info</name>
         <load_address>0x5b3c</load_address>
         <run_address>0x5b3c</run_address>
         <size>0x273</size>
         <input_file_ref idref="fl-e9"/>
      </object_component>
      <object_component id="oc-1d6">
         <name>.debug_info</name>
         <load_address>0x5daf</load_address>
         <run_address>0x5daf</run_address>
         <size>0x212</size>
         <input_file_ref idref="fl-ea"/>
      </object_component>
      <object_component id="oc-1a0">
         <name>.debug_info</name>
         <load_address>0x5fc1</load_address>
         <run_address>0x5fc1</run_address>
         <size>0x20f</size>
         <input_file_ref idref="fl-ea"/>
      </object_component>
      <object_component id="oc-1ae">
         <name>.debug_info</name>
         <load_address>0x61d0</load_address>
         <run_address>0x61d0</run_address>
         <size>0x464</size>
         <input_file_ref idref="fl-eb"/>
      </object_component>
      <object_component id="oc-1ab">
         <name>.debug_info</name>
         <load_address>0x6634</load_address>
         <run_address>0x6634</run_address>
         <size>0x167</size>
         <input_file_ref idref="fl-eb"/>
      </object_component>
      <object_component id="oc-103">
         <name>.debug_info</name>
         <load_address>0x679b</load_address>
         <run_address>0x679b</run_address>
         <size>0x27d</size>
         <input_file_ref idref="fl-eb"/>
      </object_component>
      <object_component id="oc-27b">
         <name>.debug_info</name>
         <load_address>0x6a18</load_address>
         <run_address>0x6a18</run_address>
         <size>0x3d9</size>
         <input_file_ref idref="fl-ec"/>
      </object_component>
      <object_component id="oc-1dd">
         <name>.debug_info</name>
         <load_address>0x6df1</load_address>
         <run_address>0x6df1</run_address>
         <size>0x284</size>
         <input_file_ref idref="fl-ec"/>
      </object_component>
      <object_component id="oc-1b8">
         <name>.debug_info</name>
         <load_address>0x7075</load_address>
         <run_address>0x7075</run_address>
         <size>0x51c</size>
         <input_file_ref idref="fl-ed"/>
      </object_component>
      <object_component id="oc-24a">
         <name>.debug_info</name>
         <load_address>0x7591</load_address>
         <run_address>0x7591</run_address>
         <size>0x2fe</size>
         <input_file_ref idref="fl-ed"/>
      </object_component>
      <object_component id="oc-28f">
         <name>.debug_info</name>
         <load_address>0x788f</load_address>
         <run_address>0x788f</run_address>
         <size>0x315</size>
         <input_file_ref idref="fl-ed"/>
      </object_component>
      <object_component id="oc-295">
         <name>.debug_info</name>
         <load_address>0x7ba4</load_address>
         <run_address>0x7ba4</run_address>
         <size>0x34b</size>
         <input_file_ref idref="fl-ed"/>
      </object_component>
      <object_component id="oc-250">
         <name>.debug_info</name>
         <load_address>0x7eef</load_address>
         <run_address>0x7eef</run_address>
         <size>0x2cc</size>
         <input_file_ref idref="fl-ed"/>
      </object_component>
      <object_component id="oc-244">
         <name>.debug_info</name>
         <load_address>0x81bb</load_address>
         <run_address>0x81bb</run_address>
         <size>0x341</size>
         <input_file_ref idref="fl-ed"/>
      </object_component>
      <object_component id="oc-1e3">
         <name>.debug_info</name>
         <load_address>0x84fc</load_address>
         <run_address>0x84fc</run_address>
         <size>0x450</size>
         <input_file_ref idref="fl-ed"/>
      </object_component>
      <object_component id="oc-1ef">
         <name>.debug_info</name>
         <load_address>0x894c</load_address>
         <run_address>0x894c</run_address>
         <size>0x2b7</size>
         <input_file_ref idref="fl-ed"/>
      </object_component>
      <object_component id="oc-267">
         <name>.debug_info</name>
         <load_address>0x8c03</load_address>
         <run_address>0x8c03</run_address>
         <size>0x254</size>
         <input_file_ref idref="fl-ed"/>
      </object_component>
      <object_component id="oc-1b2">
         <name>.debug_info</name>
         <load_address>0x8e57</load_address>
         <run_address>0x8e57</run_address>
         <size>0x2b6</size>
         <input_file_ref idref="fl-ed"/>
      </object_component>
      <object_component id="oc-256">
         <name>.debug_info</name>
         <load_address>0x910d</load_address>
         <run_address>0x910d</run_address>
         <size>0x47f</size>
         <input_file_ref idref="fl-ed"/>
      </object_component>
      <object_component id="oc-1e9">
         <name>.debug_info</name>
         <load_address>0x958c</load_address>
         <run_address>0x958c</run_address>
         <size>0x2c0</size>
         <input_file_ref idref="fl-ed"/>
      </object_component>
      <object_component id="oc-1a5">
         <name>.debug_info</name>
         <load_address>0x984c</load_address>
         <run_address>0x984c</run_address>
         <size>0x4bd</size>
         <input_file_ref idref="fl-ed"/>
      </object_component>
      <object_component id="oc-109">
         <name>.debug_info</name>
         <load_address>0x9d09</load_address>
         <run_address>0x9d09</run_address>
         <size>0x28d</size>
         <input_file_ref idref="fl-ed"/>
      </object_component>
      <object_component id="oc-232">
         <name>.debug_info</name>
         <load_address>0x9f96</load_address>
         <run_address>0x9f96</run_address>
         <size>0x362</size>
         <input_file_ref idref="fl-ee"/>
      </object_component>
      <object_component id="oc-22e">
         <name>.debug_info</name>
         <load_address>0xa2f8</load_address>
         <run_address>0xa2f8</run_address>
         <size>0x165</size>
         <input_file_ref idref="fl-ee"/>
      </object_component>
      <object_component id="oc-17b">
         <name>.debug_info</name>
         <load_address>0xa45d</load_address>
         <run_address>0xa45d</run_address>
         <size>0x158</size>
         <input_file_ref idref="fl-ee"/>
      </object_component>
      <object_component id="oc-29d">
         <name>.debug_info</name>
         <load_address>0xa5b5</load_address>
         <run_address>0xa5b5</run_address>
         <size>0x3cd</size>
         <input_file_ref idref="fl-ef"/>
      </object_component>
      <object_component id="oc-25d">
         <name>.debug_info</name>
         <load_address>0xa982</load_address>
         <run_address>0xa982</run_address>
         <size>0x2b1</size>
         <input_file_ref idref="fl-ef"/>
      </object_component>
      <object_component id="oc-5c">
         <name>.debug_info</name>
         <load_address>0xac33</load_address>
         <run_address>0xac33</run_address>
         <size>0xe8e</size>
         <input_file_ref idref="fl-f1"/>
      </object_component>
      <object_component id="oc-175">
         <name>.debug_info</name>
         <load_address>0xbac1</load_address>
         <run_address>0xbac1</run_address>
         <size>0xde</size>
         <input_file_ref idref="fl-f1"/>
      </object_component>
      <object_component id="oc-16f">
         <name>.debug_info</name>
         <load_address>0xbb9f</load_address>
         <run_address>0xbb9f</run_address>
         <size>0xf0</size>
         <input_file_ref idref="fl-f1"/>
      </object_component>
      <object_component id="oc-83">
         <name>.debug_info</name>
         <load_address>0xbc8f</load_address>
         <run_address>0xbc8f</run_address>
         <size>0xd7</size>
         <input_file_ref idref="fl-f1"/>
      </object_component>
      <object_component id="oc-172">
         <name>.debug_info</name>
         <load_address>0xbd66</load_address>
         <run_address>0xbd66</run_address>
         <size>0x1ca</size>
         <input_file_ref idref="fl-f1"/>
      </object_component>
      <object_component id="oc-178">
         <name>.debug_info</name>
         <load_address>0xbf30</load_address>
         <run_address>0xbf30</run_address>
         <size>0xe2</size>
         <input_file_ref idref="fl-f1"/>
      </object_component>
      <object_component id="oc-d4">
         <name>.debug_info</name>
         <load_address>0xc012</load_address>
         <run_address>0xc012</run_address>
         <size>0xe8</size>
         <input_file_ref idref="fl-f1"/>
      </object_component>
      <object_component id="oc-189">
         <name>.debug_info</name>
         <load_address>0xc0fa</load_address>
         <run_address>0xc0fa</run_address>
         <size>0xed</size>
         <input_file_ref idref="fl-f1"/>
      </object_component>
      <object_component id="oc-225">
         <name>.debug_info</name>
         <load_address>0xc1e7</load_address>
         <run_address>0xc1e7</run_address>
         <size>0x1c8</size>
         <input_file_ref idref="fl-f1"/>
      </object_component>
      <object_component id="oc-21f">
         <name>.debug_info</name>
         <load_address>0xc3af</load_address>
         <run_address>0xc3af</run_address>
         <size>0x214</size>
         <input_file_ref idref="fl-f1"/>
      </object_component>
      <object_component id="oc-219">
         <name>.debug_info</name>
         <load_address>0xc5c3</load_address>
         <run_address>0xc5c3</run_address>
         <size>0x2e9</size>
         <input_file_ref idref="fl-f1"/>
      </object_component>
      <object_component id="oc-213">
         <name>.debug_info</name>
         <load_address>0xc8ac</load_address>
         <run_address>0xc8ac</run_address>
         <size>0x449</size>
         <input_file_ref idref="fl-f1"/>
      </object_component>
      <object_component id="oc-20d">
         <name>.debug_info</name>
         <load_address>0xccf5</load_address>
         <run_address>0xccf5</run_address>
         <size>0x2a0</size>
         <input_file_ref idref="fl-f1"/>
      </object_component>
      <object_component id="oc-23d">
         <name>.debug_info</name>
         <load_address>0xcf95</load_address>
         <run_address>0xcf95</run_address>
         <size>0x223</size>
         <input_file_ref idref="fl-f1"/>
      </object_component>
      <object_component id="oc-198">
         <name>.debug_info</name>
         <load_address>0xd1b8</load_address>
         <run_address>0xd1b8</run_address>
         <size>0x2c8</size>
         <input_file_ref idref="fl-f1"/>
      </object_component>
      <object_component id="oc-f8">
         <name>.debug_info</name>
         <load_address>0xd480</load_address>
         <run_address>0xd480</run_address>
         <size>0x255</size>
         <input_file_ref idref="fl-f1"/>
      </object_component>
      <object_component id="oc-f2">
         <name>.debug_info</name>
         <load_address>0xd6d5</load_address>
         <run_address>0xd6d5</run_address>
         <size>0x225</size>
         <input_file_ref idref="fl-f1"/>
      </object_component>
      <object_component id="oc-164">
         <name>.debug_info</name>
         <load_address>0xd8fa</load_address>
         <run_address>0xd8fa</run_address>
         <size>0x140</size>
         <input_file_ref idref="fl-f1"/>
      </object_component>
      <object_component id="oc-14c">
         <name>.debug_info</name>
         <load_address>0xda3a</load_address>
         <run_address>0xda3a</run_address>
         <size>0x1c3</size>
         <input_file_ref idref="fl-f1"/>
      </object_component>
      <object_component id="oc-152">
         <name>.debug_info</name>
         <load_address>0xdbfd</load_address>
         <run_address>0xdbfd</run_address>
         <size>0x187</size>
         <input_file_ref idref="fl-f1"/>
      </object_component>
      <object_component id="oc-c5">
         <name>.debug_info</name>
         <load_address>0xdd84</load_address>
         <run_address>0xdd84</run_address>
         <size>0x5e8</size>
         <input_file_ref idref="fl-f1"/>
      </object_component>
      <object_component id="oc-b7">
         <name>.debug_info</name>
         <load_address>0xe36c</load_address>
         <run_address>0xe36c</run_address>
         <size>0x14b</size>
         <input_file_ref idref="fl-f1"/>
      </object_component>
      <object_component id="oc-6c">
         <name>.debug_info</name>
         <load_address>0xe4b7</load_address>
         <run_address>0xe4b7</run_address>
         <size>0x10f</size>
         <input_file_ref idref="fl-f1"/>
      </object_component>
      <object_component id="oc-bd">
         <name>.debug_info</name>
         <load_address>0xe5c6</load_address>
         <run_address>0xe5c6</run_address>
         <size>0x10d</size>
         <input_file_ref idref="fl-f1"/>
      </object_component>
      <object_component id="oc-66">
         <name>.debug_info</name>
         <load_address>0xe6d3</load_address>
         <run_address>0xe6d3</run_address>
         <size>0xff</size>
         <input_file_ref idref="fl-f1"/>
      </object_component>
      <object_component id="oc-20">
         <name>.debug_info</name>
         <load_address>0xe7d2</load_address>
         <run_address>0xe7d2</run_address>
         <size>0x16b</size>
         <input_file_ref idref="fl-f1"/>
      </object_component>
      <object_component id="oc-1a">
         <name>.debug_info</name>
         <load_address>0xe93d</load_address>
         <run_address>0xe93d</run_address>
         <size>0x19a</size>
         <input_file_ref idref="fl-f1"/>
      </object_component>
      <object_component id="oc-14">
         <name>.debug_info</name>
         <load_address>0xead7</load_address>
         <run_address>0xead7</run_address>
         <size>0x200</size>
         <input_file_ref idref="fl-f1"/>
      </object_component>
      <object_component id="oc-206">
         <name>.debug_info</name>
         <load_address>0xecd7</load_address>
         <run_address>0xecd7</run_address>
         <size>0x5a</size>
         <input_file_ref idref="fl-f1"/>
      </object_component>
      <object_component id="oc-9e">
         <name>.debug_info</name>
         <load_address>0xed31</load_address>
         <run_address>0xed31</run_address>
         <size>0x6bd</size>
         <input_file_ref idref="fl-f1"/>
      </object_component>
      <object_component id="oc-51">
         <name>.debug_info</name>
         <load_address>0xf3ee</load_address>
         <run_address>0xf3ee</run_address>
         <size>0x8b</size>
         <input_file_ref idref="fl-f1"/>
      </object_component>
      <object_component id="oc-a3">
         <name>.debug_info</name>
         <load_address>0xf479</load_address>
         <run_address>0xf479</run_address>
         <size>0x2c</size>
         <input_file_ref idref="fl-f1"/>
      </object_component>
      <object_component id="oc-a8">
         <name>.debug_info</name>
         <load_address>0xf4a5</load_address>
         <run_address>0xf4a5</run_address>
         <size>0x123</size>
         <input_file_ref idref="fl-f1"/>
      </object_component>
      <object_component id="oc-47">
         <name>.debug_info</name>
         <load_address>0xf5c8</load_address>
         <run_address>0xf5c8</run_address>
         <size>0x46</size>
         <input_file_ref idref="fl-f1"/>
      </object_component>
      <object_component id="oc-96">
         <name>.debug_info</name>
         <load_address>0xf60e</load_address>
         <run_address>0xf60e</run_address>
         <size>0x87</size>
         <input_file_ref idref="fl-f1"/>
      </object_component>
      <object_component id="oc-91">
         <name>.debug_info</name>
         <load_address>0xf695</load_address>
         <run_address>0xf695</run_address>
         <size>0x2c</size>
         <input_file_ref idref="fl-f1"/>
      </object_component>
      <object_component id="oc-4c">
         <name>.debug_info</name>
         <load_address>0xf6c1</load_address>
         <run_address>0xf6c1</run_address>
         <size>0x46</size>
         <input_file_ref idref="fl-f1"/>
      </object_component>
      <object_component id="oc-ad">
         <name>.debug_info</name>
         <load_address>0xf707</load_address>
         <run_address>0xf707</run_address>
         <size>0xcd</size>
         <input_file_ref idref="fl-f1"/>
      </object_component>
      <object_component id="oc-2c9">
         <name>.debug_info</name>
         <load_address>0xf7d4</load_address>
         <run_address>0xf7d4</run_address>
         <size>0xab</size>
      </object_component>
      <object_component id="oc-8b">
         <name>.debug_line</name>
         <load_address>0x0</load_address>
         <run_address>0x0</run_address>
         <size>0x34</size>
         <input_file_ref idref="fl-3"/>
      </object_component>
      <object_component id="oc-44">
         <name>.debug_line</name>
         <load_address>0x34</load_address>
         <run_address>0x34</run_address>
         <size>0x34</size>
         <input_file_ref idref="fl-3"/>
      </object_component>
      <object_component id="oc-2f">
         <name>.debug_line</name>
         <load_address>0x68</load_address>
         <run_address>0x68</run_address>
         <size>0x46</size>
         <input_file_ref idref="fl-3"/>
      </object_component>
      <object_component id="oc-35">
         <name>.debug_line</name>
         <load_address>0xae</load_address>
         <run_address>0xae</run_address>
         <size>0x49</size>
         <input_file_ref idref="fl-3"/>
      </object_component>
      <object_component id="oc-41">
         <name>.debug_line</name>
         <load_address>0xf7</load_address>
         <run_address>0xf7</run_address>
         <size>0x49</size>
         <input_file_ref idref="fl-3"/>
      </object_component>
      <object_component id="oc-3c">
         <name>.debug_line</name>
         <load_address>0x140</load_address>
         <run_address>0x140</run_address>
         <size>0x49</size>
         <input_file_ref idref="fl-3"/>
      </object_component>
      <object_component id="oc-cd">
         <name>.debug_line</name>
         <load_address>0x189</load_address>
         <run_address>0x189</run_address>
         <size>0x20</size>
         <input_file_ref idref="fl-3"/>
      </object_component>
      <object_component id="oc-8f">
         <name>.debug_line</name>
         <load_address>0x1a9</load_address>
         <run_address>0x1a9</run_address>
         <size>0x65</size>
         <input_file_ref idref="fl-3"/>
      </object_component>
      <object_component id="oc-25">
         <name>.debug_line</name>
         <load_address>0x20e</load_address>
         <run_address>0x20e</run_address>
         <size>0x53</size>
         <input_file_ref idref="fl-c1"/>
      </object_component>
      <object_component id="oc-190">
         <name>.debug_line</name>
         <load_address>0x261</load_address>
         <run_address>0x261</run_address>
         <size>0xf2</size>
         <input_file_ref idref="fl-c5"/>
      </object_component>
      <object_component id="oc-186">
         <name>.debug_line</name>
         <load_address>0x353</load_address>
         <run_address>0x353</run_address>
         <size>0x2a</size>
         <input_file_ref idref="fl-c5"/>
      </object_component>
      <object_component id="oc-7f">
         <name>.debug_line</name>
         <load_address>0x37d</load_address>
         <run_address>0x37d</run_address>
         <size>0x86</size>
         <input_file_ref idref="fl-c5"/>
      </object_component>
      <object_component id="oc-58">
         <name>.debug_line</name>
         <load_address>0x403</load_address>
         <run_address>0x403</run_address>
         <size>0x88</size>
         <input_file_ref idref="fl-c6"/>
      </object_component>
      <object_component id="oc-60">
         <name>.debug_line</name>
         <load_address>0x48b</load_address>
         <run_address>0x48b</run_address>
         <size>0x79</size>
         <input_file_ref idref="fl-c7"/>
      </object_component>
      <object_component id="oc-17f">
         <name>.debug_line</name>
         <load_address>0x504</load_address>
         <run_address>0x504</run_address>
         <size>0x2b</size>
         <input_file_ref idref="fl-cf"/>
      </object_component>
      <object_component id="oc-7a">
         <name>.debug_line</name>
         <load_address>0x52f</load_address>
         <run_address>0x52f</run_address>
         <size>0x4a</size>
         <input_file_ref idref="fl-cf"/>
      </object_component>
      <object_component id="oc-183">
         <name>.debug_line</name>
         <load_address>0x579</load_address>
         <run_address>0x579</run_address>
         <size>0x2b</size>
         <input_file_ref idref="fl-cf"/>
      </object_component>
      <object_component id="oc-de">
         <name>.debug_line</name>
         <load_address>0x5a4</load_address>
         <run_address>0x5a4</run_address>
         <size>0xa9</size>
         <input_file_ref idref="fl-d1"/>
      </object_component>
      <object_component id="oc-74">
         <name>.debug_line</name>
         <load_address>0x64d</load_address>
         <run_address>0x64d</run_address>
         <size>0x8b</size>
         <input_file_ref idref="fl-d1"/>
      </object_component>
      <object_component id="oc-e2">
         <name>.debug_line</name>
         <load_address>0x6d8</load_address>
         <run_address>0x6d8</run_address>
         <size>0x2e</size>
         <input_file_ref idref="fl-d1"/>
      </object_component>
      <object_component id="oc-281">
         <name>.debug_line</name>
         <load_address>0x706</load_address>
         <run_address>0x706</run_address>
         <size>0xde</size>
         <input_file_ref idref="fl-e3"/>
      </object_component>
      <object_component id="oc-15d">
         <name>.debug_line</name>
         <load_address>0x7e4</load_address>
         <run_address>0x7e4</run_address>
         <size>0x91</size>
         <input_file_ref idref="fl-e3"/>
      </object_component>
      <object_component id="oc-157">
         <name>.debug_line</name>
         <load_address>0x875</load_address>
         <run_address>0x875</run_address>
         <size>0x91</size>
         <input_file_ref idref="fl-e3"/>
      </object_component>
      <object_component id="oc-e8">
         <name>.debug_line</name>
         <load_address>0x906</load_address>
         <run_address>0x906</run_address>
         <size>0x91</size>
         <input_file_ref idref="fl-e4"/>
      </object_component>
      <object_component id="oc-270">
         <name>.debug_line</name>
         <load_address>0x997</load_address>
         <run_address>0x997</run_address>
         <size>0x82</size>
         <input_file_ref idref="fl-e5"/>
      </object_component>
      <object_component id="oc-16c">
         <name>.debug_line</name>
         <load_address>0xa19</load_address>
         <run_address>0xa19</run_address>
         <size>0x92</size>
         <input_file_ref idref="fl-e5"/>
      </object_component>
      <object_component id="oc-11e">
         <name>.debug_line</name>
         <load_address>0xaab</load_address>
         <run_address>0xaab</run_address>
         <size>0x95</size>
         <input_file_ref idref="fl-e5"/>
      </object_component>
      <object_component id="oc-124">
         <name>.debug_line</name>
         <load_address>0xb40</load_address>
         <run_address>0xb40</run_address>
         <size>0xd1</size>
         <input_file_ref idref="fl-e5"/>
      </object_component>
      <object_component id="oc-13c">
         <name>.debug_line</name>
         <load_address>0xc11</load_address>
         <run_address>0xc11</run_address>
         <size>0x99</size>
         <input_file_ref idref="fl-e5"/>
      </object_component>
      <object_component id="oc-12a">
         <name>.debug_line</name>
         <load_address>0xcaa</load_address>
         <run_address>0xcaa</run_address>
         <size>0x92</size>
         <input_file_ref idref="fl-e5"/>
      </object_component>
      <object_component id="oc-143">
         <name>.debug_line</name>
         <load_address>0xd3c</load_address>
         <run_address>0xd3c</run_address>
         <size>0x97</size>
         <input_file_ref idref="fl-e6"/>
      </object_component>
      <object_component id="oc-100">
         <name>.debug_line</name>
         <load_address>0xdd3</load_address>
         <run_address>0xdd3</run_address>
         <size>0x97</size>
         <input_file_ref idref="fl-e6"/>
      </object_component>
      <object_component id="oc-235">
         <name>.debug_line</name>
         <load_address>0xe6a</load_address>
         <run_address>0xe6a</run_address>
         <size>0x13d</size>
         <input_file_ref idref="fl-e7"/>
      </object_component>
      <object_component id="oc-272">
         <name>.debug_line</name>
         <load_address>0xfa7</load_address>
         <run_address>0xfa7</run_address>
         <size>0x7f</size>
         <input_file_ref idref="fl-e7"/>
      </object_component>
      <object_component id="oc-118">
         <name>.debug_line</name>
         <load_address>0x1026</load_address>
         <run_address>0x1026</run_address>
         <size>0x94</size>
         <input_file_ref idref="fl-e7"/>
      </object_component>
      <object_component id="oc-112">
         <name>.debug_line</name>
         <load_address>0x10ba</load_address>
         <run_address>0x10ba</run_address>
         <size>0x94</size>
         <input_file_ref idref="fl-e7"/>
      </object_component>
      <object_component id="oc-ee">
         <name>.debug_line</name>
         <load_address>0x114e</load_address>
         <run_address>0x114e</run_address>
         <size>0xee</size>
         <input_file_ref idref="fl-e7"/>
      </object_component>
      <object_component id="oc-130">
         <name>.debug_line</name>
         <load_address>0x123c</load_address>
         <run_address>0x123c</run_address>
         <size>0x11a</size>
         <input_file_ref idref="fl-e7"/>
      </object_component>
      <object_component id="oc-239">
         <name>.debug_line</name>
         <load_address>0x1356</load_address>
         <run_address>0x1356</run_address>
         <size>0x7f</size>
         <input_file_ref idref="fl-e7"/>
      </object_component>
      <object_component id="oc-279">
         <name>.debug_line</name>
         <load_address>0x13d5</load_address>
         <run_address>0x13d5</run_address>
         <size>0x82</size>
         <input_file_ref idref="fl-e8"/>
      </object_component>
      <object_component id="oc-148">
         <name>.debug_line</name>
         <load_address>0x1457</load_address>
         <run_address>0x1457</run_address>
         <size>0x93</size>
         <input_file_ref idref="fl-e8"/>
      </object_component>
      <object_component id="oc-276">
         <name>.debug_line</name>
         <load_address>0x14ea</load_address>
         <run_address>0x14ea</run_address>
         <size>0x82</size>
         <input_file_ref idref="fl-e9"/>
      </object_component>
      <object_component id="oc-1cf">
         <name>.debug_line</name>
         <load_address>0x156c</load_address>
         <run_address>0x156c</run_address>
         <size>0x93</size>
         <input_file_ref idref="fl-e9"/>
      </object_component>
      <object_component id="oc-1c9">
         <name>.debug_line</name>
         <load_address>0x15ff</load_address>
         <run_address>0x15ff</run_address>
         <size>0x96</size>
         <input_file_ref idref="fl-e9"/>
      </object_component>
      <object_component id="oc-137">
         <name>.debug_line</name>
         <load_address>0x1695</load_address>
         <run_address>0x1695</run_address>
         <size>0xb3</size>
         <input_file_ref idref="fl-e9"/>
      </object_component>
      <object_component id="oc-1fa">
         <name>.debug_line</name>
         <load_address>0x1748</load_address>
         <run_address>0x1748</run_address>
         <size>0x93</size>
         <input_file_ref idref="fl-e9"/>
      </object_component>
      <object_component id="oc-1d4">
         <name>.debug_line</name>
         <load_address>0x17db</load_address>
         <run_address>0x17db</run_address>
         <size>0x91</size>
         <input_file_ref idref="fl-ea"/>
      </object_component>
      <object_component id="oc-19f">
         <name>.debug_line</name>
         <load_address>0x186c</load_address>
         <run_address>0x186c</run_address>
         <size>0x91</size>
         <input_file_ref idref="fl-ea"/>
      </object_component>
      <object_component id="oc-265">
         <name>.debug_line</name>
         <load_address>0x18fd</load_address>
         <run_address>0x18fd</run_address>
         <size>0xd6</size>
         <input_file_ref idref="fl-eb"/>
      </object_component>
      <object_component id="oc-263">
         <name>.debug_line</name>
         <load_address>0x19d3</load_address>
         <run_address>0x19d3</run_address>
         <size>0x7c</size>
         <input_file_ref idref="fl-eb"/>
      </object_component>
      <object_component id="oc-106">
         <name>.debug_line</name>
         <load_address>0x1a4f</load_address>
         <run_address>0x1a4f</run_address>
         <size>0xad</size>
         <input_file_ref idref="fl-eb"/>
      </object_component>
      <object_component id="oc-2a0">
         <name>.debug_line</name>
         <load_address>0x1afc</load_address>
         <run_address>0x1afc</run_address>
         <size>0x7a</size>
         <input_file_ref idref="fl-ec"/>
      </object_component>
      <object_component id="oc-1e0">
         <name>.debug_line</name>
         <load_address>0x1b76</load_address>
         <run_address>0x1b76</run_address>
         <size>0xc2</size>
         <input_file_ref idref="fl-ec"/>
      </object_component>
      <object_component id="oc-26e">
         <name>.debug_line</name>
         <load_address>0x1c38</load_address>
         <run_address>0x1c38</run_address>
         <size>0x7b</size>
         <input_file_ref idref="fl-ed"/>
      </object_component>
      <object_component id="oc-24e">
         <name>.debug_line</name>
         <load_address>0x1cb3</load_address>
         <run_address>0x1cb3</run_address>
         <size>0x9b</size>
         <input_file_ref idref="fl-ed"/>
      </object_component>
      <object_component id="oc-293">
         <name>.debug_line</name>
         <load_address>0x1d4e</load_address>
         <run_address>0x1d4e</run_address>
         <size>0xb7</size>
         <input_file_ref idref="fl-ed"/>
      </object_component>
      <object_component id="oc-299">
         <name>.debug_line</name>
         <load_address>0x1e05</load_address>
         <run_address>0x1e05</run_address>
         <size>0xa4</size>
         <input_file_ref idref="fl-ed"/>
      </object_component>
      <object_component id="oc-253">
         <name>.debug_line</name>
         <load_address>0x1ea9</load_address>
         <run_address>0x1ea9</run_address>
         <size>0x92</size>
         <input_file_ref idref="fl-ed"/>
      </object_component>
      <object_component id="oc-247">
         <name>.debug_line</name>
         <load_address>0x1f3b</load_address>
         <run_address>0x1f3b</run_address>
         <size>0x9d</size>
         <input_file_ref idref="fl-ed"/>
      </object_component>
      <object_component id="oc-1e6">
         <name>.debug_line</name>
         <load_address>0x1fd8</load_address>
         <run_address>0x1fd8</run_address>
         <size>0xbb</size>
         <input_file_ref idref="fl-ed"/>
      </object_component>
      <object_component id="oc-1f2">
         <name>.debug_line</name>
         <load_address>0x2093</load_address>
         <run_address>0x2093</run_address>
         <size>0x90</size>
         <input_file_ref idref="fl-ed"/>
      </object_component>
      <object_component id="oc-26a">
         <name>.debug_line</name>
         <load_address>0x2123</load_address>
         <run_address>0x2123</run_address>
         <size>0x9a</size>
         <input_file_ref idref="fl-ed"/>
      </object_component>
      <object_component id="oc-1b5">
         <name>.debug_line</name>
         <load_address>0x21bd</load_address>
         <run_address>0x21bd</run_address>
         <size>0xb7</size>
         <input_file_ref idref="fl-ed"/>
      </object_component>
      <object_component id="oc-259">
         <name>.debug_line</name>
         <load_address>0x2274</load_address>
         <run_address>0x2274</run_address>
         <size>0x1f6</size>
         <input_file_ref idref="fl-ed"/>
      </object_component>
      <object_component id="oc-1ec">
         <name>.debug_line</name>
         <load_address>0x246a</load_address>
         <run_address>0x246a</run_address>
         <size>0x95</size>
[...]
            <object_component_ref idref="oc-154"/>
            <object_component_ref idref="oc-c7"/>
            <object_component_ref idref="oc-b9"/>
            <object_component_ref idref="oc-6e"/>
            <object_component_ref idref="oc-bf"/>
            <object_component_ref idref="oc-68"/>
            <object_component_ref idref="oc-22"/>
            <object_component_ref idref="oc-1c"/>
            <object_component_ref idref="oc-16"/>
         </contents>
      </logical_group>
      <logical_group id="lg-2c2" display="never" color="cyan">
         <name>.debug_pubtypes</name>
         <load_address>0x0</load_address>
         <run_address>0x0</run_address>
         <size>0x879</size>
         <contents>
            <object_component_ref idref="oc-cb"/>
            <object_component_ref idref="oc-8d"/>
            <object_component_ref idref="oc-d8"/>
            <object_component_ref idref="oc-181"/>
            <object_component_ref idref="oc-e0"/>
            <object_component_ref idref="oc-237"/>
            <object_component_ref idref="oc-5d"/>
            <object_component_ref idref="oc-207"/>
            <object_component_ref idref="oc-9f"/>
            <object_component_ref idref="oc-52"/>
            <object_component_ref idref="oc-a4"/>
            <object_component_ref idref="oc-a9"/>
            <object_component_ref idref="oc-48"/>
            <object_component_ref idref="oc-97"/>
            <object_component_ref idref="oc-92"/>
            <object_component_ref idref="oc-4d"/>
            <object_component_ref idref="oc-ae"/>
         </contents>
      </logical_group>
      <load_segment id="lg-2cd" display="no" color="cyan">
         <name>SEGMENT_0</name>
         <load_address>0x0</load_address>
         <run_address>0x0</run_address>
         <size>0x1e10</size>
         <flags>0x5</flags>
         <contents>
            <logical_group_ref idref="lg-3"/>
            <logical_group_ref idref="lg-4"/>
            <logical_group_ref idref="lg-5"/>
            <logical_group_ref idref="lg-6"/>
         </contents>
      </load_segment>
      <load_segment id="lg-2ce" display="no" color="cyan">
         <name>SEGMENT_1</name>
         <run_address>0x20000000</run_address>
         <size>0x46c</size>
         <flags>0x6</flags>
         <contents>
            <logical_group_ref idref="lg-d"/>
            <logical_group_ref idref="lg-b"/>
            <logical_group_ref idref="lg-a"/>
         </contents>
      </load_segment>
   </logical_group_list>
   <placement_map>
      <memory_area display="yes" color="green">
         <name>FLASH</name>
         <page_id>0x0</page_id>
         <origin>0x0</origin>
         <length>0x40000</length>
         <used_space>0x1e10</used_space>
         <unused_space>0x3e1f0</unused_space>
         <attributes>RX</attributes>
         <usage_details>
            <allocated_space>
               <start_address>0x0</start_address>
               <size>0x26c</size>
               <logical_group_ref idref="lg-3"/>
            </allocated_space>
            <allocated_space>
               <start_address>0x26c</start_address>
               <size>0x16f0</size>
               <logical_group_ref idref="lg-4"/>
            </allocated_space>
            <allocated_space>
               <start_address>0x195c</start_address>
               <size>0x464</size>
               <logical_group_ref idref="lg-5"/>
            </allocated_space>
            <allocated_space>
               <start_address>0x1dc0</start_address>
               <size>0x50</size>
               <logical_group_ref idref="lg-6"/>
            </allocated_space>
            <available_space>
               <start_address>0x1e10</start_address>
               <size>0x3e1f0</size>
            </available_space>
         </usage_details>
      </memory_area>
      <memory_area display="yes" color="green">
         <name>SRAM</name>
         <page_id>0x0</page_id>
         <origin>0x20000000</origin>
         <length>0x8000</length>
         <used_space>0x46c</used_space>
         <unused_space>0x7b94</unused_space>
         <attributes>RWX</attributes>
         <usage_details>
            <allocated_space>
               <start_address>0x20000000</start_address>
               <size>0x400</size>
               <logical_group_ref idref="lg-d"/>
            </allocated_space>
            <allocated_space>
               <start_address>0x20000400</start_address>
               <size>0x3c</size>
               <logical_group_ref idref="lg-b"/>
            </allocated_space>
            <allocated_space>
               <start_address>0x2000043c</start_address>
               <size>0x30</size>
               <logical_group_ref idref="lg-a"/>
            </allocated_space>
            <available_space>
               <start_address>0x2000046c</start_address>
               <size>0x7b94</size>
            </available_space>
         </usage_details>
      </memory_area>
   </placement_map>
   <cptbl_list>
      <cptbl>
         <name>__TI_cinit_table</name>
         <cprec>
            <name>.data</name>
            <load_address>0x1dc0</load_address>
            <load_size>0x27</load_size>
            <run_address>0x2000043c</run_address>
            <run_size>0x30</run_size>
            <compression>lzss</compression>
         </cprec>
         <cprec>
            <name>.bss</name>
            <load_address>0x1df8</load_address>
            <load_size>0x8</load_size>
            <run_address>0x20000400</run_address>
            <run_size>0x3c</run_size>
            <compression>zero_init</compression>
         </cprec>
      </cptbl>
   </cptbl_list>
   <handler_table>
      <handler_table_name>__TI_handler_table</handler_table_name>
      <handler>
         <index>0x0</index>
         <name>__TI_decompress_lzss</name>
      </handler>
      <handler>
         <index>0x1</index>
         <name>__TI_decompress_none</name>
      </handler>
      <handler>
         <index>0x2</index>
         <name>__TI_zero_init</name>
      </handler>
   </handler_table>
   <symbol_table>
      <symbol id="sm-1">
         <name>__STACK_TOP</name>
         <value>0x20000400</value>
      </symbol>
      <symbol id="sm-2">
         <name>__TI_CINIT_Base</name>
         <value>0x1e00</value>
      </symbol>
      <symbol id="sm-3">
         <name>__TI_CINIT_Limit</name>
         <value>0x1e10</value>
      </symbol>
      <symbol id="sm-4">
         <name>__TI_Handler_Table_Base</name>
         <value>0x1de8</value>
      </symbol>
      <symbol id="sm-5">
         <name>__TI_Handler_Table_Limit</name>
         <value>0x1df4</value>
      </symbol>
      <symbol id="sm-6">
         <name>binit</name>
         <value>0xffffffff</value>
      </symbol>
      <symbol id="sm-7">
         <name>__binit__</name>
         <value>0xffffffff</value>
      </symbol>
      <symbol id="sm-8">
         <name>__STACK_SIZE</name>
         <value>0x400</value>
      </symbol>
      <symbol id="sm-9">
         <name>__STACK_END</name>
         <value>0x20000400</value>
      </symbol>
      <symbol id="sm-a">
         <name>__c_args__</name>
         <value>0xffffffff</value>
      </symbol>
      <symbol id="sm-b">
         <name>__TI_pprof_out_hndl</name>
         <value>0xffffffff</value>
      </symbol>
      <symbol id="sm-c">
         <name>__TI_prof_data_start</name>
         <value>0xffffffff</value>
      </symbol>
      <symbol id="sm-d">
         <name>__TI_prof_data_size</name>
         <value>0xffffffff</value>
      </symbol>
      <symbol id="sm-1a4">
         <name>copy_in</name>
         <value>0x14d1</value>
         <object_component_ref idref="oc-b5"/>
      </symbol>
      <symbol id="sm-1a5">
         <name>_nop</name>
         <value>0x1957</value>
         <object_component_ref idref="oc-187"/>
      </symbol>
      <symbol id="sm-1a6">
         <name>clearBlack</name>
         <value>0x1621</value>
         <object_component_ref idref="oc-162"/>
      </symbol>
      <symbol id="sm-1a7">
         <name>__mpu_init</name>
         <value>0x1959</value>
         <object_component_ref idref="oc-64"/>
      </symbol>
      <symbol id="sm-1a8">
         <name>__TI_zero_init</name>
         <value>0x190d</value>
         <object_component_ref idref="oc-1e"/>
      </symbol>
      <symbol id="sm-1a9">
         <name>g_sCFAL96x64x16</name>
         <value>0x1d88</value>
         <object_component_ref idref="oc-174"/>
      </symbol>
      <symbol id="sm-1aa">
         <name>main</name>
         <value>0x26d</value>
         <object_component_ref idref="oc-c3"/>
      </symbol>
      <symbol id="sm-1ab">
         <name>_lock</name>
         <value>0x2000045c</value>
         <object_component_ref idref="oc-d3"/>
      </symbol>
      <symbol id="sm-1ac">
         <name>_unlock</name>
         <value>0x20000460</value>
         <object_component_ref idref="oc-d3"/>
      </symbol>
      <symbol id="sm-1ad">
         <name>UARTSend</name>
         <value>0x1719</value>
         <object_component_ref idref="oc-150"/>
      </symbol>
      <symbol id="sm-1ae">
         <name>main_func_sp</name>
         <value>0x20000468</value>
         <object_component_ref idref="oc-82"/>
      </symbol>
      <symbol id="sm-1af">
         <name>__TI_decompress_lzss</name>
         <value>0x12c5</value>
         <object_component_ref idref="oc-12"/>
      </symbol>
      <symbol id="sm-1b0">
         <name>_system_post_cinit</name>
         <value>0x195b</value>
         <object_component_ref idref="oc-bb"/>
      </symbol>
      <symbol id="sm-1b1">
         <name>diplaySplashOnOLED</name>
         <value>0xe39</value>
         <object_component_ref idref="oc-14a"/>
      </symbol>
      <symbol id="sm-1b2">
         <name>__TI_decompress_none</name>
         <value>0x18e7</value>
         <object_component_ref idref="oc-18"/>
      </symbol>
      <symbol id="sm-1b3">
         <name>_system_pre_init</name>
         <value>0x1953</value>
         <object_component_ref idref="oc-6a"/>
      </symbol>
      <symbol id="sm-1ee">
         <name>ResetISR</name>
         <value>0x1947</value>
         <object_component_ref idref="oc-2b"/>
      </symbol>
      <symbol id="sm-1ef">
         <name>g_pfnVectors</name>
         <value>0x0</value>
         <object_component_ref idref="oc-f"/>
      </symbol>
      <symbol id="sm-200">
         <name>_c_int00</name>
         <value>0x1389</value>
         <object_component_ref idref="oc-24"/>
      </symbol>
      <symbol id="sm-201">
         <name>__stack</name>
         <value>0x20000000</value>
         <object_component_ref idref="oc-2a"/>
      </symbol>
      <symbol id="sm-222">
         <name>C$$EXIT</name>
         <value>0x13dd</value>
         <object_component_ref idref="oc-7c"/>
      </symbol>
      <symbol id="sm-223">
         <name>abort</name>
         <value>0x13e1</value>
         <object_component_ref idref="oc-7c"/>
      </symbol>
      <symbol id="sm-224">
         <name>exit</name>
         <value>0x13e9</value>
         <object_component_ref idref="oc-7c"/>
      </symbol>
      <symbol id="sm-225">
         <name>__TI_dtors_ptr</name>
         <value>0x20000454</value>
         <object_component_ref idref="oc-d0"/>
      </symbol>
      <symbol id="sm-226">
         <name>__TI_cleanup_ptr</name>
         <value>0x20000450</value>
         <object_component_ref idref="oc-d0"/>
      </symbol>
      <symbol id="sm-227">
         <name>__TI_enable_exit_profile_output</name>
         <value>0x20000458</value>
         <object_component_ref idref="oc-d0"/>
      </symbol>
      <symbol id="sm-242">
         <name>memcpy</name>
         <value>0xeed</value>
         <object_component_ref idref="oc-56"/>
      </symbol>
      <symbol id="sm-243">
         <name>__aeabi_memcpy</name>
         <value>0xeed</value>
         <object_component_ref idref="oc-56"/>
      </symbol>
      <symbol id="sm-244">
         <name>__aeabi_memcpy8</name>
         <value>0xeed</value>
         <object_component_ref idref="oc-56"/>
      </symbol>
      <symbol id="sm-245">
         <name>__aeabi_memcpy4</name>
         <value>0xeed</value>
         <object_component_ref idref="oc-56"/>
      </symbol>
      <symbol id="sm-254">
         <name>__aeabi_memset</name>
         <value>0x109f</value>
         <object_component_ref idref="oc-5e"/>
      </symbol>
      <symbol id="sm-255">
         <name>memset</name>
         <value>0x10a5</value>
         <object_component_ref idref="oc-5e"/>
      </symbol>
      <symbol id="sm-256">
         <name>__aeabi_memset8</name>
         <value>0x109f</value>
         <object_component_ref idref="oc-5e"/>
      </symbol>
      <symbol id="sm-257">
         <name>__aeabi_memset4</name>
         <value>0x109f</value>
         <object_component_ref idref="oc-5e"/>
      </symbol>
      <symbol id="sm-258">
         <name>__aeabi_memclr8</name>
         <value>0x109d</value>
         <object_component_ref idref="oc-5e"/>
      </symbol>
      <symbol id="sm-259">
         <name>__aeabi_memclr4</name>
         <value>0x109d</value>
         <object_component_ref idref="oc-5e"/>
      </symbol>
      <symbol id="sm-25a">
         <name>__aeabi_memclr</name>
         <value>0x109d</value>
         <object_component_ref idref="oc-5e"/>
      </symbol>
      <symbol id="sm-26e">
         <name>_args_main</name>
         <value>0x1851</value>
         <object_component_ref idref="oc-76"/>
      </symbol>
      <symbol id="sm-28e">
         <name>__TI_auto_init</name>
         <value>0x1119</value>
         <object_component_ref idref="oc-70"/>
      </symbol>
      <symbol id="sm-2ab">
         <name>ADCProcessorTrigger</name>
         <value>0x181f</value>
         <object_component_ref idref="oc-15c"/>
      </symbol>
      <symbol id="sm-2ac">
         <name>ADCIntClear</name>
         <value>0x1919</value>
         <object_component_ref idref="oc-156"/>
      </symbol>
      <symbol id="sm-2b8">
         <name>FPULazyStackingEnable</name>
         <value>0x18a9</value>
         <object_component_ref idref="oc-e4"/>
      </symbol>
      <symbol id="sm-2e7">
         <name>GPIOPinTypeGPIOOutput</name>
         <value>0x1837</value>
         <object_component_ref idref="oc-138"/>
      </symbol>
      <symbol id="sm-2e8">
         <name>GPIOPinRead</name>
         <value>0x1935</value>
         <object_component_ref idref="oc-126"/>
      </symbol>
      <symbol id="sm-2e9">
         <name>GPIODirModeSet</name>
         <value>0x176f</value>
         <object_component_ref idref="oc-11a"/>
      </symbol>
      <symbol id="sm-2ea">
         <name>GPIOPinWrite</name>
         <value>0x193b</value>
         <object_component_ref idref="oc-168"/>
      </symbol>
      <symbol id="sm-2eb">
         <name>GPIOPadConfigSet</name>
         <value>0xa43</value>
         <object_component_ref idref="oc-120"/>
      </symbol>
      <symbol id="sm-2ff">
         <name>IntMasterDisable</name>
         <value>0x18b9</value>
         <object_component_ref idref="oc-fc"/>
      </symbol>
      <symbol id="sm-300">
         <name>IntMasterEnable</name>
         <value>0x18c9</value>
         <object_component_ref idref="oc-13e"/>
      </symbol>
      <symbol id="sm-35d">
         <name>SysCtlClockSet</name>
         <value>0xc85</value>
         <object_component_ref idref="oc-ea"/>
      </symbol>
      <symbol id="sm-35e">
         <name>SysCtlDelay</name>
         <value>0x194d</value>
         <object_component_ref idref="oc-192"/>
      </symbol>
      <symbol id="sm-35f">
         <name>SysCtlPeripheralEnable</name>
         <value>0x1659</value>
         <object_component_ref idref="oc-10e"/>
      </symbol>
      <symbol id="sm-360">
         <name>SysCtlClockGet</name>
         <value>0xb75</value>
         <object_component_ref idref="oc-12c"/>
      </symbol>
      <symbol id="sm-361">
         <name>SysCtlPeripheralReady</name>
         <value>0x15e9</value>
         <object_component_ref idref="oc-114"/>
      </symbol>
      <symbol id="sm-36e">
         <name>TimerEnable</name>
         <value>0x18d9</value>
         <object_component_ref idref="oc-144"/>
      </symbol>
      <symbol id="sm-398">
         <name>UARTConfigSetExpClk</name>
         <value>0x1567</value>
         <object_component_ref idref="oc-132"/>
      </symbol>
      <symbol id="sm-399">
         <name>UARTDisable</name>
         <value>0x17e1</value>
         <object_component_ref idref="oc-1c4"/>
      </symbol>
      <symbol id="sm-39a">
         <name>UARTCharPut</name>
         <value>0x1923</value>
         <object_component_ref idref="oc-1f5"/>
      </symbol>
      <symbol id="sm-39b">
         <name>UARTEnable</name>
         <value>0x1895</value>
         <object_component_ref idref="oc-1ca"/>
      </symbol>
      <symbol id="sm-3ad">
         <name>CPUcpsie</name>
         <value>0x1901</value>
         <object_component_ref idref="oc-1d3"/>
      </symbol>
      <symbol id="sm-3ae">
         <name>CPUcpsid</name>
         <value>0x18f5</value>
         <object_component_ref idref="oc-19d"/>
      </symbol>
      <symbol id="sm-3c9">
         <name>GrContextInit</name>
         <value>0x11f5</value>
         <object_component_ref idref="oc-102"/>
      </symbol>
      <symbol id="sm-3ca">
         <name>g_psDefaultCodePointMapTable</name>
         <value>0x1db0</value>
         <object_component_ref idref="oc-1aa"/>
      </symbol>
      <symbol id="sm-3d8">
         <name>GrRectFill</name>
         <value>0x1017</value>
         <object_component_ref idref="oc-1dc"/>
      </symbol>
      <symbol id="sm-47b">
         <name>GrFontInfoGet</name>
         <value>0x1799</value>
         <object_component_ref idref="oc-243"/>
      </symbol>
      <symbol id="sm-47c">
         <name>GrDefaultStringRenderer</name>
         <value>0xd79</value>
         <object_component_ref idref="oc-1a4"/>
      </symbol>
      <symbol id="sm-47d">
         <name>GrFontGlyphRender</name>
         <value>0x6b5</value>
         <object_component_ref idref="oc-255"/>
      </symbol>
      <symbol id="sm-47e">
         <name>GrContextFontSet</name>
         <value>0x1941</value>
         <object_component_ref idref="oc-108"/>
      </symbol>
      <symbol id="sm-47f">
         <name>GrFontGlyphDataGet</name>
         <value>0x17bf</value>
         <object_component_ref idref="oc-24f"/>
      </symbol>
      <symbol id="sm-480">
         <name>GrStringDraw</name>
         <value>0x187f</value>
         <object_component_ref idref="oc-1ee"/>
      </symbol>
      <symbol id="sm-481">
         <name>GrFontCodepageGet</name>
         <value>0x1801</value>
         <object_component_ref idref="oc-266"/>
      </symbol>
      <symbol id="sm-482">
         <name>GrStringNextCharGet</name>
         <value>0x16bf</value>
         <object_component_ref idref="oc-249"/>
      </symbol>
      <symbol id="sm-483">
         <name>GrStringWidthGet</name>
         <value>0x125d</value>
         <object_component_ref idref="oc-1e2"/>
      </symbol>
      <symbol id="sm-484">
         <name>GrFontBaselineGet</name>
         <value>0x16ed</value>
         <object_component_ref idref="oc-1e8"/>
      </symbol>
      <symbol id="sm-496">
         <name>g_sFontFixed6x8</name>
         <value>0x1c54</value>
         <object_component_ref idref="oc-17a"/>
      </symbol>
      <symbol id="sm-4a3">
         <name>GrMapISO8859_1_Unicode</name>
         <value>0x192d</value>
         <object_component_ref idref="oc-25c"/>
      </symbol>
      <symbol id="sm-4a5">
         <name>__TI_static_base__</name>
         <value>0x0</value>
      </symbol>
      <symbol id="sm-4a8">
         <name>SHT$$INIT_ARRAY$$Limit</name>
         <value>0x0</value>
      </symbol>
      <symbol id="sm-4a9">
         <name>SHT$$INIT_ARRAY$$Base</name>
         <value>0x0</value>
      </symbol>
   </symbol_table>
   <title>Link successful</title>
</link_info>
