<?xml version="1.0"?>
<link_info>
   <banner>TI ARM Linker PC v16.9.6.LTS</banner>
   <copyright>Copyright (c) 1996-2017 Texas Instruments Incorporated</copyright>
   <link_time>0x5a8f9ed7</link_time>
   <link_errors>0x0</link_errors>
   <output_file>CEC322_Hostetter_Link_Lab05.out</output_file>
   <entry_point>
      <name>_c_int00</name>
      <address>0x3121</address>
   </entry_point>
   <input_file_list>
      <input_file id="fl-2">
         <path>.\</path>
         <kind>object</kind>
         <file>Lab5_Interrupts.obj</file>
         <name>Lab5_Interrupts.obj</name>
      </input_file>
      <input_file id="fl-3">
         <path>.\</path>
         <kind>object</kind>
         <file>startup_ccs.obj</file>
         <name>startup_ccs.obj</name>
      </input_file>
      <input_file id="fl-4">
         <path>.\drivers\OLED\</path>
         <kind>object</kind>
         <file>displays.obj</file>
         <name>displays.obj</name>
      </input_file>
      <input_file id="fl-5">
         <path>.\drivers\UART\</path>
         <kind>object</kind>
         <file>personalUART.obj</file>
         <name>personalUART.obj</name>
      </input_file>
      <input_file id="fl-6">
         <path>.\drivers\buttons\</path>
         <kind>object</kind>
         <file>buttons.obj</file>
         <name>buttons.obj</name>
      </input_file>
      <input_file id="fl-7">
         <path>.\drivers\</path>
         <kind>object</kind>
         <file>cfal96x64x16.obj</file>
         <name>cfal96x64x16.obj</name>
      </input_file>
      <input_file id="fl-8">
         <path>.\drivers\comparator\</path>
         <kind>object</kind>
         <file>comparator.obj</file>
         <name>comparator.obj</name>
      </input_file>
      <input_file id="fl-e">
         <kind>object</kind>
         <file>&lt;internal&gt;</file>
         <name>&lt;internal&gt;</name>
      </input_file>
      <input_file id="fl-c4">
         <path>C:\ti\ccsv7\tools\compiler\ti-cgt-arm_16.9.6.LTS\lib\</path>
         <kind>archive</kind>
         <file>rtsv7M4_T_le_v4SPD16_eabi.lib</file>
         <name>boot.obj</name>
      </input_file>
      <input_file id="fl-c5">
         <path>C:\ti\ccsv7\tools\compiler\ti-cgt-arm_16.9.6.LTS\lib\</path>
         <kind>archive</kind>
         <file>rtsv7M4_T_le_v4SPD16_eabi.lib</file>
         <name>copy_decompress_lzss.obj</name>
      </input_file>
      <input_file id="fl-c6">
         <path>C:\ti\ccsv7\tools\compiler\ti-cgt-arm_16.9.6.LTS\lib\</path>
         <kind>archive</kind>
         <file>rtsv7M4_T_le_v4SPD16_eabi.lib</file>
         <name>copy_decompress_none.obj</name>
      </input_file>
      <input_file id="fl-c7">
         <path>C:\ti\ccsv7\tools\compiler\ti-cgt-arm_16.9.6.LTS\lib\</path>
         <kind>archive</kind>
         <file>rtsv7M4_T_le_v4SPD16_eabi.lib</file>
         <name>copy_zero_init.obj</name>
      </input_file>
      <input_file id="fl-c8">
         <path>C:\ti\ccsv7\tools\compiler\ti-cgt-arm_16.9.6.LTS\lib\</path>
         <kind>archive</kind>
         <file>rtsv7M4_T_le_v4SPD16_eabi.lib</file>
         <name>exit.obj</name>
      </input_file>
      <input_file id="fl-c9">
         <path>C:\ti\ccsv7\tools\compiler\ti-cgt-arm_16.9.6.LTS\lib\</path>
         <kind>archive</kind>
         <file>rtsv7M4_T_le_v4SPD16_eabi.lib</file>
         <name>memcpy_t2.obj</name>
      </input_file>
      <input_file id="fl-ca">
         <path>C:\ti\ccsv7\tools\compiler\ti-cgt-arm_16.9.6.LTS\lib\</path>
         <kind>archive</kind>
         <file>rtsv7M4_T_le_v4SPD16_eabi.lib</file>
         <name>memset_t2.obj</name>
      </input_file>
      <input_file id="fl-cb">
         <path>C:\ti\ccsv7\tools\compiler\ti-cgt-arm_16.9.6.LTS\lib\</path>
         <kind>archive</kind>
         <file>rtsv7M4_T_le_v4SPD16_eabi.lib</file>
         <name>mpu_init.obj</name>
      </input_file>
      <input_file id="fl-cc">
         <path>C:\ti\ccsv7\tools\compiler\ti-cgt-arm_16.9.6.LTS\lib\</path>
         <kind>archive</kind>
         <file>rtsv7M4_T_le_v4SPD16_eabi.lib</file>
         <name>pre_init.obj</name>
      </input_file>
      <input_file id="fl-cd">
         <path>C:\ti\ccsv7\tools\compiler\ti-cgt-arm_16.9.6.LTS\lib\</path>
         <kind>archive</kind>
         <file>rtsv7M4_T_le_v4SPD16_eabi.lib</file>
         <name>sprintf.obj</name>
      </input_file>
      <input_file id="fl-ce">
         <path>C:\ti\ccsv7\tools\compiler\ti-cgt-arm_16.9.6.LTS\lib\</path>
         <kind>archive</kind>
         <file>rtsv7M4_T_le_v4SPD16_eabi.lib</file>
         <name>stkdepth_vars.obj</name>
      </input_file>
      <input_file id="fl-cf">
         <path>C:\ti\ccsv7\tools\compiler\ti-cgt-arm_16.9.6.LTS\lib\</path>
         <kind>archive</kind>
         <file>rtsv7M4_T_le_v4SPD16_eabi.lib</file>
         <name>strlen.obj</name>
      </input_file>
      <input_file id="fl-d0">
         <path>C:\ti\ccsv7\tools\compiler\ti-cgt-arm_16.9.6.LTS\lib\</path>
         <kind>archive</kind>
         <file>rtsv7M4_T_le_v4SPD16_eabi.lib</file>
         <name>tolower.obj</name>
      </input_file>
      <input_file id="fl-d1">
         <path>C:\ti\ccsv7\tools\compiler\ti-cgt-arm_16.9.6.LTS\lib\</path>
         <kind>archive</kind>
         <file>rtsv7M4_T_le_v4SPD16_eabi.lib</file>
         <name>_lock.obj</name>
      </input_file>
      <input_file id="fl-d2">
         <path>C:\ti\ccsv7\tools\compiler\ti-cgt-arm_16.9.6.LTS\lib\</path>
         <kind>archive</kind>
         <file>rtsv7M4_T_le_v4SPD16_eabi.lib</file>
         <name>_printfi.obj</name>
      </input_file>
      <input_file id="fl-d3">
         <path>C:\ti\ccsv7\tools\compiler\ti-cgt-arm_16.9.6.LTS\lib\</path>
         <kind>archive</kind>
         <file>rtsv7M4_T_le_v4SPD16_eabi.lib</file>
         <name>args_main.obj</name>
      </input_file>
      <input_file id="fl-d4">
         <path>C:\ti\ccsv7\tools\compiler\ti-cgt-arm_16.9.6.LTS\lib\</path>
         <kind>archive</kind>
         <file>rtsv7M4_T_le_v4SPD16_eabi.lib</file>
         <name>atoi.obj</name>
      </input_file>
      <input_file id="fl-d5">
         <path>C:\ti\ccsv7\tools\compiler\ti-cgt-arm_16.9.6.LTS\lib\</path>
         <kind>archive</kind>
         <file>rtsv7M4_T_le_v4SPD16_eabi.lib</file>
         <name>autoinit.obj</name>
      </input_file>
      <input_file id="fl-d6">
         <path>C:\ti\ccsv7\tools\compiler\ti-cgt-arm_16.9.6.LTS\lib\</path>
         <kind>archive</kind>
         <file>rtsv7M4_T_le_v4SPD16_eabi.lib</file>
         <name>cpy_tbl.obj</name>
      </input_file>
      <input_file id="fl-d7">
         <path>C:\ti\ccsv7\tools\compiler\ti-cgt-arm_16.9.6.LTS\lib\</path>
         <kind>archive</kind>
         <file>rtsv7M4_T_le_v4SPD16_eabi.lib</file>
         <name>ctype.obj</name>
      </input_file>
      <input_file id="fl-d8">
         <path>C:\ti\ccsv7\tools\compiler\ti-cgt-arm_16.9.6.LTS\lib\</path>
         <kind>archive</kind>
         <file>rtsv7M4_T_le_v4SPD16_eabi.lib</file>
         <name>fd_add_t2.obj</name>
      </input_file>
      <input_file id="fl-d9">
         <path>C:\ti\ccsv7\tools\compiler\ti-cgt-arm_16.9.6.LTS\lib\</path>
         <kind>archive</kind>
         <file>rtsv7M4_T_le_v4SPD16_eabi.lib</file>
         <name>fd_cmp_t2.obj</name>
      </input_file>
      <input_file id="fl-da">
         <path>C:\ti\ccsv7\tools\compiler\ti-cgt-arm_16.9.6.LTS\lib\</path>
         <kind>archive</kind>
         <file>rtsv7M4_T_le_v4SPD16_eabi.lib</file>
         <name>fd_div_t2.obj</name>
      </input_file>
      <input_file id="fl-db">
         <path>C:\ti\ccsv7\tools\compiler\ti-cgt-arm_16.9.6.LTS\lib\</path>
         <kind>archive</kind>
         <file>rtsv7M4_T_le_v4SPD16_eabi.lib</file>
         <name>fd_mul_t2.obj</name>
      </input_file>
      <input_file id="fl-dc">
         <path>C:\ti\ccsv7\tools\compiler\ti-cgt-arm_16.9.6.LTS\lib\</path>
         <kind>archive</kind>
         <file>rtsv7M4_T_le_v4SPD16_eabi.lib</file>
         <name>fd_toi_t2.obj</name>
      </input_file>
      <input_file id="fl-dd">
         <path>C:\ti\ccsv7\tools\compiler\ti-cgt-arm_16.9.6.LTS\lib\</path>
         <kind>archive</kind>
         <file>rtsv7M4_T_le_v4SPD16_eabi.lib</file>
         <name>i_tofd_t2.obj</name>
      </input_file>
      <input_file id="fl-de">
         <path>C:\ti\ccsv7\tools\compiler\ti-cgt-arm_16.9.6.LTS\lib\</path>
         <kind>archive</kind>
         <file>rtsv7M4_T_le_v4SPD16_eabi.lib</file>
         <name>ltoa.obj</name>
      </input_file>
      <input_file id="fl-df">
         <path>C:\ti\ccsv7\tools\compiler\ti-cgt-arm_16.9.6.LTS\lib\</path>
         <kind>archive</kind>
         <file>rtsv7M4_T_le_v4SPD16_eabi.lib</file>
         <name>memccpy.obj</name>
      </input_file>
      <input_file id="fl-e0">
         <path>C:\ti\ccsv7\tools\compiler\ti-cgt-arm_16.9.6.LTS\lib\</path>
         <kind>archive</kind>
         <file>rtsv7M4_T_le_v4SPD16_eabi.lib</file>
         <name>s_frexp.obj</name>
      </input_file>
      <input_file id="fl-e1">
         <path>C:\ti\ccsv7\tools\compiler\ti-cgt-arm_16.9.6.LTS\lib\</path>
         <kind>archive</kind>
         <file>rtsv7M4_T_le_v4SPD16_eabi.lib</file>
         <name>s_scalbn.obj</name>
      </input_file>
      <input_file id="fl-e2">
         <path>C:\ti\ccsv7\tools\compiler\ti-cgt-arm_16.9.6.LTS\lib\</path>
         <kind>archive</kind>
         <file>rtsv7M4_T_le_v4SPD16_eabi.lib</file>
         <name>startup.obj</name>
      </input_file>
      <input_file id="fl-e3">
         <path>C:\ti\ccsv7\tools\compiler\ti-cgt-arm_16.9.6.LTS\lib\</path>
         <kind>archive</kind>
         <file>rtsv7M4_T_le_v4SPD16_eabi.lib</file>
         <name>strchr.obj</name>
      </input_file>
      <input_file id="fl-e4">
         <path>C:\ti\ccsv7\tools\compiler\ti-cgt-arm_16.9.6.LTS\lib\</path>
         <kind>archive</kind>
         <file>rtsv7M4_T_le_v4SPD16_eabi.lib</file>
         <name>ull_div_t2.obj</name>
      </input_file>
      <input_file id="fl-e5">
         <path>C:\ti\ccsv7\tools\compiler\ti-cgt-arm_16.9.6.LTS\lib\</path>
         <kind>archive</kind>
         <file>rtsv7M4_T_le_v4SPD16_eabi.lib</file>
         <name>errno.obj</name>
      </input_file>
      <input_file id="fl-e6">
         <path>C:\ti\ccsv7\tools\compiler\ti-cgt-arm_16.9.6.LTS\lib\</path>
         <kind>archive</kind>
         <file>rtsv7M4_T_le_v4SPD16_eabi.lib</file>
         <name>s_copysign.obj</name>
      </input_file>
      <input_file id="fl-e7">
         <path>C:\ti\TivaWare_C_Series-2.1.3.156\driverlib\ccs\Debug\</path>
         <kind>archive</kind>
         <file>driverlib.lib</file>
         <name>fpu.obj</name>
      </input_file>
      <input_file id="fl-e8">
         <path>C:\ti\TivaWare_C_Series-2.1.3.156\driverlib\ccs\Debug\</path>
         <kind>archive</kind>
         <file>driverlib.lib</file>
         <name>gpio.obj</name>
      </input_file>
      <input_file id="fl-e9">
         <path>C:\ti\TivaWare_C_Series-2.1.3.156\driverlib\ccs\Debug\</path>
         <kind>archive</kind>
         <file>driverlib.lib</file>
         <name>interrupt.obj</name>
      </input_file>
      <input_file id="fl-ea">
         <path>C:\ti\TivaWare_C_Series-2.1.3.156\driverlib\ccs\Debug\</path>
         <kind>archive</kind>
         <file>driverlib.lib</file>
         <name>sysctl.obj</name>
      </input_file>
      <input_file id="fl-eb">
         <path>C:\ti\TivaWare_C_Series-2.1.3.156\driverlib\ccs\Debug\</path>
         <kind>archive</kind>
         <file>driverlib.lib</file>
         <name>uart.obj</name>
      </input_file>
      <input_file id="fl-ec">
         <path>C:\ti\TivaWare_C_Series-2.1.3.156\driverlib\ccs\Debug\</path>
         <kind>archive</kind>
         <file>driverlib.lib</file>
         <name>cpu.obj</name>
      </input_file>
      <input_file id="fl-ed">
         <path>C:\ti\TivaWare_C_Series-2.1.3.156\grlib\ccs\Debug\</path>
         <kind>archive</kind>
         <file>grlib.lib</file>
         <name>context.obj</name>
      </input_file>
      <input_file id="fl-ee">
         <path>C:\ti\TivaWare_C_Series-2.1.3.156\grlib\ccs\Debug\</path>
         <kind>archive</kind>
         <file>grlib.lib</file>
         <name>rectangle.obj</name>
      </input_file>
      <input_file id="fl-ef">
         <path>C:\ti\TivaWare_C_Series-2.1.3.156\grlib\ccs\Debug\</path>
         <kind>archive</kind>
         <file>grlib.lib</file>
         <name>string.obj</name>
      </input_file>
      <input_file id="fl-f0">
         <path>C:\ti\TivaWare_C_Series-2.1.3.156\grlib\ccs\Debug\</path>
         <kind>archive</kind>
         <file>grlib.lib</file>
         <name>fontfixed6x8.obj</name>
      </input_file>
      <input_file id="fl-f1">
         <path>C:\ti\TivaWare_C_Series-2.1.3.156\grlib\ccs\Debug\</path>
         <kind>archive</kind>
         <file>grlib.lib</file>
         <name>charmap.obj</name>
      </input_file>
      <input_file id="fl-f2">
         <path>C:\ti\TivaWare_C_Series-2.1.3.156\grlib\ccs\Debug\</path>
         <kind>archive</kind>
         <file>grlib.lib</file>
         <name>line.obj</name>
      </input_file>
   </input_file_list>
   <object_component_list>
      <object_component id="oc-f">
         <name>.intvecs</name>
         <load_address>0x0</load_address>
         <run_address>0x0</run_address>
         <size>0x26c</size>
         <input_file_ref idref="fl-3"/>
      </object_component>
      <object_component id="oc-1e8">
         <name>.text</name>
         <load_address>0x26c</load_address>
         <run_address>0x26c</run_address>
         <size>0x113e</size>
         <input_file_ref idref="fl-d2"/>
      </object_component>
      <object_component id="oc-386">
         <name>.text:GrFontGlyphRender</name>
         <load_address>0x13aa</load_address>
         <run_address>0x13aa</run_address>
         <size>0x254</size>
         <input_file_ref idref="fl-ef"/>
      </object_component>
      <object_component id="oc-302">
         <name>.text</name>
         <load_address>0x15fe</load_address>
         <run_address>0x15fe</run_address>
         <size>0x1f4</size>
         <input_file_ref idref="fl-e4"/>
      </object_component>
      <object_component id="oc-2d8">
         <name>.text:CFAL96x64x16PixelDrawMultiple</name>
         <load_address>0x17f2</load_address>
         <run_address>0x17f2</run_address>
         <size>0x1be</size>
         <input_file_ref idref="fl-7"/>
      </object_component>
      <object_component id="oc-16f">
         <name>.text:CFAL96x64x16Init</name>
         <load_address>0x19b0</load_address>
         <run_address>0x19b0</run_address>
         <size>0x1b8</size>
         <input_file_ref idref="fl-7"/>
      </object_component>
      <object_component id="oc-331">
         <name>.text</name>
         <load_address>0x1b68</load_address>
         <run_address>0x1b68</run_address>
         <size>0x1b6</size>
         <input_file_ref idref="fl-d8"/>
      </object_component>
      <object_component id="oc-317">
         <name>.text</name>
         <load_address>0x1d1e</load_address>
         <run_address>0x1d1e</run_address>
         <size>0x136</size>
         <input_file_ref idref="fl-da"/>
      </object_component>
      <object_component id="oc-253">
         <name>.text:GPIOPadConfigSet</name>
         <load_address>0x1e54</load_address>
         <run_address>0x1e54</run_address>
         <size>0x132</size>
         <input_file_ref idref="fl-e8"/>
      </object_component>
      <object_component id="oc-37">
         <name>.text:FaultISR</name>
         <load_address>0x1f86</load_address>
         <run_address>0x1f86</run_address>
         <size>0x2</size>
         <input_file_ref idref="fl-3"/>
      </object_component>
      <object_component id="oc-27e">
         <name>.text:SysCtlClockGet</name>
         <load_address>0x1f88</load_address>
         <run_address>0x1f88</run_address>
         <size>0x110</size>
         <input_file_ref idref="fl-ea"/>
      </object_component>
      <object_component id="oc-312">
         <name>.text</name>
         <load_address>0x2098</load_address>
         <run_address>0x2098</run_address>
         <size>0xfc</size>
         <input_file_ref idref="fl-db"/>
      </object_component>
      <object_component id="oc-33c">
         <name>.text</name>
         <load_address>0x2194</load_address>
         <run_address>0x2194</run_address>
         <size>0xfc</size>
         <input_file_ref idref="fl-e1"/>
      </object_component>
      <object_component id="oc-169">
         <name>.text:SysCtlClockSet</name>
         <load_address>0x2290</load_address>
         <run_address>0x2290</run_address>
         <size>0xf4</size>
         <input_file_ref idref="fl-ea"/>
      </object_component>
      <object_component id="oc-b9">
         <name>.text:diplayInfoOnBoard</name>
         <load_address>0x2384</load_address>
         <run_address>0x2384</run_address>
         <size>0xe8</size>
         <input_file_ref idref="fl-2"/>
      </object_component>
      <object_component id="oc-105">
         <name>.text:main</name>
         <load_address>0x246c</load_address>
         <run_address>0x246c</run_address>
         <size>0xdc</size>
         <input_file_ref idref="fl-2"/>
      </object_component>
      <object_component id="oc-2e4">
         <name>.text:CFAL96x64x16LineDrawV</name>
         <load_address>0x2548</load_address>
         <run_address>0x2548</run_address>
         <size>0xd8</size>
         <input_file_ref idref="fl-7"/>
      </object_component>
      <object_component id="oc-1b1">
         <name>.text:diplaySplashOnOLED</name>
         <load_address>0x2620</load_address>
         <run_address>0x2620</run_address>
         <size>0xd8</size>
         <input_file_ref idref="fl-2"/>
      </object_component>
      <object_component id="oc-1b7">
         <name>.text:printMainMenu</name>
         <load_address>0x26f8</load_address>
         <run_address>0x26f8</run_address>
         <size>0xd4</size>
         <input_file_ref idref="fl-2"/>
      </object_component>
      <object_component id="oc-237">
         <name>.text:GrDefaultStringRenderer</name>
         <load_address>0x27cc</load_address>
         <run_address>0x27cc</run_address>
         <size>0xc0</size>
         <input_file_ref idref="fl-ef"/>
      </object_component>
      <object_component id="oc-2de">
         <name>.text:CFAL96x64x16LineDrawH</name>
         <load_address>0x288c</load_address>
         <run_address>0x288c</run_address>
         <size>0xb8</size>
         <input_file_ref idref="fl-7"/>
      </object_component>
      <object_component id="oc-63">
         <name>.text</name>
         <load_address>0x2944</load_address>
         <run_address>0x2944</run_address>
         <size>0x9c</size>
         <input_file_ref idref="fl-c9"/>
      </object_component>
      <object_component id="oc-13a">
         <name>.text:GrRectFill</name>
         <load_address>0x29e0</load_address>
         <run_address>0x29e0</run_address>
         <size>0x86</size>
         <input_file_ref idref="fl-ee"/>
      </object_component>
      <object_component id="oc-30d">
         <name>.text:__aeabi_cdcmple</name>
         <load_address>0x2a66</load_address>
         <run_address>0x2a66</run_address>
         <size>0x86</size>
         <input_file_ref idref="fl-d9"/>
      </object_component>
      <object_component id="oc-31c">
         <name>.text:__aeabi_cdrcmple</name>
         <load_address>0x2aec</load_address>
         <run_address>0x2aec</run_address>
         <size>0x86</size>
         <input_file_ref idref="fl-d9"/>
      </object_component>
      <object_component id="oc-6f">
         <name>.text</name>
         <load_address>0x2b72</load_address>
         <run_address>0x2b72</run_address>
         <size>0x7a</size>
         <input_file_ref idref="fl-ca"/>
      </object_component>
      <object_component id="oc-87">
         <name>.text</name>
         <load_address>0x2bec</load_address>
         <run_address>0x2bec</run_address>
         <size>0x70</size>
         <input_file_ref idref="fl-d5"/>
      </object_component>
      <object_component id="oc-19f">
         <name>.text:setupComparator</name>
         <load_address>0x2c5c</load_address>
         <run_address>0x2c5c</run_address>
         <size>0x70</size>
         <input_file_ref idref="fl-8"/>
      </object_component>
      <object_component id="oc-199">
         <name>.text:setupUART</name>
         <load_address>0x2ccc</load_address>
         <run_address>0x2ccc</run_address>
         <size>0x70</size>
         <input_file_ref idref="fl-5"/>
      </object_component>
      <object_component id="oc-17b">
         <name>.text:GrContextInit</name>
         <load_address>0x2d3c</load_address>
         <run_address>0x2d3c</run_address>
         <size>0x68</size>
         <input_file_ref idref="fl-ed"/>
      </object_component>
      <object_component id="oc-128">
         <name>.text:GrStringWidthGet</name>
         <load_address>0x2da4</load_address>
         <run_address>0x2da4</run_address>
         <size>0x68</size>
         <input_file_ref idref="fl-ef"/>
      </object_component>
      <object_component id="oc-28a">
         <name>.text:IntEnable</name>
         <load_address>0x2e0c</load_address>
         <run_address>0x2e0c</run_address>
         <size>0x68</size>
         <input_file_ref idref="fl-e9"/>
      </object_component>
      <object_component id="oc-12">
         <name>.text:decompress:lzss</name>
         <load_address>0x2e74</load_address>
         <run_address>0x2e74</run_address>
         <size>0x68</size>
         <input_file_ref idref="fl-c5"/>
      </object_component>
      <object_component id="oc-193">
         <name>.text:ButtonsInit</name>
         <load_address>0x2edc</load_address>
         <run_address>0x2edc</run_address>
         <size>0x64</size>
         <input_file_ref idref="fl-6"/>
      </object_component>
      <object_component id="oc-336">
         <name>.text</name>
         <load_address>0x2f40</load_address>
         <run_address>0x2f40</run_address>
         <size>0x64</size>
         <input_file_ref idref="fl-e0"/>
      </object_component>
      <object_component id="oc-220">
         <name>.text:CFAL96x64x16WriteCommand</name>
         <load_address>0x2fa4</load_address>
         <run_address>0x2fa4</run_address>
         <size>0x60</size>
         <input_file_ref idref="fl-7"/>
      </object_component>
      <object_component id="oc-3d5">
         <name>.text:CFAL96x64x16WriteData</name>
         <load_address>0x3004</load_address>
         <run_address>0x3004</run_address>
         <size>0x60</size>
         <input_file_ref idref="fl-7"/>
      </object_component>
      <object_component id="oc-122">
         <name>.text</name>
         <load_address>0x3064</load_address>
         <run_address>0x3064</run_address>
         <size>0x60</size>
         <input_file_ref idref="fl-cd"/>
      </object_component>
      <object_component id="oc-368">
         <name>.text:FontWideGlyphDataGet</name>
         <load_address>0x30c4</load_address>
         <run_address>0x30c4</run_address>
         <size>0x5a</size>
         <input_file_ref idref="fl-ef"/>
      </object_component>
      <object_component id="oc-3d">
         <name>.text:IntDefaultHandler</name>
         <load_address>0x311e</load_address>
         <run_address>0x311e</run_address>
         <size>0x2</size>
         <input_file_ref idref="fl-3"/>
      </object_component>
      <object_component id="oc-24">
         <name>.text</name>
         <load_address>0x3120</load_address>
         <run_address>0x3120</run_address>
         <size>0x54</size>
         <input_file_ref idref="fl-c4"/>
      </object_component>
      <object_component id="oc-93">
         <name>.text</name>
         <load_address>0x3174</load_address>
         <run_address>0x3174</run_address>
         <size>0x54</size>
         <input_file_ref idref="fl-c8"/>
      </object_component>
      <object_component id="oc-326">
         <name>.text</name>
         <load_address>0x31c8</load_address>
         <run_address>0x31c8</run_address>
         <size>0x54</size>
         <input_file_ref idref="fl-de"/>
      </object_component>
      <object_component id="oc-2d2">
         <name>.text:CFAL96x64x16PixelDraw</name>
         <load_address>0x321c</load_address>
         <run_address>0x321c</run_address>
         <size>0x4e</size>
         <input_file_ref idref="fl-7"/>
      </object_component>
      <object_component id="oc-31">
         <name>.text:NmiSR</name>
         <load_address>0x326a</load_address>
         <run_address>0x326a</run_address>
         <size>0x2</size>
         <input_file_ref idref="fl-3"/>
      </object_component>
      <object_component id="oc-ce">
         <name>.text:clearBlack</name>
         <load_address>0x326c</load_address>
         <run_address>0x326c</run_address>
         <size>0x4c</size>
         <input_file_ref idref="fl-2"/>
      </object_component>
      <object_component id="oc-348">
         <name>.text</name>
         <load_address>0x32b8</load_address>
         <run_address>0x32b8</run_address>
         <size>0x4c</size>
         <input_file_ref idref="fl-d4"/>
      </object_component>
      <object_component id="oc-f7">
         <name>.text</name>
         <load_address>0x3304</load_address>
         <run_address>0x3304</run_address>
         <size>0x4c</size>
         <input_file_ref idref="fl-d6"/>
      </object_component>
      <object_component id="oc-244">
         <name>.text:UpdateContextCharMapping</name>
         <load_address>0x3350</load_address>
         <run_address>0x3350</run_address>
         <size>0x4a</size>
         <input_file_ref idref="fl-ef"/>
      </object_component>
      <object_component id="oc-7b">
         <name>.text</name>
         <load_address>0x339a</load_address>
         <run_address>0x339a</run_address>
         <size>0x2</size>
         <input_file_ref idref="fl-cb"/>
      </object_component>
      <object_component id="oc-43">
         <name>.text:IntUART0</name>
         <load_address>0x339c</load_address>
         <run_address>0x339c</run_address>
         <size>0x48</size>
         <input_file_ref idref="fl-2"/>
      </object_component>
      <object_component id="oc-321">
         <name>.text</name>
         <load_address>0x33e4</load_address>
         <run_address>0x33e4</run_address>
         <size>0x48</size>
         <input_file_ref idref="fl-dc"/>
      </object_component>
      <object_component id="oc-284">
         <name>.text:UARTConfigSetExpClk</name>
         <load_address>0x342c</load_address>
         <run_address>0x342c</run_address>
         <size>0x46</size>
         <input_file_ref idref="fl-eb"/>
      </object_component>
      <object_component id="oc-226">
         <name>.text:CFAL96x64x16RectFill</name>
         <load_address>0x3472</load_address>
         <run_address>0x3472</run_address>
         <size>0x44</size>
         <input_file_ref idref="fl-7"/>
      </object_component>
      <object_component id="oc-fd">
         <name>.text</name>
         <load_address>0x34b6</load_address>
         <run_address>0x34b6</run_address>
         <size>0x2</size>
         <input_file_ref idref="fl-e2"/>
      </object_component>
      <object_component id="oc-3a2">
         <name>.text:_GPIOIntNumberGet</name>
         <load_address>0x34b8</load_address>
         <run_address>0x34b8</run_address>
         <size>0x40</size>
         <input_file_ref idref="fl-e8"/>
      </object_component>
      <object_component id="oc-49">
         <name>.text:IntComp0</name>
         <load_address>0x34f8</load_address>
         <run_address>0x34f8</run_address>
         <size>0x3c</size>
         <input_file_ref idref="fl-2"/>
      </object_component>
      <object_component id="oc-36e">
         <name>.text:FontGlyphDataGet</name>
         <load_address>0x3534</load_address>
         <run_address>0x3534</run_address>
         <size>0x3a</size>
         <input_file_ref idref="fl-ef"/>
      </object_component>
      <object_component id="oc-18d">
         <name>.text:SysCtlPeripheralReady</name>
         <load_address>0x3570</load_address>
         <run_address>0x3570</run_address>
         <size>0x38</size>
         <input_file_ref idref="fl-ea"/>
      </object_component>
      <object_component id="oc-3a8">
         <name>.text:IntRegister</name>
         <load_address>0x35a8</load_address>
         <run_address>0x35a8</run_address>
         <size>0x34</size>
         <input_file_ref idref="fl-e9"/>
      </object_component>
      <object_component id="oc-187">
         <name>.text:SysCtlPeripheralEnable</name>
         <load_address>0x35dc</load_address>
         <run_address>0x35dc</run_address>
         <size>0x34</size>
         <input_file_ref idref="fl-ea"/>
      </object_component>
      <object_component id="oc-2c5">
         <name>.text:UARTSend</name>
         <load_address>0x3610</load_address>
         <run_address>0x3610</run_address>
         <size>0x30</size>
         <input_file_ref idref="fl-2"/>
      </object_component>
      <object_component id="oc-1f5">
         <name>.text:GrStringNextCharGet</name>
         <load_address>0x3640</load_address>
         <run_address>0x3640</run_address>
         <size>0x2e</size>
         <input_file_ref idref="fl-ef"/>
      </object_component>
      <object_component id="oc-32c">
         <name>.text</name>
         <load_address>0x366e</load_address>
         <run_address>0x366e</run_address>
         <size>0x2e</size>
         <input_file_ref idref="fl-dd"/>
      </object_component>
      <object_component id="oc-2af">
         <name>.text:ComparatorIntRegister</name>
         <load_address>0x369c</load_address>
         <run_address>0x369c</run_address>
         <size>0x2c</size>
         <input_file_ref idref="fl-8"/>
      </object_component>
      <object_component id="oc-12e">
         <name>.text:GrFontBaselineGet</name>
         <load_address>0x36c8</load_address>
         <run_address>0x36c8</run_address>
         <size>0x2c</size>
         <input_file_ref idref="fl-ef"/>
      </object_component>
      <object_component id="oc-24d">
         <name>.text:GPIODirModeSet</name>
         <load_address>0x36f4</load_address>
         <run_address>0x36f4</run_address>
         <size>0x2a</size>
         <input_file_ref idref="fl-e8"/>
      </object_component>
      <object_component id="oc-2ea">
         <name>.text:CFAL96x64x16ColorTranslate</name>
         <load_address>0x371e</load_address>
         <run_address>0x371e</run_address>
         <size>0x28</size>
         <input_file_ref idref="fl-7"/>
      </object_component>
      <object_component id="oc-201">
         <name>.text:GrFontInfoGet</name>
         <load_address>0x3746</load_address>
         <run_address>0x3746</run_address>
         <size>0x26</size>
         <input_file_ref idref="fl-ef"/>
      </object_component>
      <object_component id="oc-4f">
         <name>.text:IntButtons</name>
         <load_address>0x376c</load_address>
         <run_address>0x376c</run_address>
         <size>0x24</size>
         <input_file_ref idref="fl-2"/>
      </object_component>
      <object_component id="oc-1fb">
         <name>.text:GrFontGlyphDataGet</name>
         <load_address>0x3790</load_address>
         <run_address>0x3790</run_address>
         <size>0x22</size>
         <input_file_ref idref="fl-ef"/>
      </object_component>
      <object_component id="oc-272">
         <name>.text:UARTDisable</name>
         <load_address>0x37b4</load_address>
         <run_address>0x37b4</run_address>
         <size>0x20</size>
         <input_file_ref idref="fl-eb"/>
      </object_component>
      <object_component id="oc-397">
         <name>.text:GrFontCodepageGet</name>
         <load_address>0x37d4</load_address>
         <run_address>0x37d4</run_address>
         <size>0x1e</size>
         <input_file_ref idref="fl-ef"/>
      </object_component>
      <object_component id="oc-2b5">
         <name>.text:ComparatorIntEnable</name>
         <load_address>0x37f2</load_address>
         <run_address>0x37f2</run_address>
         <size>0x1c</size>
         <input_file_ref idref="fl-8"/>
      </object_component>
      <object_component id="oc-34e">
         <name>.text</name>
         <load_address>0x380e</load_address>
         <run_address>0x380e</run_address>
         <size>0x1c</size>
         <input_file_ref idref="fl-df"/>
      </object_component>
      <object_component id="oc-2a3">
         <name>.text:ComparatorConfigure</name>
         <load_address>0x382a</load_address>
         <run_address>0x382a</run_address>
         <size>0x1a</size>
         <input_file_ref idref="fl-8"/>
      </object_component>
      <object_component id="oc-265">
         <name>.text:GPIOIntRegister</name>
         <load_address>0x3844</load_address>
         <run_address>0x3844</run_address>
         <size>0x18</size>
         <input_file_ref idref="fl-e8"/>
      </object_component>
      <object_component id="oc-1a5">
         <name>.text:GPIOPinTypeGPIOOutput</name>
         <load_address>0x385c</load_address>
         <run_address>0x385c</run_address>
         <size>0x18</size>
         <input_file_ref idref="fl-e8"/>
      </object_component>
      <object_component id="oc-8d">
         <name>.text</name>
         <load_address>0x3874</load_address>
         <run_address>0x3874</run_address>
         <size>0x18</size>
         <input_file_ref idref="fl-d3"/>
      </object_component>
      <object_component id="oc-c8">
         <name>.text:ComparatorIntClear</name>
         <load_address>0x388c</load_address>
         <run_address>0x388c</run_address>
         <size>0x16</size>
         <input_file_ref idref="fl-8"/>
      </object_component>
      <object_component id="oc-134">
         <name>.text:GrStringDraw</name>
         <load_address>0x38a2</load_address>
         <run_address>0x38a2</run_address>
         <size>0x16</size>
         <input_file_ref idref="fl-ef"/>
      </object_component>
      <object_component id="oc-342">
         <name>.text</name>
         <load_address>0x38b8</load_address>
         <run_address>0x38b8</run_address>
         <size>0x16</size>
         <input_file_ref idref="fl-e3"/>
      </object_component>
      <object_component id="oc-296">
         <name>.text:UARTEnable</name>
         <load_address>0x38ce</load_address>
         <run_address>0x38ce</run_address>
         <size>0x14</size>
         <input_file_ref idref="fl-eb"/>
      </object_component>
      <object_component id="oc-1da">
         <name>.text</name>
         <load_address>0x38e4</load_address>
         <run_address>0x38e4</run_address>
         <size>0x14</size>
         <input_file_ref idref="fl-d1"/>
      </object_component>
      <object_component id="oc-3fa">
         <name>.text</name>
         <load_address>0x38f8</load_address>
         <run_address>0x38f8</run_address>
         <size>0x14</size>
         <input_file_ref idref="fl-e6"/>
      </object_component>
      <object_component id="oc-307">
         <name>.text</name>
         <load_address>0x390c</load_address>
         <run_address>0x390c</run_address>
         <size>0x14</size>
         <input_file_ref idref="fl-cf"/>
      </object_component>
      <object_component id="oc-29d">
         <name>.text:ComparatorRefSet</name>
         <load_address>0x3920</load_address>
         <run_address>0x3920</run_address>
         <size>0x12</size>
         <input_file_ref idref="fl-8"/>
      </object_component>
      <object_component id="oc-2a9">
         <name>.text:GPIOPinTypeComparator</name>
         <load_address>0x3932</load_address>
         <run_address>0x3932</run_address>
         <size>0x12</size>
         <input_file_ref idref="fl-e8"/>
      </object_component>
      <object_component id="oc-278">
         <name>.text:GPIOPinTypeUART</name>
         <load_address>0x3944</load_address>
         <run_address>0x3944</run_address>
         <size>0x12</size>
         <input_file_ref idref="fl-e8"/>
      </object_component>
      <object_component id="oc-163">
         <name>.text:FPULazyStackingEnable</name>
         <load_address>0x3958</load_address>
         <run_address>0x3958</run_address>
         <size>0x10</size>
         <input_file_ref idref="fl-e7"/>
      </object_component>
      <object_component id="oc-175">
         <name>.text:IntMasterDisable</name>
         <load_address>0x3968</load_address>
         <run_address>0x3968</run_address>
         <size>0x10</size>
         <input_file_ref idref="fl-e9"/>
      </object_component>
      <object_component id="oc-1ab">
         <name>.text:IntMasterEnable</name>
         <load_address>0x3978</load_address>
         <run_address>0x3978</run_address>
         <size>0x10</size>
         <input_file_ref idref="fl-e9"/>
      </object_component>
      <object_component id="oc-1c3">
         <name>.text</name>
         <load_address>0x3988</load_address>
         <run_address>0x3988</run_address>
         <size>0x10</size>
         <input_file_ref idref="fl-d0"/>
      </object_component>
      <object_component id="oc-ad">
         <name>.text:UARTCharGetNonBlocking</name>
         <load_address>0x3998</load_address>
         <run_address>0x3998</run_address>
         <size>0xe</size>
         <input_file_ref idref="fl-eb"/>
      </object_component>
      <object_component id="oc-b3">
         <name>.text:UARTCharsAvail</name>
         <load_address>0x39a6</load_address>
         <run_address>0x39a6</run_address>
         <size>0xe</size>
         <input_file_ref idref="fl-eb"/>
      </object_component>
      <object_component id="oc-18">
         <name>.text:decompress:none</name>
         <load_address>0x39b4</load_address>
         <run_address>0x39b4</run_address>
         <size>0xe</size>
         <input_file_ref idref="fl-c6"/>
      </object_component>
      <object_component id="oc-230">
         <name>.text:CPUcpsid</name>
         <load_address>0x39c2</load_address>
         <run_address>0x39c2</run_address>
         <size>0xc</size>
         <input_file_ref idref="fl-ec"/>
      </object_component>
      <object_component id="oc-2bd">
         <name>.text:CPUcpsie</name>
         <load_address>0x39ce</load_address>
         <run_address>0x39ce</run_address>
         <size>0xc</size>
         <input_file_ref idref="fl-ec"/>
      </object_component>
      <object_component id="oc-25f">
         <name>.text:GPIOIntEnable</name>
         <load_address>0x39da</load_address>
         <run_address>0x39da</run_address>
         <size>0xc</size>
         <input_file_ref idref="fl-e8"/>
      </object_component>
      <object_component id="oc-1e">
         <name>.text:decompress:ZI</name>
         <load_address>0x39e6</load_address>
         <run_address>0x39e6</run_address>
         <size>0xc</size>
         <input_file_ref idref="fl-c7"/>
      </object_component>
      <object_component id="oc-2f0">
         <name>.text:CFAL96x64x16Flush</name>
         <load_address>0x39f2</load_address>
         <run_address>0x39f2</run_address>
         <size>0xa</size>
         <input_file_ref idref="fl-7"/>
      </object_component>
      <object_component id="oc-3c9">
         <name>.text:UARTCharPut</name>
         <load_address>0x39fc</load_address>
         <run_address>0x39fc</run_address>
         <size>0xa</size>
         <input_file_ref idref="fl-eb"/>
      </object_component>
      <object_component id="oc-a1">
         <name>.text:UARTIntStatus</name>
         <load_address>0x3a06</load_address>
         <run_address>0x3a06</run_address>
         <size>0xa</size>
         <input_file_ref idref="fl-eb"/>
      </object_component>
      <object_component id="oc-38d">
         <name>.text:GrMapISO8859_1_Unicode</name>
         <load_address>0x3a10</load_address>
         <run_address>0x3a10</run_address>
         <size>0x8</size>
         <input_file_ref idref="fl-f1"/>
      </object_component>
      <object_component id="oc-290">
         <name>.text:UARTIntEnable</name>
         <load_address>0x3a18</load_address>
         <run_address>0x3a18</run_address>
         <size>0x8</size>
         <input_file_ref idref="fl-eb"/>
      </object_component>
      <object_component id="oc-d6">
         <name>.text:GPIOIntClear</name>
         <load_address>0x3a20</load_address>
         <run_address>0x3a20</run_address>
         <size>0x6</size>
         <input_file_ref idref="fl-e8"/>
      </object_component>
      <object_component id="oc-259">
         <name>.text:GPIOPinRead</name>
         <load_address>0x3a26</load_address>
         <run_address>0x3a26</run_address>
         <size>0x6</size>
         <input_file_ref idref="fl-e8"/>
      </object_component>
      <object_component id="oc-1bd">
         <name>.text:GPIOPinWrite</name>
         <load_address>0x3a2c</load_address>
         <run_address>0x3a2c</run_address>
         <size>0x6</size>
         <input_file_ref idref="fl-e8"/>
      </object_component>
      <object_component id="oc-181">
         <name>.text:GrContextFontSet</name>
         <load_address>0x3a32</load_address>
         <run_address>0x3a32</run_address>
         <size>0x6</size>
         <input_file_ref idref="fl-ef"/>
      </object_component>
      <object_component id="oc-2b">
         <name>.text:ResetISR</name>
         <load_address>0x3a38</load_address>
         <run_address>0x3a38</run_address>
         <size>0x6</size>
         <input_file_ref idref="fl-3"/>
      </object_component>
      <object_component id="oc-21d">
         <name>.text:SysCtlDelay</name>
         <load_address>0x3a3e</load_address>
         <run_address>0x3a3e</run_address>
         <size>0x6</size>
         <input_file_ref idref="fl-ea"/>
      </object_component>
      <object_component id="oc-a7">
         <name>.text:UARTIntClear</name>
         <load_address>0x3a44</load_address>
         <run_address>0x3a44</run_address>
         <size>0x4</size>
         <input_file_ref idref="fl-eb"/>
      </object_component>
      <object_component id="oc-81">
         <name>.text</name>
         <load_address>0x3a48</load_address>
         <run_address>0x3a48</run_address>
         <size>0x4</size>
         <input_file_ref idref="fl-cc"/>
      </object_component>
      <object_component id="oc-2f9">
         <name>.const:.string:g_pui8FontFixed6x8Data</name>
         <load_address>0x3a4c</load_address>
         <run_address>0x3a4c</run_address>
         <size>0x2f8</size>
         <input_file_ref idref="fl-f0"/>
      </object_component>
      <object_component id="oc-2cd">
         <name>.const:.string:_ctypes_</name>
         <load_address>0x3d44</load_address>
         <run_address>0x3d44</run_address>
         <size>0x101</size>
         <input_file_ref idref="fl-d7"/>
      </object_component>
      <object_component id="oc-1cc">
         <name>.const:g_sFontFixed6x8</name>
         <load_address>0x3e48</load_address>
         <run_address>0x3e48</run_address>
         <size>0xc8</size>
         <input_file_ref idref="fl-f0"/>
      </object_component>
      <object_component id="oc-418">
         <name>.const:g_ppui32GPIOIntMapBlizzard</name>
         <load_address>0x3f10</load_address>
         <run_address>0x3f10</run_address>
         <size>0xc0</size>
         <input_file_ref idref="fl-e8"/>
      </object_component>
      <object_component id="oc-41b">
         <name>.const:g_ppui32GPIOIntMapSnowflake</name>
         <load_address>0x3fd0</load_address>
         <run_address>0x3fd0</run_address>
         <size>0xc0</size>
         <input_file_ref idref="fl-e8"/>
      </object_component>
      <object_component id="oc-3bb">
         <name>.const</name>
         <load_address>0x4090</load_address>
         <run_address>0x4090</run_address>
         <size>0x70</size>
         <input_file_ref idref="fl-e9"/>
      </object_component>
      <object_component id="oc-3b6">
         <name>.const:g_pui32Xtals</name>
         <load_address>0x4100</load_address>
         <run_address>0x4100</run_address>
         <size>0x6c</size>
         <input_file_ref idref="fl-ea"/>
      </object_component>
      <object_component id="oc-1c9">
         <name>.const:g_sCFAL96x64x16</name>
         <load_address>0x416c</load_address>
         <run_address>0x416c</run_address>
         <size>0x28</size>
         <input_file_ref idref="fl-7"/>
      </object_component>
      <object_component id="oc-23d">
         <name>.const</name>
         <load_address>0x4194</load_address>
         <run_address>0x4194</run_address>
         <size>0x10</size>
         <input_file_ref idref="fl-ed"/>
      </object_component>
      <object_component id="oc-46c">
         <name>.cinit..data.load</name>
         <load_address>0x41a8</load_address>
         <run_address>0x41a8</run_address>
         <size>0x29</size>
      </object_component>
      <object_component id="oc-469">
         <name>__TI_handler_table</name>
         <load_address>0x41d4</load_address>
         <run_address>0x41d4</run_address>
         <size>0xc</size>
      </object_component>
      <object_component id="oc-46d">
         <name>.cinit..bss.load</name>
         <load_address>0x41e0</load_address>
         <run_address>0x41e0</run_address>
         <size>0x8</size>
      </object_component>
      <object_component id="oc-46b">
         <name>.cinit..vtable.load</name>
         <load_address>0x41e8</load_address>
         <run_address>0x41e8</run_address>
         <size>0x8</size>
      </object_component>
      <object_component id="oc-46a">
         <name>__TI_cinit_table</name>
         <load_address>0x41f0</load_address>
         <run_address>0x41f0</run_address>
         <size>0x18</size>
      </object_component>
      <object_component id="oc-41f">
         <name>.vtable</name>
         <uninitialized>true</uninitialized>
         <run_address>0x20000000</run_address>
         <size>0x26c</size>
         <input_file_ref idref="fl-e9"/>
      </object_component>
      <object_component id="oc-26b">
         <name>.data</name>
         <load_address>0x200006d8</load_address>
         <run_address>0x200006d8</run_address>
         <size>0x3</size>
         <input_file_ref idref="fl-6"/>
      </object_component>
      <object_component id="oc-22c">
         <name>.data:g_ui8DisplayInitCommands</name>
         <load_address>0x200006a8</load_address>
         <run_address>0x200006a8</run_address>
         <size>0x13</size>
         <input_file_ref idref="fl-7"/>
      </object_component>
      <object_component id="oc-10d">
         <name>.data:$O1$$</name>
         <load_address>0x200006bc</load_address>
         <run_address>0x200006bc</run_address>
         <size>0xc</size>
         <input_file_ref idref="fl-c8"/>
      </object_component>
      <object_component id="oc-99">
         <name>.data</name>
         <load_address>0x200006d4</load_address>
         <run_address>0x200006d4</run_address>
         <size>0x4</size>
         <input_file_ref idref="fl-ce"/>
      </object_component>
      <object_component id="oc-110">
         <name>.data:$O1$$</name>
         <load_address>0x200006c8</load_address>
         <run_address>0x200006c8</run_address>
         <size>0x8</size>
         <input_file_ref idref="fl-d1"/>
      </object_component>
      <object_component id="oc-400">
         <name>.data</name>
         <load_address>0x200006d0</load_address>
         <run_address>0x200006d0</run_address>
         <size>0x4</size>
         <input_file_ref idref="fl-e5"/>
      </object_component>
      <object_component id="oc-140">
         <name>.common:sContext</name>
         <uninitialized>true</uninitialized>
         <run_address>0x2000066c</run_address>
         <size>0x2c</size>
      </object_component>
      <object_component id="oc-1cf">
         <name>.common:characterFromComputer</name>
         <uninitialized>true</uninitialized>
         <run_address>0x20000698</run_address>
         <size>0x4</size>
      </object_component>
      <object_component id="oc-d4">
         <name>.common:timesCrossed1Point6Volts</name>
         <uninitialized>true</uninitialized>
         <run_address>0x200006a0</run_address>
         <size>0x4</size>
      </object_component>
      <object_component id="oc-bf">
         <name>.common:menuSelection</name>
         <uninitialized>true</uninitialized>
         <run_address>0x200006a4</run_address>
         <size>0x1</size>
      </object_component>
      <object_component id="oc-240">
         <name>.common:g_psGrLibDefaults</name>
         <uninitialized>true</uninitialized>
         <run_address>0x2000069c</run_address>
         <size>0x4</size>
      </object_component>
      <object_component id="oc-2a">
         <name>.stack</name>
         <uninitialized>true</uninitialized>
         <run_address>0x2000026c</run_address>
         <size>0x0</size>
         <input_file_ref idref="fl-c4"/>
      </object_component>
      <object_component id="oc-46e">
         <name>.stack</name>
         <uninitialized>true</uninitialized>
         <run_address>0x2000026c</run_address>
         <size>0x0</size>
      </object_component>
      <object_component id="oc-c0">
         <name>.debug_info</name>
         <load_address>0x0</load_address>
         <run_address>0x0</run_address>
         <size>0xb55</size>
         <input_file_ref idref="fl-2"/>
      </object_component>
      <object_component id="oc-50">
         <name>.debug_info</name>
         <load_address>0xb55</load_address>
         <run_address>0xb55</run_address>
         <size>0x153</size>
         <input_file_ref idref="fl-2"/>
      </object_component>
      <object_component id="oc-4b">
         <name>.debug_info</name>
         <load_address>0xca8</load_address>
         <run_address>0xca8</run_address>
         <size>0x166</size>
         <input_file_ref idref="fl-2"/>
      </object_component>
      <object_component id="oc-44">
         <name>.debug_info</name>
         <load_address>0xe0e</load_address>
         <run_address>0xe0e</run_address>
         <size>0x1b3</size>
         <input_file_ref idref="fl-2"/>
      </object_component>
      <object_component id="oc-107">
         <name>.debug_info</name>
         <load_address>0xfc1</load_address>
         <run_address>0xfc1</run_address>
         <size>0x2fc</size>
         <input_file_ref idref="fl-2"/>
      </object_component>
      <object_component id="oc-bb">
         <name>.debug_info</name>
         <load_address>0x12bd</load_address>
         <run_address>0x12bd</run_address>
         <size>0x37a</size>
         <input_file_ref idref="fl-2"/>
      </object_component>
      <object_component id="oc-cf">
         <name>.debug_info</name>
         <load_address>0x1637</load_address>
         <run_address>0x1637</run_address>
         <size>0x173</size>
         <input_file_ref idref="fl-2"/>
      </object_component>
      <object_component id="oc-2c6">
         <name>.debug_info</name>
         <load_address>0x17aa</load_address>
         <run_address>0x17aa</run_address>
         <size>0x1a3</size>
         <input_file_ref idref="fl-2"/>
      </object_component>
      <object_component id="oc-1b2">
         <name>.debug_info</name>
         <load_address>0x194d</load_address>
         <run_address>0x194d</run_address>
         <size>0x240</size>
         <input_file_ref idref="fl-2"/>
      </object_component>
      <object_component id="oc-1b8">
         <name>.debug_info</name>
         <load_address>0x1b8d</load_address>
         <run_address>0x1b8d</run_address>
         <size>0x18b</size>
         <input_file_ref idref="fl-2"/>
      </object_component>
      <object_component id="oc-142">
         <name>.debug_info</name>
         <load_address>0x1d18</load_address>
         <run_address>0x1d18</run_address>
         <size>0xa7</size>
         <input_file_ref idref="fl-2"/>
      </object_component>
      <object_component id="oc-147">
         <name>.debug_info</name>
         <load_address>0x1dbf</load_address>
         <run_address>0x1dbf</run_address>
         <size>0x6bd</size>
         <input_file_ref idref="fl-2"/>
      </object_component>
      <object_component id="oc-119">
         <name>.debug_info</name>
         <load_address>0x247c</load_address>
         <run_address>0x247c</run_address>
         <size>0x8b</size>
         <input_file_ref idref="fl-2"/>
      </object_component>
      <object_component id="oc-c3">
         <name>.debug_info</name>
         <load_address>0x2507</load_address>
         <run_address>0x2507</run_address>
         <size>0x18b</size>
         <input_file_ref idref="fl-2"/>
      </object_component>
      <object_component id="oc-ee">
         <name>.debug_info</name>
         <load_address>0x2692</load_address>
         <run_address>0x2692</run_address>
         <size>0x2c</size>
         <input_file_ref idref="fl-2"/>
      </object_component>
      <object_component id="oc-1f0">
         <name>.debug_info</name>
         <load_address>0x26be</load_address>
         <run_address>0x26be</run_address>
         <size>0x4e</size>
         <input_file_ref idref="fl-2"/>
      </object_component>
      <object_component id="oc-57">
         <name>.debug_info</name>
         <load_address>0x270c</load_address>
         <run_address>0x270c</run_address>
         <size>0x2e3</size>
         <input_file_ref idref="fl-3"/>
      </object_component>
      <object_component id="oc-10">
         <name>.debug_info</name>
         <load_address>0x29ef</load_address>
         <run_address>0x29ef</run_address>
         <size>0xe8</size>
         <input_file_ref idref="fl-3"/>
      </object_component>
      <object_component id="oc-2e">
         <name>.debug_info</name>
         <load_address>0x2ad7</load_address>
         <run_address>0x2ad7</run_address>
         <size>0x118</size>
         <input_file_ref idref="fl-3"/>
      </object_component>
      <object_component id="oc-32">
         <name>.debug_info</name>
         <load_address>0x2bef</load_address>
         <run_address>0x2bef</run_address>
         <size>0x109</size>
         <input_file_ref idref="fl-3"/>
      </object_component>
      <object_component id="oc-39">
         <name>.debug_info</name>
         <load_address>0x2cf8</load_address>
         <run_address>0x2cf8</run_address>
         <size>0x10f</size>
         <input_file_ref idref="fl-3"/>
      </object_component>
      <object_component id="oc-3e">
         <name>.debug_info</name>
         <load_address>0x2e07</load_address>
         <run_address>0x2e07</run_address>
         <size>0x121</size>
         <input_file_ref idref="fl-3"/>
      </object_component>
      <object_component id="oc-5e">
         <name>.debug_info</name>
         <load_address>0x2f28</load_address>
         <run_address>0x2f28</run_address>
         <size>0x84</size>
         <input_file_ref idref="fl-3"/>
      </object_component>
      <object_component id="oc-19d">
         <name>.debug_info</name>
         <load_address>0x2fac</load_address>
         <run_address>0x2fac</run_address>
         <size>0x255</size>
         <input_file_ref idref="fl-5"/>
      </object_component>
      <object_component id="oc-3b1">
         <name>.debug_info</name>
         <load_address>0x3201</load_address>
         <run_address>0x3201</run_address>
         <size>0x44e</size>
         <input_file_ref idref="fl-6"/>
      </object_component>
      <object_component id="oc-26f">
         <name>.debug_info</name>
         <load_address>0x364f</load_address>
         <run_address>0x364f</run_address>
         <size>0xfd</size>
         <input_file_ref idref="fl-6"/>
      </object_component>
      <object_component id="oc-26c">
         <name>.debug_info</name>
         <load_address>0x374c</load_address>
         <run_address>0x374c</run_address>
         <size>0x262</size>
         <input_file_ref idref="fl-6"/>
      </object_component>
      <object_component id="oc-196">
         <name>.debug_info</name>
         <load_address>0x39ae</load_address>
         <run_address>0x39ae</run_address>
         <size>0x1f6</size>
         <input_file_ref idref="fl-6"/>
      </object_component>
      <object_component id="oc-2f8">
         <name>.debug_info</name>
         <load_address>0x3ba4</load_address>
         <run_address>0x3ba4</run_address>
         <size>0x4ea</size>
         <input_file_ref idref="fl-7"/>
      </object_component>
      <object_component id="oc-22d">
         <name>.debug_info</name>
         <load_address>0x408e</load_address>
         <run_address>0x408e</run_address>
         <size>0x143</size>
         <input_file_ref idref="fl-7"/>
      </object_component>
      <object_component id="oc-1ca">
         <name>.debug_info</name>
         <load_address>0x41d1</load_address>
         <run_address>0x41d1</run_address>
         <size>0x133</size>
         <input_file_ref idref="fl-7"/>
      </object_component>
      <object_component id="oc-221">
         <name>.debug_info</name>
         <load_address>0x4304</load_address>
         <run_address>0x4304</run_address>
         <size>0x27a</size>
         <input_file_ref idref="fl-7"/>
      </object_component>
      <object_component id="oc-3d6">
         <name>.debug_info</name>
         <load_address>0x457e</load_address>
         <run_address>0x457e</run_address>
         <size>0x278</size>
         <input_file_ref idref="fl-7"/>
      </object_component>
      <object_component id="oc-2d3">
         <name>.debug_info</name>
         <load_address>0x47f6</load_address>
         <run_address>0x47f6</run_address>
         <size>0x315</size>
         <input_file_ref idref="fl-7"/>
      </object_component>
      <object_component id="oc-2d9">
         <name>.debug_info</name>
         <load_address>0x4b0b</load_address>
         <run_address>0x4b0b</run_address>
         <size>0x461</size>
         <input_file_ref idref="fl-7"/>
      </object_component>
      <object_component id="oc-2df">
         <name>.debug_info</name>
         <load_address>0x4f6c</load_address>
         <run_address>0x4f6c</run_address>
         <size>0x33f</size>
         <input_file_ref idref="fl-7"/>
      </object_component>
      <object_component id="oc-2e5">
         <name>.debug_info</name>
         <load_address>0x52ab</load_address>
         <run_address>0x52ab</run_address>
         <size>0x35e</size>
         <input_file_ref idref="fl-7"/>
      </object_component>
      <object_component id="oc-227">
         <name>.debug_info</name>
         <load_address>0x5609</load_address>
         <run_address>0x5609</run_address>
         <size>0x2cd</size>
         <input_file_ref idref="fl-7"/>
      </object_component>
      <object_component id="oc-2eb">
         <name>.debug_info</name>
         <load_address>0x58d6</load_address>
         <run_address>0x58d6</run_address>
         <size>0x28c</size>
         <input_file_ref idref="fl-7"/>
      </object_component>
      <object_component id="oc-2f1">
         <name>.debug_info</name>
         <load_address>0x5b62</load_address>
         <run_address>0x5b62</run_address>
         <size>0x23f</size>
         <input_file_ref idref="fl-7"/>
      </object_component>
      <object_component id="oc-170">
         <name>.debug_info</name>
         <load_address>0x5da1</load_address>
         <run_address>0x5da1</run_address>
         <size>0x2ed</size>
         <input_file_ref idref="fl-7"/>
      </object_component>
      <object_component id="oc-3c6">
         <name>.debug_info</name>
         <load_address>0x608e</load_address>
         <run_address>0x608e</run_address>
         <size>0x3ef</size>
         <input_file_ref idref="fl-8"/>
      </object_component>
      <object_component id="oc-2a4">
         <name>.debug_info</name>
         <load_address>0x647d</load_address>
         <run_address>0x647d</run_address>
         <size>0x225</size>
         <input_file_ref idref="fl-8"/>
      </object_component>
      <object_component id="oc-29e">
         <name>.debug_info</name>
         <load_address>0x66a2</load_address>
         <run_address>0x66a2</run_address>
         <size>0x1e0</size>
         <input_file_ref idref="fl-8"/>
      </object_component>
      <object_component id="oc-2b0">
         <name>.debug_info</name>
         <load_address>0x6882</load_address>
         <run_address>0x6882</run_address>
         <size>0x24c</size>
         <input_file_ref idref="fl-8"/>
      </object_component>
      <object_component id="oc-2b6">
         <name>.debug_info</name>
         <load_address>0x6ace</load_address>
         <run_address>0x6ace</run_address>
         <size>0x1ed</size>
         <input_file_ref idref="fl-8"/>
      </object_component>
      <object_component id="oc-cb">
         <name>.debug_info</name>
         <load_address>0x6cbb</load_address>
         <run_address>0x6cbb</run_address>
         <size>0x1eb</size>
         <input_file_ref idref="fl-8"/>
      </object_component>
      <object_component id="oc-1a2">
         <name>.debug_info</name>
         <load_address>0x6ea6</load_address>
         <run_address>0x6ea6</run_address>
         <size>0x26a</size>
         <input_file_ref idref="fl-8"/>
      </object_component>
      <object_component id="oc-25">
         <name>.debug_info</name>
         <load_address>0x7110</load_address>
         <run_address>0x7110</run_address>
         <size>0x160</size>
         <input_file_ref idref="fl-c4"/>
      </object_component>
      <object_component id="oc-e4">
         <name>.debug_info</name>
         <load_address>0x7270</load_address>
         <run_address>0x7270</run_address>
         <size>0x293</size>
         <input_file_ref idref="fl-c5"/>
      </object_component>
      <object_component id="oc-14">
         <name>.debug_info</name>
         <load_address>0x7503</load_address>
         <run_address>0x7503</run_address>
         <size>0x245</size>
         <input_file_ref idref="fl-c5"/>
      </object_component>
      <object_component id="oc-59">
         <name>.debug_info</name>
         <load_address>0x7748</load_address>
         <run_address>0x7748</run_address>
         <size>0x60</size>
         <input_file_ref idref="fl-c5"/>
      </object_component>
      <object_component id="oc-df">
         <name>.debug_info</name>
         <load_address>0x77a8</load_address>
         <run_address>0x77a8</run_address>
         <size>0x46</size>
         <input_file_ref idref="fl-c5"/>
      </object_component>
      <object_component id="oc-6e">
         <name>.debug_info</name>
         <load_address>0x77ee</load_address>
         <run_address>0x77ee</run_address>
         <size>0x2da</size>
         <input_file_ref idref="fl-c6"/>
      </object_component>
      <object_component id="oc-1c">
         <name>.debug_info</name>
         <load_address>0x7ac8</load_address>
         <run_address>0x7ac8</run_address>
         <size>0x1df</size>
         <input_file_ref idref="fl-c6"/>
      </object_component>
      <object_component id="oc-69">
         <name>.debug_info</name>
         <load_address>0x7ca7</load_address>
         <run_address>0x7ca7</run_address>
         <size>0x46</size>
         <input_file_ref idref="fl-c6"/>
      </object_component>
      <object_component id="oc-e6">
         <name>.debug_info</name>
         <load_address>0x7ced</load_address>
         <run_address>0x7ced</run_address>
         <size>0x2c</size>
         <input_file_ref idref="fl-c6"/>
      </object_component>
      <object_component id="oc-7a">
         <name>.debug_info</name>
         <load_address>0x7d19</load_address>
         <run_address>0x7d19</run_address>
         <size>0x2c9</size>
         <input_file_ref idref="fl-c7"/>
      </object_component>
      <object_component id="oc-1f">
         <name>.debug_info</name>
         <load_address>0x7fe2</load_address>
         <run_address>0x7fe2</run_address>
         <size>0x1aa</size>
         <input_file_ref idref="fl-c7"/>
      </object_component>
      <object_component id="oc-75">
         <name>.debug_info</name>
         <load_address>0x818c</load_address>
         <run_address>0x818c</run_address>
         <size>0x46</size>
         <input_file_ref idref="fl-c7"/>
      </object_component>
      <object_component id="oc-114">
         <name>.debug_info</name>
         <load_address>0x81d2</load_address>
         <run_address>0x81d2</run_address>
         <size>0x3ce</size>
         <input_file_ref idref="fl-c8"/>
      </object_component>
      <object_component id="oc-10e">
         <name>.debug_info</name>
         <load_address>0x85a0</load_address>
         <run_address>0x85a0</run_address>
         <size>0x185</size>
         <input_file_ref idref="fl-c8"/>
      </object_component>
      <object_component id="oc-96">
         <name>.debug_info</name>
         <load_address>0x8725</load_address>
         <run_address>0x8725</run_address>
         <size>0x214</size>
         <input_file_ref idref="fl-c8"/>
      </object_component>
      <object_component id="oc-64">
         <name>.debug_info</name>
         <load_address>0x8939</load_address>
         <run_address>0x8939</run_address>
         <size>0x111</size>
         <input_file_ref idref="fl-c9"/>
      </object_component>
      <object_component id="oc-71">
         <name>.debug_info</name>
         <load_address>0x8a4a</load_address>
         <run_address>0x8a4a</run_address>
         <size>0x13f</size>
         <input_file_ref idref="fl-ca"/>
      </object_component>
      <object_component id="oc-7e">
         <name>.debug_info</name>
         <load_address>0x8b89</load_address>
         <run_address>0x8b89</run_address>
         <size>0x138</size>
         <input_file_ref idref="fl-cb"/>
      </object_component>
      <object_component id="oc-85">
         <name>.debug_info</name>
         <load_address>0x8cc1</load_address>
         <run_address>0x8cc1</run_address>
         <size>0x148</size>
         <input_file_ref idref="fl-cc"/>
      </object_component>
      <object_component id="oc-1ef">
         <name>.debug_info</name>
         <load_address>0x8e09</load_address>
         <run_address>0x8e09</run_address>
         <size>0x355</size>
         <input_file_ref idref="fl-cd"/>
      </object_component>
      <object_component id="oc-124">
         <name>.debug_info</name>
         <load_address>0x915e</load_address>
         <run_address>0x915e</run_address>
         <size>0x2e4</size>
         <input_file_ref idref="fl-cd"/>
      </object_component>
      <object_component id="oc-360">
         <name>.debug_info</name>
         <load_address>0x9442</load_address>
         <run_address>0x9442</run_address>
         <size>0x2c</size>
         <input_file_ref idref="fl-cd"/>
      </object_component>
      <object_component id="oc-9a">
         <name>.debug_info</name>
         <load_address>0x946e</load_address>
         <run_address>0x946e</run_address>
         <size>0x109</size>
         <input_file_ref idref="fl-ce"/>
      </object_component>
      <object_component id="oc-3e9">
         <name>.debug_info</name>
         <load_address>0x9577</load_address>
         <run_address>0x9577</run_address>
         <size>0x284</size>
         <input_file_ref idref="fl-cf"/>
      </object_component>
      <object_component id="oc-30a">
         <name>.debug_info</name>
         <load_address>0x97fb</load_address>
         <run_address>0x97fb</run_address>
         <size>0x22a</size>
         <input_file_ref idref="fl-cf"/>
      </object_component>
      <object_component id="oc-2d1">
         <name>.debug_info</name>
         <load_address>0x9a25</load_address>
         <run_address>0x9a25</run_address>
         <size>0x2ab</size>
         <input_file_ref idref="fl-d0"/>
      </object_component>
      <object_component id="oc-1c4">
         <name>.debug_info</name>
         <load_address>0x9cd0</load_address>
         <run_address>0x9cd0</run_address>
         <size>0x149</size>
         <input_file_ref idref="fl-d0"/>
      </object_component>
      <object_component id="oc-1e2">
         <name>.debug_info</name>
         <load_address>0x9e19</load_address>
         <run_address>0x9e19</run_address>
         <size>0x2be</size>
         <input_file_ref idref="fl-d1"/>
      </object_component>
      <object_component id="oc-111">
         <name>.debug_info</name>
         <load_address>0xa0d7</load_address>
         <run_address>0xa0d7</run_address>
         <size>0x113</size>
         <input_file_ref idref="fl-d1"/>
      </object_component>
      <object_component id="oc-1dc">
         <name>.debug_info</name>
         <load_address>0xa1ea</load_address>
         <run_address>0xa1ea</run_address>
         <size>0x21f</size>
         <input_file_ref idref="fl-d1"/>
      </object_component>
      <object_component id="oc-355">
         <name>.debug_info</name>
         <load_address>0xa409</load_address>
         <run_address>0xa409</run_address>
         <size>0x51f</size>
         <input_file_ref idref="fl-d2"/>
      </object_component>
      <object_component id="oc-1e9">
         <name>.debug_info</name>
         <load_address>0xa928</load_address>
         <run_address>0xa928</run_address>
         <size>0x1543</size>
         <input_file_ref idref="fl-d2"/>
      </object_component>
      <object_component id="oc-356">
         <name>.debug_info</name>
         <load_address>0xbe6b</load_address>
         <run_address>0xbe6b</run_address>
         <size>0x86</size>
         <input_file_ref idref="fl-d2"/>
      </object_component>
      <object_component id="oc-40d">
         <name>.debug_info</name>
         <load_address>0xbef1</load_address>
         <run_address>0xbef1</run_address>
         <size>0x46</size>
         <input_file_ref idref="fl-d2"/>
      </object_component>
      <object_component id="oc-35b">
         <name>.debug_info</name>
         <load_address>0xbf37</load_address>
         <run_address>0xbf37</run_address>
         <size>0x39</size>
         <input_file_ref idref="fl-d2"/>
      </object_component>
      <object_component id="oc-10c">
         <name>.debug_info</name>
         <load_address>0xbf70</load_address>
         <run_address>0xbf70</run_address>
         <size>0x300</size>
         <input_file_ref idref="fl-d3"/>
      </object_component>
      <object_component id="oc-91">
         <name>.debug_info</name>
         <load_address>0xc270</load_address>
         <run_address>0xc270</run_address>
         <size>0x167</size>
         <input_file_ref idref="fl-d3"/>
      </object_component>
      <object_component id="oc-1d3">
         <name>.debug_info</name>
         <load_address>0xc3d7</load_address>
         <run_address>0xc3d7</run_address>
         <size>0x5e</size>
         <input_file_ref idref="fl-d3"/>
      </object_component>
      <object_component id="oc-408">
         <name>.debug_info</name>
         <load_address>0xc435</load_address>
         <run_address>0xc435</run_address>
         <size>0x2ae</size>
         <input_file_ref idref="fl-d4"/>
      </object_component>
      <object_component id="oc-34c">
         <name>.debug_info</name>
         <load_address>0xc6e3</load_address>
         <run_address>0xc6e3</run_address>
         <size>0x171</size>
         <input_file_ref idref="fl-d4"/>
      </object_component>
      <object_component id="oc-104">
         <name>.debug_info</name>
         <load_address>0xc854</load_address>
         <run_address>0xc854</run_address>
         <size>0x483</size>
         <input_file_ref idref="fl-d5"/>
      </object_component>
      <object_component id="oc-88">
         <name>.debug_info</name>
         <load_address>0xccd7</load_address>
         <run_address>0xccd7</run_address>
         <size>0x190</size>
         <input_file_ref idref="fl-d5"/>
      </object_component>
      <object_component id="oc-159">
         <name>.debug_info</name>
         <load_address>0xce67</load_address>
         <run_address>0xce67</run_address>
         <size>0x39</size>
         <input_file_ref idref="fl-d5"/>
      </object_component>
      <object_component id="oc-217">
         <name>.debug_info</name>
         <load_address>0xcea0</load_address>
         <run_address>0xcea0</run_address>
         <size>0x39</size>
         <input_file_ref idref="fl-d5"/>
      </object_component>
      <object_component id="oc-15e">
         <name>.debug_info</name>
         <load_address>0xced9</load_address>
         <run_address>0xced9</run_address>
         <size>0xcd</size>
         <input_file_ref idref="fl-d5"/>
      </object_component>
      <object_component id="oc-155">
         <name>.debug_info</name>
         <load_address>0xcfa6</load_address>
         <run_address>0xcfa6</run_address>
         <size>0x37a</size>
         <input_file_ref idref="fl-d6"/>
      </object_component>
      <object_component id="oc-fa">
         <name>.debug_info</name>
         <load_address>0xd320</load_address>
         <run_address>0xd320</run_address>
         <size>0x183</size>
         <input_file_ref idref="fl-d6"/>
      </object_component>
      <object_component id="oc-212">
         <name>.debug_info</name>
         <load_address>0xd4a3</load_address>
         <run_address>0xd4a3</run_address>
         <size>0x2c</size>
         <input_file_ref idref="fl-d6"/>
      </object_component>
      <object_component id="oc-3d2">
         <name>.debug_info</name>
         <load_address>0xd4cf</load_address>
         <run_address>0xd4cf</run_address>
         <size>0xee</size>
         <input_file_ref idref="fl-d7"/>
      </object_component>
      <object_component id="oc-2ce">
         <name>.debug_info</name>
         <load_address>0xd5bd</load_address>
         <run_address>0xd5bd</run_address>
         <size>0xfa</size>
         <input_file_ref idref="fl-d7"/>
      </object_component>
      <object_component id="oc-332">
         <name>.debug_info</name>
         <load_address>0xd6b7</load_address>
         <run_address>0xd6b7</run_address>
         <size>0x144</size>
         <input_file_ref idref="fl-d8"/>
      </object_component>
      <object_component id="oc-30f">
         <name>.debug_info</name>
         <load_address>0xd7fb</load_address>
         <run_address>0xd7fb</run_address>
         <size>0x120</size>
         <input_file_ref idref="fl-d9"/>
      </object_component>
      <object_component id="oc-31e">
         <name>.debug_info</name>
         <load_address>0xd91b</load_address>
         <run_address>0xd91b</run_address>
         <size>0x122</size>
         <input_file_ref idref="fl-d9"/>
      </object_component>
      <object_component id="oc-318">
         <name>.debug_info</name>
         <load_address>0xda3d</load_address>
         <run_address>0xda3d</run_address>
         <size>0x132</size>
         <input_file_ref idref="fl-da"/>
      </object_component>
      <object_component id="oc-314">
         <name>.debug_info</name>
         <load_address>0xdb6f</load_address>
         <run_address>0xdb6f</run_address>
         <size>0x132</size>
         <input_file_ref idref="fl-db"/>
      </object_component>
      <object_component id="oc-323">
         <name>.debug_info</name>
         <load_address>0xdca1</load_address>
         <run_address>0xdca1</run_address>
         <size>0x126</size>
         <input_file_ref idref="fl-dc"/>
      </object_component>
      <object_component id="oc-32d">
         <name>.debug_info</name>
         <load_address>0xddc7</load_address>
         <run_address>0xddc7</run_address>
         <size>0x124</size>
         <input_file_ref idref="fl-dd"/>
      </object_component>
      <object_component id="oc-3f0">
         <name>.debug_info</name>
         <load_address>0xdeeb</load_address>
         <run_address>0xdeeb</run_address>
         <size>0x2e6</size>
         <input_file_ref idref="fl-de"/>
      </object_component>
      <object_component id="oc-32a">
         <name>.debug_info</name>
         <load_address>0xe1d1</load_address>
         <run_address>0xe1d1</run_address>
         <size>0x1c2</size>
         <input_file_ref idref="fl-de"/>
      </object_component>
      <object_component id="oc-40a">
         <name>.debug_info</name>
         <load_address>0xe393</load_address>
         <run_address>0xe393</run_address>
         <size>0x28b</size>
         <input_file_ref idref="fl-df"/>
      </object_component>
      <object_component id="oc-350">
         <name>.debug_info</name>
         <load_address>0xe61e</load_address>
         <run_address>0xe61e</run_address>
         <size>0x1ab</size>
         <input_file_ref idref="fl-df"/>
      </object_component>
      <object_component id="oc-3f4">
         <name>.debug_info</name>
         <load_address>0xe7c9</load_address>
         <run_address>0xe7c9</run_address>
         <size>0x2d9</size>
         <input_file_ref idref="fl-e0"/>
      </object_component>
      <object_component id="oc-338">
         <name>.debug_info</name>
         <load_address>0xeaa2</load_address>
         <run_address>0xeaa2</run_address>
         <size>0x18a</size>
         <input_file_ref idref="fl-e0"/>
      </object_component>
      <object_component id="oc-3f5">
         <name>.debug_info</name>
         <load_address>0xec2c</load_address>
         <run_address>0xec2c</run_address>
         <size>0x2c</size>
         <input_file_ref idref="fl-e0"/>
      </object_component>
      <object_component id="oc-404">
         <name>.debug_info</name>
         <load_address>0xec58</load_address>
         <run_address>0xec58</run_address>
         <size>0x316</size>
         <input_file_ref idref="fl-e1"/>
      </object_component>
      <object_component id="oc-33f">
         <name>.debug_info</name>
         <load_address>0xef6e</load_address>
         <run_address>0xef6e</run_address>
         <size>0x1d5</size>
         <input_file_ref idref="fl-e1"/>
      </object_component>
      <object_component id="oc-100">
         <name>.debug_info</name>
         <load_address>0xf143</load_address>
         <run_address>0xf143</run_address>
         <size>0x145</size>
         <input_file_ref idref="fl-e2"/>
      </object_component>
      <object_component id="oc-406">
         <name>.debug_info</name>
         <load_address>0xf288</load_address>
         <run_address>0xf288</run_address>
         <size>0x28f</size>
         <input_file_ref idref="fl-e3"/>
      </object_component>
      <object_component id="oc-344">
         <name>.debug_info</name>
         <load_address>0xf517</load_address>
         <run_address>0xf517</run_address>
         <size>0x244</size>
         <input_file_ref idref="fl-e3"/>
      </object_component>
      <object_component id="oc-303">
         <name>.debug_info</name>
         <load_address>0xf75b</load_address>
         <run_address>0xf75b</run_address>
         <size>0x17d</size>
         <input_file_ref idref="fl-e4"/>
      </object_component>
      <object_component id="oc-401">
         <name>.debug_info</name>
         <load_address>0xf8d8</load_address>
         <run_address>0xf8d8</run_address>
         <size>0xf3</size>
         <input_file_ref idref="fl-e5"/>
      </object_component>
      <object_component id="oc-3fb">
         <name>.debug_info</name>
         <load_address>0xf9cb</load_address>
         <run_address>0xf9cb</run_address>
         <size>0x156</size>
         <input_file_ref idref="fl-e6"/>
      </object_component>
      <object_component id="oc-164">
         <name>.debug_info</name>
         <load_address>0xfb21</load_address>
         <run_address>0xfb21</run_address>
         <size>0x225</size>
         <input_file_ref idref="fl-e7"/>
      </object_component>
      <object_component id="oc-151">
         <name>.debug_info</name>
         <load_address>0xfd46</load_address>
         <run_address>0xfd46</run_address>
[...]
      <symbol id="sm-d1">
         <name>printMainMenu</name>
         <value>0x26f9</value>
         <object_component_ref idref="oc-1b7"/>
      </symbol>
      <symbol id="sm-d2">
         <name>diplaySplashOnOLED</name>
         <value>0x2621</value>
         <object_component_ref idref="oc-1b1"/>
      </symbol>
      <symbol id="sm-d3">
         <name>IntUART0</name>
         <value>0x339d</value>
         <object_component_ref idref="oc-43"/>
      </symbol>
      <symbol id="sm-109">
         <name>ResetISR</name>
         <value>0x3a39</value>
         <object_component_ref idref="oc-2b"/>
      </symbol>
      <symbol id="sm-10a">
         <name>g_pfnVectors</name>
         <value>0x0</value>
         <object_component_ref idref="oc-f"/>
      </symbol>
      <symbol id="sm-11a">
         <name>setupUART</name>
         <value>0x2ccd</value>
         <object_component_ref idref="oc-199"/>
      </symbol>
      <symbol id="sm-13e">
         <name>ButtonsInit</name>
         <value>0x2edd</value>
         <object_component_ref idref="oc-193"/>
      </symbol>
      <symbol id="sm-1f0">
         <name>g_sCFAL96x64x16</name>
         <value>0x416c</value>
         <object_component_ref idref="oc-1c9"/>
      </symbol>
      <symbol id="sm-1f1">
         <name>CFAL96x64x16Init</name>
         <value>0x19b1</value>
         <object_component_ref idref="oc-16f"/>
      </symbol>
      <symbol id="sm-22d">
         <name>ComparatorIntClear</name>
         <value>0x388d</value>
         <object_component_ref idref="oc-c8"/>
      </symbol>
      <symbol id="sm-22e">
         <name>ComparatorIntEnable</name>
         <value>0x37f3</value>
         <object_component_ref idref="oc-2b5"/>
      </symbol>
      <symbol id="sm-22f">
         <name>ComparatorRefSet</name>
         <value>0x3921</value>
         <object_component_ref idref="oc-29d"/>
      </symbol>
      <symbol id="sm-230">
         <name>setupComparator</name>
         <value>0x2c5d</value>
         <object_component_ref idref="oc-19f"/>
      </symbol>
      <symbol id="sm-231">
         <name>ComparatorConfigure</name>
         <value>0x382b</value>
         <object_component_ref idref="oc-2a3"/>
      </symbol>
      <symbol id="sm-232">
         <name>ComparatorIntRegister</name>
         <value>0x369d</value>
         <object_component_ref idref="oc-2af"/>
      </symbol>
      <symbol id="sm-243">
         <name>_c_int00</name>
         <value>0x3121</value>
         <object_component_ref idref="oc-24"/>
      </symbol>
      <symbol id="sm-244">
         <name>__stack</name>
         <value>0x2000026c</value>
         <object_component_ref idref="oc-2a"/>
      </symbol>
      <symbol id="sm-262">
         <name>__TI_decompress_lzss</name>
         <value>0x2e75</value>
         <object_component_ref idref="oc-12"/>
      </symbol>
      <symbol id="sm-279">
         <name>__TI_decompress_none</name>
         <value>0x39b5</value>
         <object_component_ref idref="oc-18"/>
      </symbol>
      <symbol id="sm-28b">
         <name>__TI_zero_init</name>
         <value>0x39e7</value>
         <object_component_ref idref="oc-1e"/>
      </symbol>
      <symbol id="sm-2ac">
         <name>C$$EXIT</name>
         <value>0x3175</value>
         <object_component_ref idref="oc-93"/>
      </symbol>
      <symbol id="sm-2ad">
         <name>abort</name>
         <value>0x3179</value>
         <object_component_ref idref="oc-93"/>
      </symbol>
      <symbol id="sm-2ae">
         <name>exit</name>
         <value>0x3181</value>
         <object_component_ref idref="oc-93"/>
      </symbol>
      <symbol id="sm-2af">
         <name>__TI_dtors_ptr</name>
         <value>0x200006c0</value>
         <object_component_ref idref="oc-10d"/>
      </symbol>
      <symbol id="sm-2b0">
         <name>__TI_cleanup_ptr</name>
         <value>0x200006bc</value>
         <object_component_ref idref="oc-10d"/>
      </symbol>
      <symbol id="sm-2b1">
         <name>__TI_enable_exit_profile_output</name>
         <value>0x200006c4</value>
         <object_component_ref idref="oc-10d"/>
      </symbol>
      <symbol id="sm-2cc">
         <name>memcpy</name>
         <value>0x2945</value>
         <object_component_ref idref="oc-63"/>
      </symbol>
      <symbol id="sm-2cd">
         <name>__aeabi_memcpy</name>
         <value>0x2945</value>
         <object_component_ref idref="oc-63"/>
      </symbol>
      <symbol id="sm-2ce">
         <name>__aeabi_memcpy8</name>
         <value>0x2945</value>
         <object_component_ref idref="oc-63"/>
      </symbol>
      <symbol id="sm-2cf">
         <name>__aeabi_memcpy4</name>
         <value>0x2945</value>
         <object_component_ref idref="oc-63"/>
      </symbol>
      <symbol id="sm-2de">
         <name>__aeabi_memset</name>
         <value>0x2b75</value>
         <object_component_ref idref="oc-6f"/>
      </symbol>
      <symbol id="sm-2df">
         <name>memset</name>
         <value>0x2b7b</value>
         <object_component_ref idref="oc-6f"/>
      </symbol>
      <symbol id="sm-2e0">
         <name>__aeabi_memset8</name>
         <value>0x2b75</value>
         <object_component_ref idref="oc-6f"/>
      </symbol>
      <symbol id="sm-2e1">
         <name>__aeabi_memset4</name>
         <value>0x2b75</value>
         <object_component_ref idref="oc-6f"/>
      </symbol>
      <symbol id="sm-2e2">
         <name>__aeabi_memclr8</name>
         <value>0x2b73</value>
         <object_component_ref idref="oc-6f"/>
      </symbol>
      <symbol id="sm-2e3">
         <name>__aeabi_memclr4</name>
         <value>0x2b73</value>
         <object_component_ref idref="oc-6f"/>
      </symbol>
      <symbol id="sm-2e4">
         <name>__aeabi_memclr</name>
         <value>0x2b73</value>
         <object_component_ref idref="oc-6f"/>
      </symbol>
      <symbol id="sm-2ee">
         <name>__mpu_init</name>
         <value>0x339b</value>
         <object_component_ref idref="oc-7b"/>
      </symbol>
      <symbol id="sm-2f8">
         <name>_system_pre_init</name>
         <value>0x3a49</value>
         <object_component_ref idref="oc-81"/>
      </symbol>
      <symbol id="sm-311">
         <name>sprintf</name>
         <value>0x3065</value>
         <object_component_ref idref="oc-122"/>
      </symbol>
      <symbol id="sm-319">
         <name>main_func_sp</name>
         <value>0x200006d4</value>
         <object_component_ref idref="oc-99"/>
      </symbol>
      <symbol id="sm-327">
         <name>strlen</name>
         <value>0x390d</value>
         <object_component_ref idref="oc-307"/>
      </symbol>
      <symbol id="sm-336">
         <name>tolower</name>
         <value>0x3989</value>
         <object_component_ref idref="oc-1c3"/>
      </symbol>
      <symbol id="sm-34f">
         <name>_nop</name>
         <value>0x38f3</value>
         <object_component_ref idref="oc-1da"/>
      </symbol>
      <symbol id="sm-350">
         <name>_lock</name>
         <value>0x200006c8</value>
         <object_component_ref idref="oc-110"/>
      </symbol>
      <symbol id="sm-351">
         <name>_unlock</name>
         <value>0x200006cc</value>
         <object_component_ref idref="oc-110"/>
      </symbol>
      <symbol id="sm-352">
         <name>_register_lock</name>
         <value>0x38eb</value>
         <object_component_ref idref="oc-1da"/>
      </symbol>
      <symbol id="sm-353">
         <name>_register_unlock</name>
         <value>0x38e5</value>
         <object_component_ref idref="oc-1da"/>
      </symbol>
      <symbol id="sm-454">
         <name>__TI_printfi</name>
         <value>0xab1</value>
         <object_component_ref idref="oc-1e8"/>
      </symbol>
      <symbol id="sm-468">
         <name>_args_main</name>
         <value>0x3875</value>
         <object_component_ref idref="oc-8d"/>
      </symbol>
      <symbol id="sm-47e">
         <name>atoi</name>
         <value>0x32b9</value>
         <object_component_ref idref="oc-348"/>
      </symbol>
      <symbol id="sm-4a8">
         <name>__TI_auto_init</name>
         <value>0x2bed</value>
         <object_component_ref idref="oc-87"/>
      </symbol>
      <symbol id="sm-4c2">
         <name>copy_in</name>
         <value>0x3305</value>
         <object_component_ref idref="oc-f7"/>
      </symbol>
      <symbol id="sm-4cd">
         <name>_ctypes_</name>
         <value>0x3d44</value>
         <object_component_ref idref="oc-2cd"/>
      </symbol>
      <symbol id="sm-4e4">
         <name>__aeabi_dsub</name>
         <value>0x1b69</value>
         <object_component_ref idref="oc-331"/>
      </symbol>
      <symbol id="sm-4e5">
         <name>__aeabi_dadd</name>
         <value>0x1b73</value>
         <object_component_ref idref="oc-331"/>
      </symbol>
      <symbol id="sm-507">
         <name>__aeabi_cdcmpeq</name>
         <value>0x2a67</value>
         <object_component_ref idref="oc-30d"/>
      </symbol>
      <symbol id="sm-508">
         <name>__aeabi_cdcmple</name>
         <value>0x2a67</value>
         <object_component_ref idref="oc-30d"/>
      </symbol>
      <symbol id="sm-509">
         <name>__aeabi_cdrcmple</name>
         <value>0x2aed</value>
         <object_component_ref idref="oc-31c"/>
      </symbol>
      <symbol id="sm-51d">
         <name>__aeabi_ddiv</name>
         <value>0x1d1f</value>
         <object_component_ref idref="oc-317"/>
      </symbol>
      <symbol id="sm-528">
         <name>__aeabi_dmul</name>
         <value>0x2099</value>
         <object_component_ref idref="oc-312"/>
      </symbol>
      <symbol id="sm-532">
         <name>__aeabi_d2iz</name>
         <value>0x33e5</value>
         <object_component_ref idref="oc-321"/>
      </symbol>
      <symbol id="sm-53c">
         <name>__aeabi_i2d</name>
         <value>0x366f</value>
         <object_component_ref idref="oc-32c"/>
      </symbol>
      <symbol id="sm-54b">
         <name>ltoa</name>
         <value>0x31c9</value>
         <object_component_ref idref="oc-326"/>
      </symbol>
      <symbol id="sm-55b">
         <name>memccpy</name>
         <value>0x380f</value>
         <object_component_ref idref="oc-34e"/>
      </symbol>
      <symbol id="sm-576">
         <name>frexpl</name>
         <value>0x2f41</value>
         <object_component_ref idref="oc-336"/>
      </symbol>
      <symbol id="sm-577">
         <name>frexp</name>
         <value>0x2f41</value>
         <object_component_ref idref="oc-336"/>
      </symbol>
      <symbol id="sm-594">
         <name>scalbn</name>
         <value>0x2195</value>
         <object_component_ref idref="oc-33c"/>
      </symbol>
      <symbol id="sm-595">
         <name>scalbnl</name>
         <value>0x2195</value>
         <object_component_ref idref="oc-33c"/>
      </symbol>
      <symbol id="sm-596">
         <name>ldexpl</name>
         <value>0x2195</value>
         <object_component_ref idref="oc-33c"/>
      </symbol>
      <symbol id="sm-597">
         <name>ldexp</name>
         <value>0x2195</value>
         <object_component_ref idref="oc-33c"/>
      </symbol>
      <symbol id="sm-5a1">
         <name>_system_post_cinit</name>
         <value>0x34b7</value>
         <object_component_ref idref="oc-fd"/>
      </symbol>
      <symbol id="sm-5b1">
         <name>strchr</name>
         <value>0x38b9</value>
         <object_component_ref idref="oc-342"/>
      </symbol>
      <symbol id="sm-5cd">
         <name>__aeabi_uldivmod</name>
         <value>0x15ff</value>
         <object_component_ref idref="oc-302"/>
      </symbol>
      <symbol id="sm-5d5">
         <name>errno</name>
         <value>0x200006d0</value>
         <object_component_ref idref="oc-400"/>
      </symbol>
      <symbol id="sm-5df">
         <name>copysign</name>
         <value>0x38f9</value>
         <object_component_ref idref="oc-3fa"/>
      </symbol>
      <symbol id="sm-5e0">
         <name>copysignl</name>
         <value>0x38f9</value>
         <object_component_ref idref="oc-3fa"/>
      </symbol>
      <symbol id="sm-5ec">
         <name>FPULazyStackingEnable</name>
         <value>0x3959</value>
         <object_component_ref idref="oc-163"/>
      </symbol>
      <symbol id="sm-662">
         <name>GPIOIntRegister</name>
         <value>0x3845</value>
         <object_component_ref idref="oc-265"/>
      </symbol>
      <symbol id="sm-663">
         <name>GPIOIntEnable</name>
         <value>0x39db</value>
         <object_component_ref idref="oc-25f"/>
      </symbol>
      <symbol id="sm-664">
         <name>GPIOPinTypeComparator</name>
         <value>0x3933</value>
         <object_component_ref idref="oc-2a9"/>
      </symbol>
      <symbol id="sm-665">
         <name>GPIOIntClear</name>
         <value>0x3a21</value>
         <object_component_ref idref="oc-d6"/>
      </symbol>
      <symbol id="sm-666">
         <name>GPIOPinTypeUART</name>
         <value>0x3945</value>
         <object_component_ref idref="oc-278"/>
      </symbol>
      <symbol id="sm-667">
         <name>GPIOPinTypeGPIOOutput</name>
         <value>0x385d</value>
         <object_component_ref idref="oc-1a5"/>
      </symbol>
      <symbol id="sm-668">
         <name>GPIOPinRead</name>
         <value>0x3a27</value>
         <object_component_ref idref="oc-259"/>
      </symbol>
      <symbol id="sm-669">
         <name>GPIODirModeSet</name>
         <value>0x36f5</value>
         <object_component_ref idref="oc-24d"/>
      </symbol>
      <symbol id="sm-66a">
         <name>GPIOPinWrite</name>
         <value>0x3a2d</value>
         <object_component_ref idref="oc-1bd"/>
      </symbol>
      <symbol id="sm-66b">
         <name>GPIOPadConfigSet</name>
         <value>0x1e55</value>
         <object_component_ref idref="oc-253"/>
      </symbol>
      <symbol id="sm-6b6">
         <name>IntEnable</name>
         <value>0x2e0d</value>
         <object_component_ref idref="oc-28a"/>
      </symbol>
      <symbol id="sm-6b7">
         <name>IntRegister</name>
         <value>0x35a9</value>
         <object_component_ref idref="oc-3a8"/>
      </symbol>
      <symbol id="sm-6b8">
         <name>IntMasterDisable</name>
         <value>0x3969</value>
         <object_component_ref idref="oc-175"/>
      </symbol>
      <symbol id="sm-6b9">
         <name>g_pfnRAMVectors</name>
         <value>0x20000000</value>
         <object_component_ref idref="oc-41f"/>
      </symbol>
      <symbol id="sm-6ba">
         <name>IntMasterEnable</name>
         <value>0x3979</value>
         <object_component_ref idref="oc-1ab"/>
      </symbol>
      <symbol id="sm-717">
         <name>SysCtlClockSet</name>
         <value>0x2291</value>
         <object_component_ref idref="oc-169"/>
      </symbol>
      <symbol id="sm-718">
         <name>SysCtlDelay</name>
         <value>0x3a3f</value>
         <object_component_ref idref="oc-21d"/>
      </symbol>
      <symbol id="sm-719">
         <name>SysCtlPeripheralEnable</name>
         <value>0x35dd</value>
         <object_component_ref idref="oc-187"/>
      </symbol>
      <symbol id="sm-71a">
         <name>SysCtlClockGet</name>
         <value>0x1f89</value>
         <object_component_ref idref="oc-27e"/>
      </symbol>
      <symbol id="sm-71b">
         <name>SysCtlPeripheralReady</name>
         <value>0x3571</value>
         <object_component_ref idref="oc-18d"/>
      </symbol>
      <symbol id="sm-76d">
         <name>UARTConfigSetExpClk</name>
         <value>0x342d</value>
         <object_component_ref idref="oc-284"/>
      </symbol>
      <symbol id="sm-76e">
         <name>UARTDisable</name>
         <value>0x37b5</value>
         <object_component_ref idref="oc-272"/>
      </symbol>
      <symbol id="sm-76f">
         <name>UARTIntEnable</name>
         <value>0x3a19</value>
         <object_component_ref idref="oc-290"/>
      </symbol>
      <symbol id="sm-770">
         <name>UARTCharsAvail</name>
         <value>0x39a7</value>
         <object_component_ref idref="oc-b3"/>
      </symbol>
      <symbol id="sm-771">
         <name>UARTCharGetNonBlocking</name>
         <value>0x3999</value>
         <object_component_ref idref="oc-ad"/>
      </symbol>
      <symbol id="sm-772">
         <name>UARTCharPut</name>
         <value>0x39fd</value>
         <object_component_ref idref="oc-3c9"/>
      </symbol>
      <symbol id="sm-773">
         <name>UARTEnable</name>
         <value>0x38cf</value>
         <object_component_ref idref="oc-296"/>
      </symbol>
      <symbol id="sm-774">
         <name>UARTIntClear</name>
         <value>0x3a45</value>
         <object_component_ref idref="oc-a7"/>
      </symbol>
      <symbol id="sm-775">
         <name>UARTIntStatus</name>
         <value>0x3a07</value>
         <object_component_ref idref="oc-a1"/>
      </symbol>
      <symbol id="sm-787">
         <name>CPUcpsie</name>
         <value>0x39cf</value>
         <object_component_ref idref="oc-2bd"/>
      </symbol>
      <symbol id="sm-788">
         <name>CPUcpsid</name>
         <value>0x39c3</value>
         <object_component_ref idref="oc-230"/>
      </symbol>
      <symbol id="sm-7a3">
         <name>GrContextInit</name>
         <value>0x2d3d</value>
         <object_component_ref idref="oc-17b"/>
      </symbol>
      <symbol id="sm-7a4">
         <name>g_psDefaultCodePointMapTable</name>
         <value>0x4194</value>
         <object_component_ref idref="oc-23d"/>
      </symbol>
      <symbol id="sm-7b2">
         <name>GrRectFill</name>
         <value>0x29e1</value>
         <object_component_ref idref="oc-13a"/>
      </symbol>
      <symbol id="sm-855">
         <name>GrFontInfoGet</name>
         <value>0x3747</value>
         <object_component_ref idref="oc-201"/>
      </symbol>
      <symbol id="sm-856">
         <name>GrDefaultStringRenderer</name>
         <value>0x27cd</value>
         <object_component_ref idref="oc-237"/>
      </symbol>
      <symbol id="sm-857">
         <name>GrFontGlyphRender</name>
         <value>0x13ab</value>
         <object_component_ref idref="oc-386"/>
      </symbol>
      <symbol id="sm-858">
         <name>GrContextFontSet</name>
         <value>0x3a33</value>
         <object_component_ref idref="oc-181"/>
      </symbol>
      <symbol id="sm-859">
         <name>GrFontGlyphDataGet</name>
         <value>0x3791</value>
         <object_component_ref idref="oc-1fb"/>
      </symbol>
      <symbol id="sm-85a">
         <name>GrStringDraw</name>
         <value>0x38a3</value>
         <object_component_ref idref="oc-134"/>
      </symbol>
      <symbol id="sm-85b">
         <name>GrFontCodepageGet</name>
         <value>0x37d5</value>
         <object_component_ref idref="oc-397"/>
      </symbol>
      <symbol id="sm-85c">
         <name>GrStringNextCharGet</name>
         <value>0x3641</value>
         <object_component_ref idref="oc-1f5"/>
      </symbol>
      <symbol id="sm-85d">
         <name>GrStringWidthGet</name>
         <value>0x2da5</value>
         <object_component_ref idref="oc-128"/>
      </symbol>
      <symbol id="sm-85e">
         <name>GrFontBaselineGet</name>
         <value>0x36c9</value>
         <object_component_ref idref="oc-12e"/>
      </symbol>
      <symbol id="sm-870">
         <name>g_sFontFixed6x8</name>
         <value>0x3e48</value>
         <object_component_ref idref="oc-1cc"/>
      </symbol>
      <symbol id="sm-87d">
         <name>GrMapISO8859_1_Unicode</name>
         <value>0x3a11</value>
         <object_component_ref idref="oc-38d"/>
      </symbol>
      <symbol id="sm-87f">
         <name>__TI_static_base__</name>
         <value>0x0</value>
      </symbol>
      <symbol id="sm-882">
         <name>SHT$$INIT_ARRAY$$Limit</name>
         <value>0x0</value>
      </symbol>
      <symbol id="sm-883">
         <name>SHT$$INIT_ARRAY$$Base</name>
         <value>0x0</value>
      </symbol>
   </symbol_table>
   <title>Link successful</title>
</link_info>
