******************************************************************************
                  TI ARM Linker PC v16.9.6                     
******************************************************************************
>> Linked Thu Feb 22 21:24:16 2018

OUTPUT FILE NAME:   <CEC322_Hostetter_Link_Lab05.out>
ENTRY POINT SYMBOL: "_c_int00"  address: 000030b9


MEMORY CONFIGURATION

         name            origin    length      used     unused   attr    fill
----------------------  --------  ---------  --------  --------  ----  --------
  FLASH                 00000000   00040000  00003f88  0003c078  R  X
  SRAM                  20000000   00008000  000006d5  0000792b  RW X


SEGMENT ALLOCATION MAP

run origin  load origin   length   init length attrs members
----------  ----------- ---------- ----------- ----- -------
00000000    00000000    00003f88   00003f88    r-x
  00000000    00000000    0000026c   0000026c    r-- .intvecs
  0000026c    0000026c    000036e4   000036e4    r-x .text
  00003950    00003950    000005d8   000005d8    r-- .const
  00003f28    00003f28    00000060   00000060    r-- .cinit
20000000    20000000    000006d8   00000000    rw-
  20000000    20000000    0000026c   00000000    rw- .vtable
  2000026c    2000026c    00000400   00000000    rw- .stack
  2000066c    2000066c    00000039   00000000    rw- .bss
  200006a8    200006a8    00000030   00000000    rw- .data


SECTION ALLOCATION MAP

 output                                  attributes/
section   page    origin      length       input sections
--------  ----  ----------  ----------   ----------------
.intvecs   0    00000000    0000026c     
                  00000000    0000026c     startup_ccs.obj (.intvecs)

.text      0    0000026c    000036e4     
                  0000026c    0000113e     rtsv7M4_T_le_v4SPD16_eabi.lib : _printfi.obj (.text)
                  000013aa    00000254     grlib.lib : string.obj (.text:GrFontGlyphRender)
                  000015fe    000001f4     rtsv7M4_T_le_v4SPD16_eabi.lib : ull_div_t2.obj (.text)
                  000017f2    000001be     cfal96x64x16.obj (.text:CFAL96x64x16PixelDrawMultiple)
                  000019b0    000001b8     cfal96x64x16.obj (.text:CFAL96x64x16Init)
                  00001b68    000001b6     rtsv7M4_T_le_v4SPD16_eabi.lib : fd_add_t2.obj (.text)
                  00001d1e    00000136                                   : fd_div_t2.obj (.text)
                  00001e54    00000132     driverlib.lib : gpio.obj (.text:GPIOPadConfigSet)
                  00001f86    00000002     startup_ccs.obj (.text:FaultISR)
                  00001f88    00000110     driverlib.lib : sysctl.obj (.text:SysCtlClockGet)
                  00002098    000000fc     rtsv7M4_T_le_v4SPD16_eabi.lib : fd_mul_t2.obj (.text)
                  00002194    000000fc                                   : s_scalbn.obj (.text)
                  00002290    000000f4     driverlib.lib : sysctl.obj (.text:SysCtlClockSet)
                  00002384    000000e8     Lab5_Interrupts.obj (.text:diplayInfoOnBoard)
                  0000246c    000000d8     cfal96x64x16.obj (.text:CFAL96x64x16LineDrawV)
                  00002544    000000d8     Lab5_Interrupts.obj (.text:diplaySplashOnOLED)
                  0000261c    000000d8     Lab5_Interrupts.obj (.text:main)
                  000026f4    000000d4     Lab5_Interrupts.obj (.text:printMainMenu)
                  000027c8    000000c0     grlib.lib : string.obj (.text:GrDefaultStringRenderer)
                  00002888    000000b8     cfal96x64x16.obj (.text:CFAL96x64x16LineDrawH)
                  00002940    0000009c     rtsv7M4_T_le_v4SPD16_eabi.lib : memcpy_t2.obj (.text)
                  000029dc    00000086     grlib.lib : rectangle.obj (.text:GrRectFill)
                  00002a62    00000086     rtsv7M4_T_le_v4SPD16_eabi.lib : fd_cmp_t2.obj (.text:__aeabi_cdcmple)
                  00002ae8    00000086                                   : fd_cmp_t2.obj (.text:__aeabi_cdrcmple)
                  00002b6e    0000007a                                   : memset_t2.obj (.text)
                  00002be8    00000070                                   : autoinit.obj (.text)
                  00002c58    00000070     comparator.obj (.text:setupComparator)
                  00002cc8    00000070     personalUART.obj (.text:setupUART)
                  00002d38    00000068     grlib.lib : context.obj (.text:GrContextInit)
                  00002da0    00000068               : string.obj (.text:GrStringWidthGet)
                  00002e08    00000068     driverlib.lib : interrupt.obj (.text:IntEnable)
                  00002e70    00000068     rtsv7M4_T_le_v4SPD16_eabi.lib : copy_decompress_lzss.obj (.text:decompress:lzss)
                  00002ed8    00000064                                   : s_frexp.obj (.text)
                  00002f3c    00000060     cfal96x64x16.obj (.text:CFAL96x64x16WriteCommand)
                  00002f9c    00000060     cfal96x64x16.obj (.text:CFAL96x64x16WriteData)
                  00002ffc    00000060     rtsv7M4_T_le_v4SPD16_eabi.lib : sprintf.obj (.text)
                  0000305c    0000005a     grlib.lib : string.obj (.text:FontWideGlyphDataGet)
                  000030b6    00000002     startup_ccs.obj (.text:IntDefaultHandler)
                  000030b8    00000054     rtsv7M4_T_le_v4SPD16_eabi.lib : boot.obj (.text)
                  0000310c    00000054                                   : exit.obj (.text)
                  00003160    00000054                                   : ltoa.obj (.text)
                  000031b4    0000004e     cfal96x64x16.obj (.text:CFAL96x64x16PixelDraw)
                  00003202    00000002     startup_ccs.obj (.text:NmiSR)
                  00003204    0000004c     Lab5_Interrupts.obj (.text:clearBlack)
                  00003250    0000004c     rtsv7M4_T_le_v4SPD16_eabi.lib : atoi.obj (.text)
                  0000329c    0000004c                                   : cpy_tbl.obj (.text)
                  000032e8    0000004a     grlib.lib : string.obj (.text:UpdateContextCharMapping)
                  00003332    00000002     rtsv7M4_T_le_v4SPD16_eabi.lib : mpu_init.obj (.text)
                  00003334    00000048     Lab5_Interrupts.obj (.text:IntUART0)
                  0000337c    00000048     rtsv7M4_T_le_v4SPD16_eabi.lib : fd_toi_t2.obj (.text)
                  000033c4    00000046     driverlib.lib : uart.obj (.text:UARTConfigSetExpClk)
                  0000340a    00000044     cfal96x64x16.obj (.text:CFAL96x64x16RectFill)
                  0000344e    00000002     rtsv7M4_T_le_v4SPD16_eabi.lib : startup.obj (.text)
                  00003450    0000003c     Lab5_Interrupts.obj (.text:IntComp0)
                  0000348c    0000003a     grlib.lib : string.obj (.text:FontGlyphDataGet)
                  000034c6    00000002     --HOLE-- [fill = 0]
                  000034c8    00000038     driverlib.lib : sysctl.obj (.text:SysCtlPeripheralReady)
                  00003500    00000034                   : interrupt.obj (.text:IntRegister)
                  00003534    00000034                   : sysctl.obj (.text:SysCtlPeripheralEnable)
                  00003568    00000030     Lab5_Interrupts.obj (.text:UARTSend)
                  00003598    0000002e     grlib.lib : string.obj (.text:GrStringNextCharGet)
                  000035c6    0000002e     rtsv7M4_T_le_v4SPD16_eabi.lib : i_tofd_t2.obj (.text)
                  000035f4    0000002c     comparator.obj (.text:ComparatorIntRegister)
                  00003620    0000002c     grlib.lib : string.obj (.text:GrFontBaselineGet)
                  0000364c    0000002a     driverlib.lib : gpio.obj (.text:GPIODirModeSet)
                  00003676    00000028     cfal96x64x16.obj (.text:CFAL96x64x16ColorTranslate)
                  0000369e    00000026     grlib.lib : string.obj (.text:GrFontInfoGet)
                  000036c4    00000022               : string.obj (.text:GrFontGlyphDataGet)
                  000036e6    00000002     --HOLE-- [fill = 0]
                  000036e8    00000020     driverlib.lib : uart.obj (.text:UARTDisable)
                  00003708    0000001e     grlib.lib : string.obj (.text:GrFontCodepageGet)
                  00003726    0000001c     comparator.obj (.text:ComparatorIntEnable)
                  00003742    0000001c     rtsv7M4_T_le_v4SPD16_eabi.lib : memccpy.obj (.text)
                  0000375e    0000001a     comparator.obj (.text:ComparatorConfigure)
                  00003778    00000018     driverlib.lib : gpio.obj (.text:GPIOPinTypeGPIOOutput)
                  00003790    00000018     rtsv7M4_T_le_v4SPD16_eabi.lib : args_main.obj (.text)
                  000037a8    00000016     comparator.obj (.text:ComparatorIntClear)
                  000037be    00000016     grlib.lib : string.obj (.text:GrStringDraw)
                  000037d4    00000016     rtsv7M4_T_le_v4SPD16_eabi.lib : strchr.obj (.text)
                  000037ea    00000014     driverlib.lib : uart.obj (.text:UARTEnable)
                  000037fe    00000002     --HOLE-- [fill = 0]
                  00003800    00000014     rtsv7M4_T_le_v4SPD16_eabi.lib : _lock.obj (.text)
                  00003814    00000014                                   : s_copysign.obj (.text)
                  00003828    00000014                                   : strlen.obj (.text)
                  0000383c    00000012     comparator.obj (.text:ComparatorRefSet)
                  0000384e    00000012     driverlib.lib : gpio.obj (.text:GPIOPinTypeComparator)
                  00003860    00000012                   : gpio.obj (.text:GPIOPinTypeUART)
                  00003872    00000002     --HOLE-- [fill = 0]
                  00003874    00000010                   : fpu.obj (.text:FPULazyStackingEnable)
                  00003884    00000010                   : interrupt.obj (.text:IntMasterDisable)
                  00003894    00000010                   : interrupt.obj (.text:IntMasterEnable)
                  000038a4    00000010     rtsv7M4_T_le_v4SPD16_eabi.lib : tolower.obj (.text)
                  000038b4    0000000e     driverlib.lib : uart.obj (.text:UARTCharGetNonBlocking)
                  000038c2    0000000e                   : uart.obj (.text:UARTCharsAvail)
                  000038d0    0000000e     rtsv7M4_T_le_v4SPD16_eabi.lib : copy_decompress_none.obj (.text:decompress:none)
                  000038de    0000000c     driverlib.lib : cpu.obj (.text:CPUcpsid)
                  000038ea    0000000c                   : cpu.obj (.text:CPUcpsie)
                  000038f6    0000000c     rtsv7M4_T_le_v4SPD16_eabi.lib : copy_zero_init.obj (.text:decompress:ZI)
                  00003902    0000000a     cfal96x64x16.obj (.text:CFAL96x64x16Flush)
                  0000390c    0000000a     driverlib.lib : uart.obj (.text:UARTCharPut)
                  00003916    0000000a                   : uart.obj (.text:UARTIntStatus)
                  00003920    00000008     grlib.lib : charmap.obj (.text:GrMapISO8859_1_Unicode)
                  00003928    00000008     driverlib.lib : uart.obj (.text:UARTIntEnable)
                  00003930    00000006                   : gpio.obj (.text:GPIOPinWrite)
                  00003936    00000006     grlib.lib : string.obj (.text:GrContextFontSet)
                  0000393c    00000006     startup_ccs.obj (.text:ResetISR)
                  00003942    00000006     driverlib.lib : sysctl.obj (.text:SysCtlDelay)
                  00003948    00000004                   : uart.obj (.text:UARTIntClear)
                  0000394c    00000004     rtsv7M4_T_le_v4SPD16_eabi.lib : pre_init.obj (.text)

.const     0    00003950    000005d8     
                  00003950    000002f8     grlib.lib : fontfixed6x8.obj (.const:.string:g_pui8FontFixed6x8Data)
                  00003c48    00000101     rtsv7M4_T_le_v4SPD16_eabi.lib : ctype.obj (.const:.string:_ctypes_)
                  00003d49    00000003     --HOLE-- [fill = 0]
                  00003d4c    000000c8     grlib.lib : fontfixed6x8.obj (.const:g_sFontFixed6x8)
                  00003e14    00000070     driverlib.lib : interrupt.obj (.const)
                  00003e84    0000006c                   : sysctl.obj (.const:g_pui32Xtals)
                  00003ef0    00000028     cfal96x64x16.obj (.const:g_sCFAL96x64x16)
                  00003f18    00000010     grlib.lib : context.obj (.const)

.cinit     0    00003f28    00000060     
                  00003f28    00000026     (.cinit..data.load) [load image, compression = lzss]
                  00003f4e    00000002     --HOLE-- [fill = 0]
                  00003f50    0000000c     (__TI_handler_table)
                  00003f5c    00000004     --HOLE-- [fill = 0]
                  00003f60    00000008     (.cinit..bss.load) [load image, compression = zero_init]
                  00003f68    00000008     (.cinit..vtable.load) [load image, compression = zero_init]
                  00003f70    00000018     (__TI_cinit_table)

.init_array 
*          0    00000000    00000000     UNINITIALIZED

.vtable    0    20000000    0000026c     UNINITIALIZED
                  20000000    0000026c     driverlib.lib : interrupt.obj (.vtable)

.stack     0    2000026c    00000400     UNINITIALIZED
                  2000026c    00000400     --HOLE--

.bss       0    2000066c    00000039     UNINITIALIZED
                  2000066c    0000002c     (.common:sContext)
                  20000698    00000004     (.common:characterFromComputer)
                  2000069c    00000004     (.common:g_psGrLibDefaults)
                  200006a0    00000004     (.common:timesCrossed1Point6Volts)
                  200006a4    00000001     (.common:menuSelection)

.data      0    200006a8    00000030     UNINITIALIZED
                  200006a8    00000013     cfal96x64x16.obj (.data:g_ui8DisplayInitCommands)
                  200006bb    00000001     --HOLE--
                  200006bc    0000000c     rtsv7M4_T_le_v4SPD16_eabi.lib : exit.obj (.data:$O1$$)
                  200006c8    00000008                                   : _lock.obj (.data:$O1$$)
                  200006d0    00000004                                   : errno.obj (.data)
                  200006d4    00000004                                   : stkdepth_vars.obj (.data)

MODULE SUMMARY

       Module                     code    ro data   rw data
       ------                     ----    -------   -------
    .\
       Lab5_Interrupts.obj        1132    0         53     
       startup_ccs.obj            12      620       0      
    +--+--------------------------+-------+---------+---------+
       Total:                     1144    620       53     
                                                           
    .\drivers\
       cfal96x64x16.obj           1674    40        19     
    +--+--------------------------+-------+---------+---------+
       Total:                     1674    40        19     
                                                           
    .\drivers\UART\
       personalUART.obj           112     0         0      
    +--+--------------------------+-------+---------+---------+
       Total:                     112     0         0      
                                                           
    .\drivers\comparator\
       comparator.obj             250     0         0      
    +--+--------------------------+-------+---------+---------+
       Total:                     250     0         0      
                                                           
    C:/ti/TivaWare_C_Series-2.1.3.156/driverlib/ccs/Debug/driverlib.lib
       interrupt.obj              188     112       620    
       sysctl.obj                 630     108       0      
       gpio.obj                   414     0         0      
       uart.obj                   182     0         0      
       cpu.obj                    24      0         0      
       fpu.obj                    16      0         0      
    +--+--------------------------+-------+---------+---------+
       Total:                     1454    220       620    
                                                           
    C:/ti/TivaWare_C_Series-2.1.3.156/grlib/ccs/Debug/grlib.lib
       string.obj                 1334    0         0      
       fontfixed6x8.obj           0       960       0      
       rectangle.obj              134     0         0      
       context.obj                104     16        4      
       charmap.obj                8       0         0      
    +--+--------------------------+-------+---------+---------+
       Total:                     1580    976       4      
                                                           
    C:\ti\ccsv7\tools\compiler\ti-cgt-arm_16.9.6.LTS\lib\rtsv7M4_T_le_v4SPD16_eabi.lib
       _printfi.obj               4414    0         0      
       ull_div_t2.obj             500     0         0      
       fd_add_t2.obj              438     0         0      
       fd_div_t2.obj              310     0         0      
       fd_cmp_t2.obj              268     0         0      
       ctype.obj                  0       257       0      
       fd_mul_t2.obj              252     0         0      
       s_scalbn.obj               252     0         0      
       memcpy_t2.obj              156     0         0      
       memset_t2.obj              122     0         0      
       autoinit.obj               112     0         0      
       copy_decompress_lzss.obj   104     0         0      
       s_frexp.obj                100     0         0      
       exit.obj                   84      0         12     
       sprintf.obj                96      0         0      
       boot.obj                   84      0         0      
       ltoa.obj                   84      0         0      
       atoi.obj                   76      0         0      
       cpy_tbl.obj                76      0         0      
       fd_toi_t2.obj              72      0         0      
       i_tofd_t2.obj              46      0         0      
       _lock.obj                  20      0         8      
       memccpy.obj                28      0         0      
       args_main.obj              24      0         0      
       strchr.obj                 22      0         0      
       s_copysign.obj             20      0         0      
       strlen.obj                 20      0         0      
       tolower.obj                16      0         0      
       copy_decompress_none.obj   14      0         0      
       copy_zero_init.obj         12      0         0      
       errno.obj                  0       0         4      
       pre_init.obj               4       0         0      
       stkdepth_vars.obj          0       0         4      
       mpu_init.obj               2       0         0      
       startup.obj                2       0         0      
    +--+--------------------------+-------+---------+---------+
       Total:                     7830    257       28     
                                                           
       Stack:                     0       0         1024   
       Linker Generated:          0       90        0      
    +--+--------------------------+-------+---------+---------+
       Grand Total:               14044   2203      1748   


LINKER GENERATED COPY TABLES

__TI_cinit_table @ 00003f70 records: 3, size/record: 8, table size: 24
	.data: load addr=00003f28, load size=00000026 bytes, run addr=200006a8, run size=00000030 bytes, compression=lzss
	.bss: load addr=00003f60, load size=00000008 bytes, run addr=2000066c, run size=00000039 bytes, compression=zero_init
	.vtable: load addr=00003f68, load size=00000008 bytes, run addr=20000000, run size=0000026c bytes, compression=zero_init


LINKER GENERATED HANDLER TABLE

__TI_handler_table @ 00003f50 records: 3, size/record: 4, table size: 12
	index: 0, handler: __TI_zero_init
	index: 1, handler: __TI_decompress_lzss
	index: 2, handler: __TI_decompress_none


GLOBAL SYMBOLS: SORTED ALPHABETICALLY BY Name 

address   name                           
-------   ----                           
0000310d  C$$EXIT                        
000019b1  CFAL96x64x16Init               
000038df  CPUcpsid                       
000038eb  CPUcpsie                       
0000375f  ComparatorConfigure            
000037a9  ComparatorIntClear             
00003727  ComparatorIntEnable            
000035f5  ComparatorIntRegister          
0000383d  ComparatorRefSet               
00003875  FPULazyStackingEnable          
0000364d  GPIODirModeSet                 
00001e55  GPIOPadConfigSet               
0000384f  GPIOPinTypeComparator          
00003779  GPIOPinTypeGPIOOutput          
00003861  GPIOPinTypeUART                
00003931  GPIOPinWrite                   
00003937  GrContextFontSet               
00002d39  GrContextInit                  
000027c9  GrDefaultStringRenderer        
00003621  GrFontBaselineGet              
00003709  GrFontCodepageGet              
000036c5  GrFontGlyphDataGet             
000013ab  GrFontGlyphRender              
0000369f  GrFontInfoGet                  
00003921  GrMapISO8859_1_Unicode         
000029dd  GrRectFill                     
000037bf  GrStringDraw                   
00003599  GrStringNextCharGet            
00002da1  GrStringWidthGet               
00003451  IntComp0                       
00002e09  IntEnable                      
00003885  IntMasterDisable               
00003895  IntMasterEnable                
00003501  IntRegister                    
00003335  IntUART0                       
0000393d  ResetISR                       
UNDEFED   SHT$$INIT_ARRAY$$Base          
UNDEFED   SHT$$INIT_ARRAY$$Limit         
00001f89  SysCtlClockGet                 
00002291  SysCtlClockSet                 
00003943  SysCtlDelay                    
00003535  SysCtlPeripheralEnable         
000034c9  SysCtlPeripheralReady          
000038b5  UARTCharGetNonBlocking         
0000390d  UARTCharPut                    
000038c3  UARTCharsAvail                 
000033c5  UARTConfigSetExpClk            
000036e9  UARTDisable                    
000037eb  UARTEnable                     
00003949  UARTIntClear                   
00003929  UARTIntEnable                  
00003917  UARTIntStatus                  
00003569  UARTSend                       
2000066c  __STACK_END                    
00000400  __STACK_SIZE                   
2000066c  __STACK_TOP                    
00003f70  __TI_CINIT_Base                
00003f88  __TI_CINIT_Limit               
00003f50  __TI_Handler_Table_Base        
00003f5c  __TI_Handler_Table_Limit       
00002be9  __TI_auto_init                 
200006bc  __TI_cleanup_ptr               
00002e71  __TI_decompress_lzss           
000038d1  __TI_decompress_none           
200006c0  __TI_dtors_ptr                 
200006c4  __TI_enable_exit_profile_output
ffffffff  __TI_pprof_out_hndl            
00000ab1  __TI_printfi                   
ffffffff  __TI_prof_data_size            
ffffffff  __TI_prof_data_start           
00000000  __TI_static_base__             
000038f7  __TI_zero_init                 
00002a63  __aeabi_cdcmpeq                
00002a63  __aeabi_cdcmple                
00002ae9  __aeabi_cdrcmple               
0000337d  __aeabi_d2iz                   
00001b73  __aeabi_dadd                   
00001d1f  __aeabi_ddiv                   
00002099  __aeabi_dmul                   
00001b69  __aeabi_dsub                   
000035c7  __aeabi_i2d                    
00002b6f  __aeabi_memclr                 
00002b6f  __aeabi_memclr4                
00002b6f  __aeabi_memclr8                
00002941  __aeabi_memcpy                 
00002941  __aeabi_memcpy4                
00002941  __aeabi_memcpy8                
00002b71  __aeabi_memset                 
00002b71  __aeabi_memset4                
00002b71  __aeabi_memset8                
000015ff  __aeabi_uldivmod               
ffffffff  __binit__                      
ffffffff  __c_args__                     
00003333  __mpu_init                     
2000026c  __stack                        
00003791  _args_main                     
000030b9  _c_int00                       
00003c48  _ctypes_                       
200006c8  _lock                          
0000380f  _nop                           
00003807  _register_lock                 
00003801  _register_unlock               
0000344f  _system_post_cinit             
0000394d  _system_pre_init               
200006cc  _unlock                        
00003111  abort                          
00003251  atoi                           
ffffffff  binit                          
20000698  characterFromComputer          
00003205  clearBlack                     
0000329d  copy_in                        
00003815  copysign                       
00003815  copysignl                      
00002385  diplayInfoOnBoard              
00002545  diplaySplashOnOLED             
200006d0  errno                          
00003119  exit                           
00002ed9  frexp                          
00002ed9  frexpl                         
20000000  g_pfnRAMVectors                
00000000  g_pfnVectors                   
00003f18  g_psDefaultCodePointMapTable   
00003ef0  g_sCFAL96x64x16                
00003d4c  g_sFontFixed6x8                
00002195  ldexp                          
00002195  ldexpl                         
00003161  ltoa                           
0000261d  main                           
200006d4  main_func_sp                   
00003743  memccpy                        
00002941  memcpy                         
00002b77  memset                         
200006a4  menuSelection                  
000026f5  printMainMenu                  
2000066c  sContext                       
00002195  scalbn                         
00002195  scalbnl                        
00002c59  setupComparator                
00002cc9  setupUART                      
00002ffd  sprintf                        
000037d5  strchr                         
00003829  strlen                         
200006a0  timesCrossed1Point6Volts       
000038a5  tolower                        


GLOBAL SYMBOLS: SORTED BY Symbol Address 

address   name                           
-------   ----                           
00000000  __TI_static_base__             
00000000  g_pfnVectors                   
00000400  __STACK_SIZE                   
00000ab1  __TI_printfi                   
000013ab  GrFontGlyphRender              
000015ff  __aeabi_uldivmod               
000019b1  CFAL96x64x16Init               
00001b69  __aeabi_dsub                   
00001b73  __aeabi_dadd                   
00001d1f  __aeabi_ddiv                   
00001e55  GPIOPadConfigSet               
00001f89  SysCtlClockGet                 
00002099  __aeabi_dmul                   
00002195  ldexp                          
00002195  ldexpl                         
00002195  scalbn                         
00002195  scalbnl                        
00002291  SysCtlClockSet                 
00002385  diplayInfoOnBoard              
00002545  diplaySplashOnOLED             
0000261d  main                           
000026f5  printMainMenu                  
000027c9  GrDefaultStringRenderer        
00002941  __aeabi_memcpy                 
00002941  __aeabi_memcpy4                
00002941  __aeabi_memcpy8                
00002941  memcpy                         
000029dd  GrRectFill                     
00002a63  __aeabi_cdcmpeq                
00002a63  __aeabi_cdcmple                
00002ae9  __aeabi_cdrcmple               
00002b6f  __aeabi_memclr                 
00002b6f  __aeabi_memclr4                
00002b6f  __aeabi_memclr8                
00002b71  __aeabi_memset                 
00002b71  __aeabi_memset4                
00002b71  __aeabi_memset8                
00002b77  memset                         
00002be9  __TI_auto_init                 
00002c59  setupComparator                
00002cc9  setupUART                      
00002d39  GrContextInit                  
00002da1  GrStringWidthGet               
00002e09  IntEnable                      
00002e71  __TI_decompress_lzss           
00002ed9  frexp                          
00002ed9  frexpl                         
00002ffd  sprintf                        
000030b9  _c_int00                       
0000310d  C$$EXIT                        
00003111  abort                          
00003119  exit                           
00003161  ltoa                           
00003205  clearBlack                     
00003251  atoi                           
0000329d  copy_in                        
00003333  __mpu_init                     
00003335  IntUART0                       
0000337d  __aeabi_d2iz                   
000033c5  UARTConfigSetExpClk            
0000344f  _system_post_cinit             
00003451  IntComp0                       
000034c9  SysCtlPeripheralReady          
00003501  IntRegister                    
00003535  SysCtlPeripheralEnable         
00003569  UARTSend                       
00003599  GrStringNextCharGet            
000035c7  __aeabi_i2d                    
000035f5  ComparatorIntRegister          
00003621  GrFontBaselineGet              
0000364d  GPIODirModeSet                 
0000369f  GrFontInfoGet                  
000036c5  GrFontGlyphDataGet             
000036e9  UARTDisable                    
00003709  GrFontCodepageGet              
00003727  ComparatorIntEnable            
00003743  memccpy                        
0000375f  ComparatorConfigure            
00003779  GPIOPinTypeGPIOOutput          
00003791  _args_main                     
000037a9  ComparatorIntClear             
000037bf  GrStringDraw                   
000037d5  strchr                         
000037eb  UARTEnable                     
00003801  _register_unlock               
00003807  _register_lock                 
0000380f  _nop                           
00003815  copysign                       
00003815  copysignl                      
00003829  strlen                         
0000383d  ComparatorRefSet               
0000384f  GPIOPinTypeComparator          
00003861  GPIOPinTypeUART                
00003875  FPULazyStackingEnable          
00003885  IntMasterDisable               
00003895  IntMasterEnable                
000038a5  tolower                        
000038b5  UARTCharGetNonBlocking         
000038c3  UARTCharsAvail                 
000038d1  __TI_decompress_none           
000038df  CPUcpsid                       
000038eb  CPUcpsie                       
000038f7  __TI_zero_init                 
0000390d  UARTCharPut                    
00003917  UARTIntStatus                  
00003921  GrMapISO8859_1_Unicode         
00003929  UARTIntEnable                  
00003931  GPIOPinWrite                   
00003937  GrContextFontSet               
0000393d  ResetISR                       
00003943  SysCtlDelay                    
00003949  UARTIntClear                   
0000394d  _system_pre_init               
00003c48  _ctypes_                       
00003d4c  g_sFontFixed6x8                
00003ef0  g_sCFAL96x64x16                
00003f18  g_psDefaultCodePointMapTable   
00003f50  __TI_Handler_Table_Base        
00003f5c  __TI_Handler_Table_Limit       
00003f70  __TI_CINIT_Base                
00003f88  __TI_CINIT_Limit               
20000000  g_pfnRAMVectors                
2000026c  __stack                        
2000066c  __STACK_END                    
2000066c  __STACK_TOP                    
2000066c  sContext                       
20000698  characterFromComputer          
200006a0  timesCrossed1Point6Volts       
200006a4  menuSelection                  
200006bc  __TI_cleanup_ptr               
200006c0  __TI_dtors_ptr                 
200006c4  __TI_enable_exit_profile_output
200006c8  _lock                          
200006cc  _unlock                        
200006d0  errno                          
200006d4  main_func_sp                   
ffffffff  __TI_pprof_out_hndl            
ffffffff  __TI_prof_data_size            
ffffffff  __TI_prof_data_start           
ffffffff  __binit__                      
ffffffff  __c_args__                     
ffffffff  binit                          
UNDEFED   SHT$$INIT_ARRAY$$Base          
UNDEFED   SHT$$INIT_ARRAY$$Limit         

[144 symbols]
