******************************************************************************
                  TI ARM Linker PC v16.9.6                     
******************************************************************************
>> Linked Tue Feb 20 11:29:59 2018

OUTPUT FILE NAME:   <CEC322_Hostetter_Link_Lab05.out>
ENTRY POINT SYMBOL: "_c_int00"  address: 00001389


MEMORY CONFIGURATION

         name            origin    length      used     unused   attr    fill
----------------------  --------  ---------  --------  --------  ----  --------
  FLASH                 00000000   00040000  00001e10  0003e1f0  R  X
  SRAM                  20000000   00008000  0000046c  00007b94  RW X


SEGMENT ALLOCATION MAP

run origin  load origin   length   init length attrs members
----------  ----------- ---------- ----------- ----- -------
00000000    00000000    00001e10   00001e10    r-x
  00000000    00000000    0000026c   0000026c    r-- .intvecs
  0000026c    0000026c    000016f0   000016f0    r-x .text
  0000195c    0000195c    00000464   00000464    r-- .const
  00001dc0    00001dc0    00000050   00000050    r-- .cinit
20000000    20000000    0000046c   00000000    rw-
  20000000    20000000    00000400   00000000    rw- .stack
  20000400    20000400    0000003c   00000000    rw- .bss
  2000043c    2000043c    00000030   00000000    rw- .data


SECTION ALLOCATION MAP

 output                                  attributes/
section   page    origin      length       input sections
--------  ----  ----------  ----------   ----------------
.intvecs   0    00000000    0000026c     
                  00000000    0000026c     startup_ccs.obj (.intvecs)

.text      0    0000026c    000016f0     
                  0000026c    00000448     Lab5_Interrupts.obj (.text:main)
                  000006b4    00000254     grlib.lib : string.obj (.text:GrFontGlyphRender)
                  00000908    0000013a     cfal96x64x16.obj (.text:CFAL96x64x16PixelDrawMultiple$2)
                  00000a42    00000132     driverlib.lib : gpio.obj (.text:GPIOPadConfigSet)
                  00000b74    00000110                   : sysctl.obj (.text:SysCtlClockGet)
                  00000c84    000000f4                   : sysctl.obj (.text:SysCtlClockSet)
                  00000d78    000000c0     grlib.lib : string.obj (.text:GrDefaultStringRenderer)
                  00000e38    000000b4     Lab5_Interrupts.obj (.text:diplaySplashOnOLED)
                  00000eec    0000009c     rtsv7M4_T_le_v4SPD16_eabi.lib : memcpy_t2.obj (.text)
                  00000f88    0000008e     cfal96x64x16.obj (.text:CFAL96x64x16LineDrawV$2)
                  00001016    00000086     grlib.lib : rectangle.obj (.text:GrRectFill)
                  0000109c    0000007a     rtsv7M4_T_le_v4SPD16_eabi.lib : memset_t2.obj (.text)
                  00001116    00000002     cfal96x64x16.obj (.text:CFAL96x64x16Flush$2)
                  00001118    00000070     rtsv7M4_T_le_v4SPD16_eabi.lib : autoinit.obj (.text)
                  00001188    0000006c     cfal96x64x16.obj (.text:CFAL96x64x16LineDrawH$2)
                  000011f4    00000068     grlib.lib : context.obj (.text:GrContextInit)
                  0000125c    00000068               : string.obj (.text:GrStringWidthGet)
                  000012c4    00000068     rtsv7M4_T_le_v4SPD16_eabi.lib : copy_decompress_lzss.obj (.text:decompress:lzss)
                  0000132c    0000005a     grlib.lib : string.obj (.text:FontWideGlyphDataGet)
                  00001386    00000002     startup_ccs.obj (.text:FaultISR)
                  00001388    00000054     rtsv7M4_T_le_v4SPD16_eabi.lib : boot.obj (.text)
                  000013dc    00000054                                   : exit.obj (.text)
                  00001430    00000050     cfal96x64x16.obj (.text:CFAL96x64x16WriteCommand$2)
                  00001480    00000050     cfal96x64x16.obj (.text:CFAL96x64x16WriteData$2)
                  000014d0    0000004c     rtsv7M4_T_le_v4SPD16_eabi.lib : cpy_tbl.obj (.text)
                  0000151c    0000004a     grlib.lib : string.obj (.text:UpdateContextCharMapping)
                  00001566    00000046     driverlib.lib : uart.obj (.text:UARTConfigSetExpClk)
                  000015ac    0000003a     grlib.lib : string.obj (.text:FontGlyphDataGet)
                  000015e6    00000002     startup_ccs.obj (.text:IntDefaultHandler)
                  000015e8    00000038     driverlib.lib : sysctl.obj (.text:SysCtlPeripheralReady)
                  00001620    00000038     Lab5_Interrupts.obj (.text:clearBlack)
                  00001658    00000034     driverlib.lib : sysctl.obj (.text:SysCtlPeripheralEnable)
                  0000168c    00000032     cfal96x64x16.obj (.text:CFAL96x64x16PixelDraw$2)
                  000016be    0000002e     grlib.lib : string.obj (.text:GrStringNextCharGet)
                  000016ec    0000002c               : string.obj (.text:GrFontBaselineGet)
                  00001718    0000002c     Lab5_Interrupts.obj (.text:UARTSend)
                  00001744    0000002a     cfal96x64x16.obj (.text:CFAL96x64x16RectFill$2)
                  0000176e    0000002a     driverlib.lib : gpio.obj (.text:GPIODirModeSet)
                  00001798    00000026     grlib.lib : string.obj (.text:GrFontInfoGet)
                  000017be    00000022               : string.obj (.text:GrFontGlyphDataGet)
                  000017e0    00000020     driverlib.lib : uart.obj (.text:UARTDisable)
                  00001800    0000001e     grlib.lib : string.obj (.text:GrFontCodepageGet)
                  0000181e    00000018     driverlib.lib : adc.obj (.text:ADCProcessorTrigger)
                  00001836    00000018                   : gpio.obj (.text:GPIOPinTypeGPIOOutput)
                  0000184e    00000002     startup_ccs.obj (.text:NmiSR)
                  00001850    00000018     rtsv7M4_T_le_v4SPD16_eabi.lib : args_main.obj (.text)
                  00001868    00000016     cfal96x64x16.obj (.text:CFAL96x64x16ColorTranslate$2)
                  0000187e    00000016     grlib.lib : string.obj (.text:GrStringDraw)
                  00001894    00000014     driverlib.lib : uart.obj (.text:UARTEnable)
                  000018a8    00000010                   : fpu.obj (.text:FPULazyStackingEnable)
                  000018b8    00000010                   : interrupt.obj (.text:IntMasterDisable)
                  000018c8    00000010                   : interrupt.obj (.text:IntMasterEnable)
                  000018d8    0000000e                   : timer.obj (.text:TimerEnable)
                  000018e6    0000000e     rtsv7M4_T_le_v4SPD16_eabi.lib : copy_decompress_none.obj (.text:decompress:none)
                  000018f4    0000000c     driverlib.lib : cpu.obj (.text:CPUcpsid)
                  00001900    0000000c                   : cpu.obj (.text:CPUcpsie)
                  0000190c    0000000c     rtsv7M4_T_le_v4SPD16_eabi.lib : copy_zero_init.obj (.text:decompress:ZI)
                  00001918    0000000a     driverlib.lib : adc.obj (.text:ADCIntClear)
                  00001922    0000000a                   : uart.obj (.text:UARTCharPut)
                  0000192c    00000008     grlib.lib : charmap.obj (.text:GrMapISO8859_1_Unicode)
                  00001934    00000006     driverlib.lib : gpio.obj (.text:GPIOPinRead)
                  0000193a    00000006                   : gpio.obj (.text:GPIOPinWrite)
                  00001940    00000006     grlib.lib : string.obj (.text:GrContextFontSet)
                  00001946    00000006     startup_ccs.obj (.text:ResetISR)
                  0000194c    00000006     driverlib.lib : sysctl.obj (.text:SysCtlDelay)
                  00001952    00000004     rtsv7M4_T_le_v4SPD16_eabi.lib : pre_init.obj (.text)
                  00001956    00000002                                   : _lock.obj (.text)
                  00001958    00000002                                   : mpu_init.obj (.text)
                  0000195a    00000002                                   : startup.obj (.text)

.const     0    0000195c    00000464     
                  0000195c    000002f8     grlib.lib : fontfixed6x8.obj (.const:.string:g_pui8FontFixed6x8Data)
                  00001c54    000000c8               : fontfixed6x8.obj (.const:g_sFontFixed6x8)
                  00001d1c    0000006c     driverlib.lib : sysctl.obj (.const:g_pui32Xtals)
                  00001d88    00000028     cfal96x64x16.obj (.const:g_sCFAL96x64x16)
                  00001db0    00000010     grlib.lib : context.obj (.const)

.cinit     0    00001dc0    00000050     
                  00001dc0    00000027     (.cinit..data.load) [load image, compression = lzss]
                  00001de7    00000001     --HOLE-- [fill = 0]
                  00001de8    0000000c     (__TI_handler_table)
                  00001df4    00000004     --HOLE-- [fill = 0]
                  00001df8    00000008     (.cinit..bss.load) [load image, compression = zero_init]
                  00001e00    00000010     (__TI_cinit_table)

.init_array 
*          0    00000000    00000000     UNINITIALIZED

.stack     0    20000000    00000400     UNINITIALIZED
                  20000000    00000400     --HOLE--

.bss       0    20000400    0000003c     UNINITIALIZED
                  20000400    00000038     Lab5_Interrupts.obj (.bss:$O1$$)
                  20000438    00000004     (.common:g_psGrLibDefaults)

.data      0    2000043c    00000030     UNINITIALIZED
                  2000043c    00000013     cfal96x64x16.obj (.data:g_ui8DisplayInitCommands$2)
                  2000044f    00000001     --HOLE--
                  20000450    0000000c     rtsv7M4_T_le_v4SPD16_eabi.lib : exit.obj (.data:$O1$$)
                  2000045c    00000008                                   : _lock.obj (.data:$O3$$)
                  20000464    00000004     buttons.obj (.data:$O2$$)
                  20000468    00000004     rtsv7M4_T_le_v4SPD16_eabi.lib : stkdepth_vars.obj (.data)

MODULE SUMMARY

       Module                     code   ro data   rw data
       ------                     ----   -------   -------
    .\
       Lab5_Interrupts.obj        1376   0         56     
       startup_ccs.obj            12     620       0      
    +--+--------------------------+------+---------+---------+
       Total:                     1388   620       56     
                                                          
    .\drivers\
       cfal96x64x16.obj           840    40        19     
       buttons.obj                0      0         4      
    +--+--------------------------+------+---------+---------+
       Total:                     840    40        23     
                                                          
    C:/ti/TivaWare_C_Series-2.1.3.156/driverlib/ccs/Debug/driverlib.lib
       sysctl.obj                 630    108       0      
       gpio.obj                   384    0         0      
       uart.obj                   132    0         0      
       adc.obj                    34     0         0      
       interrupt.obj              32     0         0      
       cpu.obj                    24     0         0      
       fpu.obj                    16     0         0      
       timer.obj                  14     0         0      
    +--+--------------------------+------+---------+---------+
       Total:                     1266   108       0      
                                                          
    C:/ti/TivaWare_C_Series-2.1.3.156/grlib/ccs/Debug/grlib.lib
       string.obj                 1334   0         0      
       fontfixed6x8.obj           0      960       0      
       rectangle.obj              134    0         0      
       context.obj                104    16        4      
       charmap.obj                8      0         0      
    +--+--------------------------+------+---------+---------+
       Total:                     1580   976       4      
                                                          
    C:\ti\ccsv7\tools\compiler\ti-cgt-arm_16.9.6.LTS\lib\rtsv7M4_T_le_v4SPD16_eabi.lib
       memcpy_t2.obj              156    0         0      
       memset_t2.obj              122    0         0      
       autoinit.obj               112    0         0      
       copy_decompress_lzss.obj   104    0         0      
       exit.obj                   84     0         12     
       boot.obj                   84     0         0      
       cpy_tbl.obj                76     0         0      
       args_main.obj              24     0         0      
       copy_decompress_none.obj   14     0         0      
       copy_zero_init.obj         12     0         0      
       _lock.obj                  2      0         8      
       pre_init.obj               4      0         0      
       stkdepth_vars.obj          0      0         4      
       mpu_init.obj               2      0         0      
       startup.obj                2      0         0      
    +--+--------------------------+------+---------+---------+
       Total:                     798    0         24     
                                                          
       Stack:                     0      0         1024   
       Linker Generated:          0      75        0      
    +--+--------------------------+------+---------+---------+
       Grand Total:               5872   1819      1131   


LINKER GENERATED COPY TABLES

__TI_cinit_table @ 00001e00 records: 2, size/record: 8, table size: 16
	.data: load addr=00001dc0, load size=00000027 bytes, run addr=2000043c, run size=00000030 bytes, compression=lzss
	.bss: load addr=00001df8, load size=00000008 bytes, run addr=20000400, run size=0000003c bytes, compression=zero_init


LINKER GENERATED HANDLER TABLE

__TI_handler_table @ 00001de8 records: 3, size/record: 4, table size: 12
	index: 0, handler: __TI_decompress_lzss
	index: 1, handler: __TI_decompress_none
	index: 2, handler: __TI_zero_init


GLOBAL SYMBOLS: SORTED ALPHABETICALLY BY Name 

address   name                           
-------   ----                           
00001919  ADCIntClear                    
0000181f  ADCProcessorTrigger            
000013dd  C$$EXIT                        
000018f5  CPUcpsid                       
00001901  CPUcpsie                       
000018a9  FPULazyStackingEnable          
0000176f  GPIODirModeSet                 
00000a43  GPIOPadConfigSet               
00001935  GPIOPinRead                    
00001837  GPIOPinTypeGPIOOutput          
0000193b  GPIOPinWrite                   
00001941  GrContextFontSet               
000011f5  GrContextInit                  
00000d79  GrDefaultStringRenderer        
000016ed  GrFontBaselineGet              
00001801  GrFontCodepageGet              
000017bf  GrFontGlyphDataGet             
000006b5  GrFontGlyphRender              
00001799  GrFontInfoGet                  
0000192d  GrMapISO8859_1_Unicode         
00001017  GrRectFill                     
0000187f  GrStringDraw                   
000016bf  GrStringNextCharGet            
0000125d  GrStringWidthGet               
000018b9  IntMasterDisable               
000018c9  IntMasterEnable                
00001947  ResetISR                       
UNDEFED   SHT$$INIT_ARRAY$$Base          
UNDEFED   SHT$$INIT_ARRAY$$Limit         
00000b75  SysCtlClockGet                 
00000c85  SysCtlClockSet                 
0000194d  SysCtlDelay                    
00001659  SysCtlPeripheralEnable         
000015e9  SysCtlPeripheralReady          
000018d9  TimerEnable                    
00001923  UARTCharPut                    
00001567  UARTConfigSetExpClk            
000017e1  UARTDisable                    
00001895  UARTEnable                     
00001719  UARTSend                       
20000400  __STACK_END                    
00000400  __STACK_SIZE                   
20000400  __STACK_TOP                    
00001e00  __TI_CINIT_Base                
00001e10  __TI_CINIT_Limit               
00001de8  __TI_Handler_Table_Base        
00001df4  __TI_Handler_Table_Limit       
00001119  __TI_auto_init                 
20000450  __TI_cleanup_ptr               
000012c5  __TI_decompress_lzss           
000018e7  __TI_decompress_none           
20000454  __TI_dtors_ptr                 
20000458  __TI_enable_exit_profile_output
ffffffff  __TI_pprof_out_hndl            
ffffffff  __TI_prof_data_size            
ffffffff  __TI_prof_data_start           
00000000  __TI_static_base__             
0000190d  __TI_zero_init                 
0000109d  __aeabi_memclr                 
0000109d  __aeabi_memclr4                
0000109d  __aeabi_memclr8                
00000eed  __aeabi_memcpy                 
00000eed  __aeabi_memcpy4                
00000eed  __aeabi_memcpy8                
0000109f  __aeabi_memset                 
0000109f  __aeabi_memset4                
0000109f  __aeabi_memset8                
ffffffff  __binit__                      
ffffffff  __c_args__                     
00001959  __mpu_init                     
20000000  __stack                        
00001851  _args_main                     
00001389  _c_int00                       
2000045c  _lock                          
00001957  _nop                           
0000195b  _system_post_cinit             
00001953  _system_pre_init               
20000460  _unlock                        
000013e1  abort                          
ffffffff  binit                          
00001621  clearBlack                     
000014d1  copy_in                        
00000e39  diplaySplashOnOLED             
000013e9  exit                           
00000000  g_pfnVectors                   
00001db0  g_psDefaultCodePointMapTable   
00001d88  g_sCFAL96x64x16                
00001c54  g_sFontFixed6x8                
0000026d  main                           
20000468  main_func_sp                   
00000eed  memcpy                         
000010a5  memset                         


GLOBAL SYMBOLS: SORTED BY Symbol Address 

address   name                           
-------   ----                           
00000000  __TI_static_base__             
00000000  g_pfnVectors                   
0000026d  main                           
00000400  __STACK_SIZE                   
000006b5  GrFontGlyphRender              
00000a43  GPIOPadConfigSet               
00000b75  SysCtlClockGet                 
00000c85  SysCtlClockSet                 
00000d79  GrDefaultStringRenderer        
00000e39  diplaySplashOnOLED             
00000eed  __aeabi_memcpy                 
00000eed  __aeabi_memcpy4                
00000eed  __aeabi_memcpy8                
00000eed  memcpy                         
00001017  GrRectFill                     
0000109d  __aeabi_memclr                 
0000109d  __aeabi_memclr4                
0000109d  __aeabi_memclr8                
0000109f  __aeabi_memset                 
0000109f  __aeabi_memset4                
0000109f  __aeabi_memset8                
000010a5  memset                         
00001119  __TI_auto_init                 
000011f5  GrContextInit                  
0000125d  GrStringWidthGet               
000012c5  __TI_decompress_lzss           
00001389  _c_int00                       
000013dd  C$$EXIT                        
000013e1  abort                          
000013e9  exit                           
000014d1  copy_in                        
00001567  UARTConfigSetExpClk            
000015e9  SysCtlPeripheralReady          
00001621  clearBlack                     
00001659  SysCtlPeripheralEnable         
000016bf  GrStringNextCharGet            
000016ed  GrFontBaselineGet              
00001719  UARTSend                       
0000176f  GPIODirModeSet                 
00001799  GrFontInfoGet                  
000017bf  GrFontGlyphDataGet             
000017e1  UARTDisable                    
00001801  GrFontCodepageGet              
0000181f  ADCProcessorTrigger            
00001837  GPIOPinTypeGPIOOutput          
00001851  _args_main                     
0000187f  GrStringDraw                   
00001895  UARTEnable                     
000018a9  FPULazyStackingEnable          
000018b9  IntMasterDisable               
000018c9  IntMasterEnable                
000018d9  TimerEnable                    
000018e7  __TI_decompress_none           
000018f5  CPUcpsid                       
00001901  CPUcpsie                       
0000190d  __TI_zero_init                 
00001919  ADCIntClear                    
00001923  UARTCharPut                    
0000192d  GrMapISO8859_1_Unicode         
00001935  GPIOPinRead                    
0000193b  GPIOPinWrite                   
00001941  GrContextFontSet               
00001947  ResetISR                       
0000194d  SysCtlDelay                    
00001953  _system_pre_init               
00001957  _nop                           
00001959  __mpu_init                     
0000195b  _system_post_cinit             
00001c54  g_sFontFixed6x8                
00001d88  g_sCFAL96x64x16                
00001db0  g_psDefaultCodePointMapTable   
00001de8  __TI_Handler_Table_Base        
00001df4  __TI_Handler_Table_Limit       
00001e00  __TI_CINIT_Base                
00001e10  __TI_CINIT_Limit               
20000000  __stack                        
20000400  __STACK_END                    
20000400  __STACK_TOP                    
20000450  __TI_cleanup_ptr               
20000454  __TI_dtors_ptr                 
20000458  __TI_enable_exit_profile_output
2000045c  _lock                          
20000460  _unlock                        
20000468  main_func_sp                   
ffffffff  __TI_pprof_out_hndl            
ffffffff  __TI_prof_data_size            
ffffffff  __TI_prof_data_start           
ffffffff  __binit__                      
ffffffff  __c_args__                     
ffffffff  binit                          
UNDEFED   SHT$$INIT_ARRAY$$Base          
UNDEFED   SHT$$INIT_ARRAY$$Limit         

[92 symbols]
